Archive member included to satisfy reference by file (symbol)

c:/program files (x86)/atmel/studio/7.0/toolchain/arm/arm-gnu-toolchain/bin/../lib/gcc/arm-none-eabi/6.3.1/thumb/v7-m\libgcc.a(_arm_addsubsf3.o)
                              unity/unity.o (__aeabi_fsub)
c:/program files (x86)/atmel/studio/7.0/toolchain/arm/arm-gnu-toolchain/bin/../lib/gcc/arm-none-eabi/6.3.1/thumb/v7-m\libgcc.a(_arm_muldivsf3.o)
                              unity/unity.o (__aeabi_fmul)
c:/program files (x86)/atmel/studio/7.0/toolchain/arm/arm-gnu-toolchain/bin/../lib/gcc/arm-none-eabi/6.3.1/thumb/v7-m\libgcc.a(_arm_cmpsf2.o)
                              unity/unity.o (__aeabi_fcmpeq)
c:/program files (x86)/atmel/studio/7.0/toolchain/arm/arm-gnu-toolchain/bin/../lib/gcc/arm-none-eabi/6.3.1/../../../../arm-none-eabi/lib/thumb/v7-m\libc.a(lib_a-exit.o)
                              c:/program files (x86)/atmel/studio/7.0/toolchain/arm/arm-gnu-toolchain/bin/../lib/gcc/arm-none-eabi/6.3.1/../../../../arm-none-eabi/lib/thumb/v7-m/crt0.o (exit)
c:/program files (x86)/atmel/studio/7.0/toolchain/arm/arm-gnu-toolchain/bin/../lib/gcc/arm-none-eabi/6.3.1/../../../../arm-none-eabi/lib/thumb/v7-m\libc.a(lib_a-impure.o)
                              c:/program files (x86)/atmel/studio/7.0/toolchain/arm/arm-gnu-toolchain/bin/../lib/gcc/arm-none-eabi/6.3.1/../../../../arm-none-eabi/lib/thumb/v7-m\libc.a(lib_a-exit.o) (_global_impure_ptr)
c:/program files (x86)/atmel/studio/7.0/toolchain/arm/arm-gnu-toolchain/bin/../lib/gcc/arm-none-eabi/6.3.1/../../../../arm-none-eabi/lib/thumb/v7-m\libc.a(lib_a-init.o)
                              c:/program files (x86)/atmel/studio/7.0/toolchain/arm/arm-gnu-toolchain/bin/../lib/gcc/arm-none-eabi/6.3.1/../../../../arm-none-eabi/lib/thumb/v7-m/crt0.o (__libc_init_array)
c:/program files (x86)/atmel/studio/7.0/toolchain/arm/arm-gnu-toolchain/bin/../lib/gcc/arm-none-eabi/6.3.1/../../../../arm-none-eabi/lib/thumb/v7-m\libc.a(lib_a-iprintf.o)
                              src/ASF/sam/drivers/adc/adc.o (iprintf)
c:/program files (x86)/atmel/studio/7.0/toolchain/arm/arm-gnu-toolchain/bin/../lib/gcc/arm-none-eabi/6.3.1/../../../../arm-none-eabi/lib/thumb/v7-m\libc.a(lib_a-memset.o)
                              c:/program files (x86)/atmel/studio/7.0/toolchain/arm/arm-gnu-toolchain/bin/../lib/gcc/arm-none-eabi/6.3.1/../../../../arm-none-eabi/lib/thumb/v7-m/crt0.o (memset)
c:/program files (x86)/atmel/studio/7.0/toolchain/arm/arm-gnu-toolchain/bin/../lib/gcc/arm-none-eabi/6.3.1/../../../../arm-none-eabi/lib/thumb/v7-m\libc.a(lib_a-puts.o)
                              src/ASF/sam/drivers/adc/adc.o (puts)
c:/program files (x86)/atmel/studio/7.0/toolchain/arm/arm-gnu-toolchain/bin/../lib/gcc/arm-none-eabi/6.3.1/../../../../arm-none-eabi/lib/thumb/v7-m\libc.a(lib_a-setbuf.o)
                              src/ASF/thirdparty/wireless/addons/sio2host/uart/sio2host.o (setbuf)
c:/program files (x86)/atmel/studio/7.0/toolchain/arm/arm-gnu-toolchain/bin/../lib/gcc/arm-none-eabi/6.3.1/../../../../arm-none-eabi/lib/thumb/v7-m\libc.a(lib_a-setjmp.o)
                              unity/unity.o (setjmp)
c:/program files (x86)/atmel/studio/7.0/toolchain/arm/arm-gnu-toolchain/bin/../lib/gcc/arm-none-eabi/6.3.1/../../../../arm-none-eabi/lib/thumb/v7-m\libc.a(lib_a-setvbuf.o)
                              c:/program files (x86)/atmel/studio/7.0/toolchain/arm/arm-gnu-toolchain/bin/../lib/gcc/arm-none-eabi/6.3.1/../../../../arm-none-eabi/lib/thumb/v7-m\libc.a(lib_a-setbuf.o) (setvbuf)
c:/program files (x86)/atmel/studio/7.0/toolchain/arm/arm-gnu-toolchain/bin/../lib/gcc/arm-none-eabi/6.3.1/../../../../arm-none-eabi/lib/thumb/v7-m\libc.a(lib_a-sprintf.o)
                              src/lcdApplication.o (sprintf)
c:/program files (x86)/atmel/studio/7.0/toolchain/arm/arm-gnu-toolchain/bin/../lib/gcc/arm-none-eabi/6.3.1/../../../../arm-none-eabi/lib/thumb/v7-m\libc.a(lib_a-strlen-stub.o)
                              c:/program files (x86)/atmel/studio/7.0/toolchain/arm/arm-gnu-toolchain/bin/../lib/gcc/arm-none-eabi/6.3.1/../../../../arm-none-eabi/lib/thumb/v7-m\libc.a(lib_a-puts.o) (strlen)
c:/program files (x86)/atmel/studio/7.0/toolchain/arm/arm-gnu-toolchain/bin/../lib/gcc/arm-none-eabi/6.3.1/../../../../arm-none-eabi/lib/thumb/v7-m\libc.a(lib_a-svfprintf.o)
                              c:/program files (x86)/atmel/studio/7.0/toolchain/arm/arm-gnu-toolchain/bin/../lib/gcc/arm-none-eabi/6.3.1/../../../../arm-none-eabi/lib/thumb/v7-m\libc.a(lib_a-sprintf.o) (_svfprintf_r)
c:/program files (x86)/atmel/studio/7.0/toolchain/arm/arm-gnu-toolchain/bin/../lib/gcc/arm-none-eabi/6.3.1/../../../../arm-none-eabi/lib/thumb/v7-m\libc.a(lib_a-vfiprintf.o)
                              c:/program files (x86)/atmel/studio/7.0/toolchain/arm/arm-gnu-toolchain/bin/../lib/gcc/arm-none-eabi/6.3.1/../../../../arm-none-eabi/lib/thumb/v7-m\libc.a(lib_a-iprintf.o) (_vfiprintf_r)
[...]
Memory Configuration

Name             Origin             Length             Attributes
rom              0x00080000         0x00080000         xr
sram0            0x20000000         0x00010000         xrw
sram1            0x20080000         0x00008000         xrw
ram              0x20070000         0x00018000         xrw
*default*        0x00000000         0xffffffff

Linker script and memory map

LOAD c:/program files (x86)/atmel/studio/7.0/toolchain/arm/arm-gnu-toolchain/bin/../lib/gcc/arm-none-eabi/6.3.1/thumb/v7-m/crti.o
LOAD c:/program files (x86)/atmel/studio/7.0/toolchain/arm/arm-gnu-toolchain/bin/../lib/gcc/arm-none-eabi/6.3.1/thumb/v7-m/crtbegin.o
LOAD c:/program files (x86)/atmel/studio/7.0/toolchain/arm/arm-gnu-toolchain/bin/../lib/gcc/arm-none-eabi/6.3.1/../../../../arm-none-eabi/lib/thumb/v7-m/crt0.o
LOAD src/adcFunctions.o
LOAD src/ASF/common/services/serial/usart_serial.o
LOAD src/ASF/common/utils/stdio/read.o
LOAD src/ASF/common/utils/stdio/write.o
LOAD src/ASF/sam/drivers/adc/adc.o
LOAD src/ASF/sam/drivers/adc/adc_sam3u.o
LOAD src/ASF/sam/drivers/tc/tc.o
LOAD src/ASF/sam/drivers/uart/uart.o
LOAD src/ASF/sam/drivers/usart/usart.o
LOAD src/ASF/thirdparty/wireless/addons/sio2host/uart/sio2host.o
LOAD src/buttons.o
LOAD src/ConsoleFunctions.o
LOAD src/DelayFunctions.o
LOAD src/lcdApplication.o
LOAD src/LCDFunctions.o
LOAD test/main.o
LOAD test/test_adcFunctions.o
LOAD test/test_buttons.o
LOAD test/test_delayFunctions.o
LOAD test/test_lcdApplication.o
LOAD test/test_lcdFunctions.o
LOAD unity/unity.o
LOAD src/ASF/common/services/clock/sam3x/sysclk.o
LOAD src/ASF/common/utils/interrupt/interrupt_sam_nvic.o
LOAD src/ASF/sam/boards/arduino_due_x/init.o
LOAD src/ASF/sam/drivers/pio/pio.o
LOAD src/ASF/sam/drivers/pio/pio_handler.o
LOAD src/ASF/sam/drivers/pmc/pmc.o
LOAD src/ASF/sam/drivers/pmc/sleep.o
LOAD src/ASF/sam/utils/cmsis/sam3x/source/templates/exceptions.o
LOAD src/ASF/sam/utils/cmsis/sam3x/source/templates/gcc/startup_sam3x.o
LOAD src/ASF/sam/utils/cmsis/sam3x/source/templates/system_sam3x.o
LOAD src/ASF/sam/utils/syscalls/gcc/syscalls.o
START GROUP
LOAD c:/program files (x86)/atmel/studio/7.0/toolchain/arm/arm-gnu-toolchain/bin/../lib/gcc/arm-none-eabi/6.3.1/../../../../arm-none-eabi/lib/thumb/v7-m\libm.a
END GROUP
START GROUP
LOAD c:/program files (x86)/atmel/studio/7.0/toolchain/arm/arm-gnu-toolchain/bin/../lib/gcc/arm-none-eabi/6.3.1/thumb/v7-m\libgcc.a
LOAD c:/program files (x86)/atmel/studio/7.0/toolchain/arm/arm-gnu-toolchain/bin/../lib/gcc/arm-none-eabi/6.3.1/../../../../arm-none-eabi/lib/thumb/v7-m\libc.a
END GROUP
LOAD c:/program files (x86)/atmel/studio/7.0/toolchain/arm/arm-gnu-toolchain/bin/../lib/gcc/arm-none-eabi/6.3.1/thumb/v7-m/crtend.o
LOAD c:/program files (x86)/atmel/studio/7.0/toolchain/arm/arm-gnu-toolchain/bin/../lib/gcc/arm-none-eabi/6.3.1/thumb/v7-m/crtn.o
                0x00002000                __stack_size__ = DEFINED (__stack_size__)?__stack_size__:0x2000
                0x20087ffc                __ram_end__ = ((ORIGIN (ram) + LENGTH (ram)) - 0x4)

.text           0x00080000     0x8d0c
                0x00080000                . = ALIGN (0x4)
                0x00080000                _sfixed = .
 *(.vectors .vectors.*)
 .vectors       0x00080000       0xf4 src/ASF/sam/utils/cmsis/sam3x/source/templates/gcc/startup_sam3x.o
                0x00080000                exception_table
 *(.text .text.* .gnu.linkonce.t.*)
 .text          0x000800f4       0x6c c:/program files (x86)/atmel/studio/7.0/toolchain/arm/arm-gnu-toolchain/bin/../lib/gcc/arm-none-eabi/6.3.1/thumb/v7-m/crtbegin.o
 .text.analogInit
                0x00080160       0x80 src/adcFunctions.o
                0x00080160                analogInit
 .text.analogRead
                0x000801e0       0x24 src/adcFunctions.o
                0x000801e0                analogRead
 .text.usart_serial_read_packet
                0x00080204       0xc8 src/ASF/common/services/serial/usart_serial.o
                0x00080204                usart_serial_read_packet
 .text._read    0x000802cc       0x3c src/ASF/common/utils/stdio/read.o
                0x000802cc                _read
 .text._write   0x00080308       0x50 src/ASF/common/utils/stdio/write.o
                0x00080308                _write
 .text.adc_init
                0x00080358       0x34 src/ASF/sam/drivers/adc/adc.o
                0x00080358                adc_init
 .text.adc_set_resolution
                0x0008038c       0x10 src/ASF/sam/drivers/adc/adc.o
                0x0008038c                adc_set_resolution
 .text.adc_configure_trigger
                0x0008039c        0xe src/ASF/sam/drivers/adc/adc.o
                0x0008039c                adc_configure_trigger
 .text.adc_configure_timing
                0x000803aa       0x1c src/ASF/sam/drivers/adc/adc.o
                0x000803aa                adc_configure_timing
 .text.adc_start
                0x000803c6        0x6 src/ASF/sam/drivers/adc/adc.o
                0x000803c6                adc_start
 .text.adc_enable_channel
                0x000803cc        0xa src/ASF/sam/drivers/adc/adc.o
                0x000803cc                adc_enable_channel
 .text.adc_get_latest_value
                0x000803d6        0x4 src/ASF/sam/drivers/adc/adc.o
                0x000803d6                adc_get_latest_value
 .text.adc_enable_interrupt
                0x000803da        0x4 src/ASF/sam/drivers/adc/adc.o
                0x000803da                adc_enable_interrupt
 .text.tc_init  0x000803de       0x18 src/ASF/sam/drivers/tc/tc.o
                0x000803de                tc_init
 .text.tc_set_block_mode
                0x000803f6        0x6 src/ASF/sam/drivers/tc/tc.o
                0x000803f6                tc_set_block_mode
 .text.tc_start
                0x000803fc        0x8 src/ASF/sam/drivers/tc/tc.o
                0x000803fc                tc_start
 .text.tc_stop  0x00080404        0x8 src/ASF/sam/drivers/tc/tc.o
                0x00080404                tc_stop
 .text.tc_read_cv
                0x0008040c        0x8 src/ASF/sam/drivers/tc/tc.o
                0x0008040c                tc_read_cv
 .text.uart_init
                0x00080414       0x36 src/ASF/sam/drivers/uart/uart.o
                0x00080414                uart_init
 .text.uart_write
                0x0008044a       0x10 src/ASF/sam/drivers/uart/uart.o
                0x0008044a                uart_write
 .text.uart_read
                0x0008045a       0x12 src/ASF/sam/drivers/uart/uart.o
                0x0008045a                uart_read
 .text.usart_write
                0x0008046c       0x14 src/ASF/sam/drivers/usart/usart.o
                0x0008046c                usart_write
 .text.usart_read
                0x00080480       0x18 src/ASF/sam/drivers/usart/usart.o
                0x00080480                usart_read
 .text.USART0_Handler
                0x00080498       0x60 src/ASF/thirdparty/wireless/addons/sio2host/uart/sio2host.o
                0x00080498                USART0_Handler
 .text.readLCDbutton
                0x000804f8       0x8c src/buttons.o
                0x000804f8                readLCDbutton
 .text.usart_serial_getchar
                0x00080584       0xac src/ConsoleFunctions.o
 .text.usart_serial_putchar
                0x00080630       0x9c src/ConsoleFunctions.o
 .text.configureConsole
                0x000806cc       0x94 src/ConsoleFunctions.o
                0x000806cc                configureConsole
 .text.delayInit
                0x00080760       0x3c src/DelayFunctions.o
                0x00080760                delayInit
 .text.delayMicroseconds
                0x0008079c       0x3c src/DelayFunctions.o
                0x0008079c                delayMicroseconds
 .text.lcdWriteAsciiString
                0x000807d8       0x28 src/lcdApplication.o
                0x000807d8                lcdWriteAsciiString
 .text.lcdWrite4DigitNumber
                0x00080800       0x30 src/lcdApplication.o
                0x00080800                lcdWrite4DigitNumber
 .text.lcdWriteButtonValue
                0x00080830       0x60 src/lcdApplication.o
                0x00080830                lcdWriteButtonValue
 .text.lcdWrite
                0x00080890       0x8c src/LCDFunctions.o
                0x00080890                lcdWrite
 .text.lcdInit  0x0008091c       0xe4 src/LCDFunctions.o
                0x0008091c                lcdInit
 .text.lcdClearDisplay
                0x00080a00       0x20 src/LCDFunctions.o
                0x00080a00                lcdClearDisplay
 .text.main     0x00080a20      0x14c test/main.o
                0x00080a20                main
 .text.setUp    0x00080b6c        0x2 test/main.o
                0x00080b6c                setUp
 .text.tearDown
                0x00080b6e        0x2 test/main.o
                0x00080b6e                tearDown
 .text.test_ADConverterInitialisesProperly
                0x00080b70       0x4c test/test_adcFunctions.o
                0x00080b70                test_ADConverterInitialisesProperly
 .text.test_ADConverterReadsValueWithNoButtonPressed
                0x00080bbc       0x30 test/test_adcFunctions.o
                0x00080bbc                test_ADConverterReadsValueWithNoButtonPressed
 .text.test_noButtonIsPressed
                0x00080bec       0x20 test/test_buttons.o
                0x00080bec                test_noButtonIsPressed
 .text.test_delayTimerIsInitialisedProperly
                0x00080c0c       0x2c test/test_delayFunctions.o
                0x00080c0c                test_delayTimerIsInitialisedProperly
 .text.test_delayCountsProperly
                0x00080c38       0x7c test/test_delayFunctions.o
                0x00080c38                test_delayCountsProperly
 .text.test_writing4DigitNumberOnTheLCDDisplay
                0x00080cb4       0x74 test/test_lcdApplication.o
                0x00080cb4                test_writing4DigitNumberOnTheLCDDisplay
 .text.test_writingAsciiStringOnTheLCDDisplay
                0x00080d28       0x74 test/test_lcdApplication.o
                0x00080d28                test_writingAsciiStringOnTheLCDDisplay
 .text.test_writingButtonOnTheLCDDisplay
                0x00080d9c       0x70 test/test_lcdApplication.o
                0x00080d9c                test_writingButtonOnTheLCDDisplay
 .text.test_initialisatinOfTheLCD
                0x00080e0c       0x60 test/test_lcdFunctions.o
                0x00080e0c                test_initialisatinOfTheLCD
 .text.test_writingCharactersToTheLCD
                0x00080e6c      0x3cc test/test_lcdFunctions.o
                0x00080e6c                test_writingCharactersToTheLCD
 .text.test_clearingTheLCDDisplay
                0x00081238       0x64 test/test_lcdFunctions.o
                0x00081238                test_clearingTheLCDDisplay
 .text.__sputc_r
                0x0008129c       0x30 unity/unity.o
 .text.UnityPrintNumber
                0x000812cc       0xf0 unity/unity.o
                0x000812cc                UnityPrintNumber
 .text.UnityPrintNumberUnsigned
                0x000813bc       0x80 unity/unity.o
                0x000813bc                UnityPrintNumberUnsigned
 .text.UnityPrintNumberHex
                0x0008143c       0xd8 unity/unity.o
                0x0008143c                UnityPrintNumberHex
 .text.UnityPrint
                0x00081514      0x12c unity/unity.o
                0x00081514                UnityPrint
 .text.UnityTestResultsBegin
                0x00081640       0xa4 unity/unity.o
 .text.UnityTestResultsFailBegin
                0x000816e4       0x54 unity/unity.o
 .text.UnityAddMsgIfSpecified
                0x00081738       0x1c unity/unity.o
 .text.UnityPrintNumberByStyle
                0x00081754       0x44 unity/unity.o
                0x00081754                UnityPrintNumberByStyle
 .text.UnityPrintMask
                0x00081798       0xa8 unity/unity.o
                0x00081798                UnityPrintMask
 .text.UnityPrintFail
                0x00081840       0x14 unity/unity.o
                0x00081840                UnityPrintFail
 .text.UnityPrintOk
                0x00081854       0x14 unity/unity.o
                0x00081854                UnityPrintOk
 .text.UnityConcludeTest
                0x00081868       0x78 unity/unity.o
                0x00081868                UnityConcludeTest
 .text.UnityAssertBits
                0x000818e0       0x78 unity/unity.o
                0x000818e0                UnityAssertBits
 .text.UnityAssertNumbersWithin
                0x00081958       0xc4 unity/unity.o
                0x00081958                UnityAssertNumbersWithin
 .text.UnityFail
                0x00081a1c       0x6c unity/unity.o
                0x00081a1c                UnityFail
 .text.UnityDefaultTestRun
                0x00081a88       0x5c unity/unity.o
                0x00081a88                UnityDefaultTestRun
 .text.UnityBegin
                0x00081ae4       0x1c unity/unity.o
                0x00081ae4                UnityBegin
 .text.UnityEnd
                0x00081b00       0xf0 unity/unity.o
                0x00081b00                UnityEnd
 .text.sysclk_init
                0x00081bf0       0x64 src/ASF/common/services/clock/sam3x/sysclk.o
                0x00081bf0                sysclk_init
 .text.board_init
                0x00081c54       0x70 src/ASF/sam/boards/arduino_due_x/init.o
                0x00081c54                board_init
 .text.pio_set_peripheral
                0x00081cc4       0x3e src/ASF/sam/drivers/pio/pio.o
                0x00081cc4                pio_set_peripheral
 .text.pio_set_input
                0x00081d02       0x32 src/ASF/sam/drivers/pio/pio.o
                0x00081d02                pio_set_input
 .text.pio_set_output
                0x00081d34       0x26 src/ASF/sam/drivers/pio/pio.o
                0x00081d34                pio_set_output
 .text.pio_get_interrupt_status
                0x00081d5a        0x4 src/ASF/sam/drivers/pio/pio.o
                0x00081d5a                pio_get_interrupt_status
 .text.pio_get_interrupt_mask
                0x00081d5e        0x4 src/ASF/sam/drivers/pio/pio.o
                0x00081d5e                pio_get_interrupt_mask
 *fill*         0x00081d62        0x2 
 .text.pio_configure_pin
                0x00081d64       0xd0 src/ASF/sam/drivers/pio/pio.o
                0x00081d64                pio_configure_pin
 .text.pio_configure_pin_group
                0x00081e34       0x9c src/ASF/sam/drivers/pio/pio.o
                0x00081e34                pio_configure_pin_group
 .text.pio_handler_process
                0x00081ed0       0x50 src/ASF/sam/drivers/pio/pio_handler.o
                0x00081ed0                pio_handler_process
 .text.PIOA_Handler
                0x00081f20       0x14 src/ASF/sam/drivers/pio/pio_handler.o
                0x00081f20                PIOA_Handler
 .text.PIOB_Handler
                0x00081f34       0x14 src/ASF/sam/drivers/pio/pio_handler.o
                0x00081f34                PIOB_Handler
 .text.PIOC_Handler
                0x00081f48       0x14 src/ASF/sam/drivers/pio/pio_handler.o
                0x00081f48                PIOC_Handler
 .text.PIOD_Handler
                0x00081f5c       0x14 src/ASF/sam/drivers/pio/pio_handler.o
                0x00081f5c                PIOD_Handler
 .text.pmc_switch_mck_to_pllack
                0x00081f70       0x64 src/ASF/sam/drivers/pmc/pmc.o
                0x00081f70                pmc_switch_mck_to_pllack
 .text.pmc_switch_mainck_to_xtal
                0x00081fd4       0x54 src/ASF/sam/drivers/pmc/pmc.o
                0x00081fd4                pmc_switch_mainck_to_xtal
 .text.pmc_osc_is_ready_mainck
                0x00082028       0x10 src/ASF/sam/drivers/pmc/pmc.o
                0x00082028                pmc_osc_is_ready_mainck
 .text.pmc_disable_pllack
                0x00082038       0x10 src/ASF/sam/drivers/pmc/pmc.o
                0x00082038                pmc_disable_pllack
 .text.pmc_is_locked_pllack
                0x00082048       0x10 src/ASF/sam/drivers/pmc/pmc.o
                0x00082048                pmc_is_locked_pllack
 .text.pmc_enable_periph_clk
                0x00082058       0x54 src/ASF/sam/drivers/pmc/pmc.o
                0x00082058                pmc_enable_periph_clk
 .text.Dummy_Handler
                0x000820ac        0x2 src/ASF/sam/utils/cmsis/sam3x/source/templates/exceptions.o
                0x000820ac                DACC_Handler
                0x000820ac                DebugMon_Handler
                0x000820ac                DMAC_Handler
                0x000820ac                TRNG_Handler
                0x000820ac                HardFault_Handler
                0x000820ac                TC2_Handler
                0x000820ac                SysTick_Handler
                0x000820ac                USART3_Handler
                0x000820ac                TWI1_Handler
                0x000820ac                PendSV_Handler
                0x000820ac                NMI_Handler
                0x000820ac                TC7_Handler
                0x000820ac                ADC_Handler
                0x000820ac                SMC_Handler
                0x000820ac                RTT_Handler
                0x000820ac                EFC1_Handler
                0x000820ac                RTC_Handler
                0x000820ac                UsageFault_Handler
                0x000820ac                TC6_Handler
                0x000820ac                WDT_Handler
                0x000820ac                CAN0_Handler
                0x000820ac                TC4_Handler
                0x000820ac                TC1_Handler
                0x000820ac                HSMCI_Handler
                0x000820ac                TC3_Handler
                0x000820ac                Dummy_Handler
                0x000820ac                TWI0_Handler
                0x000820ac                USART1_Handler
                0x000820ac                SSC_Handler
                0x000820ac                EFC0_Handler
                0x000820ac                PMC_Handler
                0x000820ac                PWM_Handler
                0x000820ac                CAN1_Handler
                0x000820ac                MemManage_Handler
                0x000820ac                SUPC_Handler
                0x000820ac                SVC_Handler
                0x000820ac                TC8_Handler
                0x000820ac                USART2_Handler
                0x000820ac                EMAC_Handler
                0x000820ac                UART_Handler
                0x000820ac                BusFault_Handler
                0x000820ac                RSTC_Handler
                0x000820ac                TC0_Handler
                0x000820ac                TC5_Handler
                0x000820ac                UOTGHS_Handler
                0x000820ac                SPI0_Handler
 *fill*         0x000820ae        0x2 
 .text.Reset_Handler
                0x000820b0       0x98 src/ASF/sam/utils/cmsis/sam3x/source/templates/gcc/startup_sam3x.o
                0x000820b0                Reset_Handler
 .text.SystemCoreClockUpdate
                0x00082148      0x118 src/ASF/sam/utils/cmsis/sam3x/source/templates/system_sam3x.o
                0x00082148                SystemCoreClockUpdate
 .text._sbrk    0x00082260       0x38 src/ASF/sam/utils/syscalls/gcc/syscalls.o
                0x00082260                _sbrk
 .text._close   0x00082298        0x6 src/ASF/sam/utils/syscalls/gcc/syscalls.o
                0x00082298                _close
 .text._fstat   0x0008229e        0xa src/ASF/sam/utils/syscalls/gcc/syscalls.o
                0x0008229e                _fstat
 .text._isatty  0x000822a8        0x4 src/ASF/sam/utils/syscalls/gcc/syscalls.o
                0x000822a8                _isatty
 .text._lseek   0x000822ac        0x4 src/ASF/sam/utils/syscalls/gcc/syscalls.o
                0x000822ac                _lseek
 .text.__libc_init_array
                0x000822b0       0x50 c:/program files (x86)/atmel/studio/7.0/toolchain/arm/arm-gnu-toolchain/bin/../lib/gcc/arm-none-eabi/6.3.1/../../../../arm-none-eabi/lib/thumb/v7-m\libc.a(lib_a-init.o)
                0x000822b0                __libc_init_array
 .text.iprintf  0x00082300       0x28 c:/program files (x86)/atmel/studio/7.0/toolchain/arm/arm-gnu-toolchain/bin/../lib/gcc/arm-none-eabi/6.3.1/../../../../arm-none-eabi/lib/thumb/v7-m\libc.a(lib_a-iprintf.o)
                0x00082300                iprintf
 .text.memset   0x00082328       0x9c c:/program files (x86)/atmel/studio/7.0/toolchain/arm/arm-gnu-toolchain/bin/../lib/gcc/arm-none-eabi/6.3.1/../../../../arm-none-eabi/lib/thumb/v7-m\libc.a(lib_a-memset.o)
                0x00082328                memset
 .text.setbuf   0x000823c4       0x10 c:/program files (x86)/atmel/studio/7.0/toolchain/arm/arm-gnu-toolchain/bin/../lib/gcc/arm-none-eabi/6.3.1/../../../../arm-none-eabi/lib/thumb/v7-m\libc.a(lib_a-setbuf.o)
                0x000823c4                setbuf
 .text          0x000823d4       0x1c c:/program files (x86)/atmel/studio/7.0/toolchain/arm/arm-gnu-toolchain/bin/../lib/gcc/arm-none-eabi/6.3.1/../../../../arm-none-eabi/lib/thumb/v7-m\libc.a(lib_a-setjmp.o)
                0x000823d4                setjmp
                0x000823e0                longjmp
 .text.setvbuf  0x000823f0      0x190 c:/program files (x86)/atmel/studio/7.0/toolchain/arm/arm-gnu-toolchain/bin/../lib/gcc/arm-none-eabi/6.3.1/../../../../arm-none-eabi/lib/thumb/v7-m\libc.a(lib_a-setvbuf.o)
                0x000823f0                setvbuf
 .text.sprintf  0x00082580       0x4c c:/program files (x86)/atmel/studio/7.0/toolchain/arm/arm-gnu-toolchain/bin/../lib/gcc/arm-none-eabi/6.3.1/../../../../arm-none-eabi/lib/thumb/v7-m\libc.a(lib_a-sprintf.o)
                0x00082580                sprintf
 .text.strlen   0x000825cc       0x5c c:/program files (x86)/atmel/studio/7.0/toolchain/arm/arm-gnu-toolchain/bin/../lib/gcc/arm-none-eabi/6.3.1/../../../../arm-none-eabi/lib/thumb/v7-m\libc.a(lib_a-strlen-stub.o)
                0x000825cc                strlen
 .text._svfprintf_r
                0x00082628     0x1500 c:/program files (x86)/atmel/studio/7.0/toolchain/arm/arm-gnu-toolchain/bin/../lib/gcc/arm-none-eabi/6.3.1/../../../../arm-none-eabi/lib/thumb/v7-m\libc.a(lib_a-svfprintf.o)
                0x00082628                _svfprintf_r
 .text.__sprint_r.part.0
                0x00083b28       0x80 c:/program files (x86)/atmel/studio/7.0/toolchain/arm/arm-gnu-toolchain/bin/../lib/gcc/arm-none-eabi/6.3.1/../../../../arm-none-eabi/lib/thumb/v7-m\libc.a(lib_a-vfiprintf.o)
 .text._vfiprintf_r
                0x00083ba8      0xc88 c:/program files (x86)/atmel/studio/7.0/toolchain/arm/arm-gnu-toolchain/bin/../lib/gcc/arm-none-eabi/6.3.1/../../../../arm-none-eabi/lib/thumb/v7-m\libc.a(lib_a-vfiprintf.o)
                0x00083ba8                _vfiprintf_r
 .text.__sbprintf
                0x00084830       0x88 c:/program files (x86)/atmel/studio/7.0/toolchain/arm/arm-gnu-toolchain/bin/../lib/gcc/arm-none-eabi/6.3.1/../../../../arm-none-eabi/lib/thumb/v7-m\libc.a(lib_a-vfiprintf.o)
 .text.__swbuf_r
                0x000848b8       0xb0 c:/program files (x86)/atmel/studio/7.0/toolchain/arm/arm-gnu-toolchain/bin/../lib/gcc/arm-none-eabi/6.3.1/../../../../arm-none-eabi/lib/thumb/v7-m\libc.a(lib_a-wbuf.o)
                0x000848b8                __swbuf_r
 .text.__swsetup_r
                0x00084968       0xc8 c:/program files (x86)/atmel/studio/7.0/toolchain/arm/arm-gnu-toolchain/bin/../lib/gcc/arm-none-eabi/6.3.1/../../../../arm-none-eabi/lib/thumb/v7-m\libc.a(lib_a-wsetup.o)
                0x00084968                __swsetup_r
 .text.startup.register_fini
                0x00084a30       0x14 c:/program files (x86)/atmel/studio/7.0/toolchain/arm/arm-gnu-toolchain/bin/../lib/gcc/arm-none-eabi/6.3.1/../../../../arm-none-eabi/lib/thumb/v7-m\libc.a(lib_a-__call_atexit.o)
 .text.atexit   0x00084a44        0xc c:/program files (x86)/atmel/studio/7.0/toolchain/arm/arm-gnu-toolchain/bin/../lib/gcc/arm-none-eabi/6.3.1/../../../../arm-none-eabi/lib/thumb/v7-m\libc.a(lib_a-atexit.o)
                0x00084a44                atexit
 .text.quorem   0x00084a50      0x128 c:/program files (x86)/atmel/studio/7.0/toolchain/arm/arm-gnu-toolchain/bin/../lib/gcc/arm-none-eabi/6.3.1/../../../../arm-none-eabi/lib/thumb/v7-m\libc.a(lib_a-dtoa.o)
 .text._dtoa_r  0x00084b78      0xe44 c:/program files (x86)/atmel/studio/7.0/toolchain/arm/arm-gnu-toolchain/bin/../lib/gcc/arm-none-eabi/6.3.1/../../../../arm-none-eabi/lib/thumb/v7-m\libc.a(lib_a-dtoa.o)
                0x00084b78                _dtoa_r
 .text.__sflush_r
                0x000859bc      0x138 c:/program files (x86)/atmel/studio/7.0/toolchain/arm/arm-gnu-toolchain/bin/../lib/gcc/arm-none-eabi/6.3.1/../../../../arm-none-eabi/lib/thumb/v7-m\libc.a(lib_a-fflush.o)
                0x000859bc                __sflush_r
 .text._fflush_r
                0x00085af4       0x54 c:/program files (x86)/atmel/studio/7.0/toolchain/arm/arm-gnu-toolchain/bin/../lib/gcc/arm-none-eabi/6.3.1/../../../../arm-none-eabi/lib/thumb/v7-m\libc.a(lib_a-fflush.o)
                0x00085af4                _fflush_r
 .text._cleanup_r
                0x00085b48        0xc c:/program files (x86)/atmel/studio/7.0/toolchain/arm/arm-gnu-toolchain/bin/../lib/gcc/arm-none-eabi/6.3.1/../../../../arm-none-eabi/lib/thumb/v7-m\libc.a(lib_a-findfp.o)
                0x00085b48                _cleanup_r
 .text.std.isra.0
                0x00085b54       0x50 c:/program files (x86)/atmel/studio/7.0/toolchain/arm/arm-gnu-toolchain/bin/../lib/gcc/arm-none-eabi/6.3.1/../../../../arm-none-eabi/lib/thumb/v7-m\libc.a(lib_a-findfp.o)
 .text.__sinit  0x00085ba4       0x60 c:/program files (x86)/atmel/studio/7.0/toolchain/arm/arm-gnu-toolchain/bin/../lib/gcc/arm-none-eabi/6.3.1/../../../../arm-none-eabi/lib/thumb/v7-m\libc.a(lib_a-findfp.o)
                0x00085ba4                __sinit
 .text.__sfp_lock_acquire
                0x00085c04        0xc c:/program files (x86)/atmel/studio/7.0/toolchain/arm/arm-gnu-toolchain/bin/../lib/gcc/arm-none-eabi/6.3.1/../../../../arm-none-eabi/lib/thumb/v7-m\libc.a(lib_a-findfp.o)
                0x00085c04                __sfp_lock_acquire
 .text.__sfp_lock_release
                0x00085c10        0xc c:/program files (x86)/atmel/studio/7.0/toolchain/arm/arm-gnu-toolchain/bin/../lib/gcc/arm-none-eabi/6.3.1/../../../../arm-none-eabi/lib/thumb/v7-m\libc.a(lib_a-findfp.o)
                0x00085c10                __sfp_lock_release
 .text.__libc_fini_array
                0x00085c1c       0x34 c:/program files (x86)/atmel/studio/7.0/toolchain/arm/arm-gnu-toolchain/bin/../lib/gcc/arm-none-eabi/6.3.1/../../../../arm-none-eabi/lib/thumb/v7-m\libc.a(lib_a-fini.o)
                0x00085c1c                __libc_fini_array
 .text.__fputwc
                0x00085c50       0x98 c:/program files (x86)/atmel/studio/7.0/toolchain/arm/arm-gnu-toolchain/bin/../lib/gcc/arm-none-eabi/6.3.1/../../../../arm-none-eabi/lib/thumb/v7-m\libc.a(lib_a-fputwc.o)
                0x00085c50                __fputwc
 .text._fputwc_r
                0x00085ce8       0x68 c:/program files (x86)/atmel/studio/7.0/toolchain/arm/arm-gnu-toolchain/bin/../lib/gcc/arm-none-eabi/6.3.1/../../../../arm-none-eabi/lib/thumb/v7-m\libc.a(lib_a-fputwc.o)
                0x00085ce8                _fputwc_r
 .text._malloc_trim_r
                0x00085d50       0xa0 c:/program files (x86)/atmel/studio/7.0/toolchain/arm/arm-gnu-toolchain/bin/../lib/gcc/arm-none-eabi/6.3.1/../../../../arm-none-eabi/lib/thumb/v7-m\libc.a(lib_a-freer.o)
                0x00085d50                _malloc_trim_r
 .text._free_r  0x00085df0      0x1cc c:/program files (x86)/atmel/studio/7.0/toolchain/arm/arm-gnu-toolchain/bin/../lib/gcc/arm-none-eabi/6.3.1/../../../../arm-none-eabi/lib/thumb/v7-m\libc.a(lib_a-freer.o)
                0x00085df0                _free_r
 .text.__sfvwrite_r
                0x00085fbc      0x2f4 c:/program files (x86)/atmel/studio/7.0/toolchain/arm/arm-gnu-toolchain/bin/../lib/gcc/arm-none-eabi/6.3.1/../../../../arm-none-eabi/lib/thumb/v7-m\libc.a(lib_a-fvwrite.o)
                0x00085fbc                __sfvwrite_r
 .text._fwalk_reent
                0x000862b0       0x50 c:/program files (x86)/atmel/studio/7.0/toolchain/arm/arm-gnu-toolchain/bin/../lib/gcc/arm-none-eabi/6.3.1/../../../../arm-none-eabi/lib/thumb/v7-m\libc.a(lib_a-fwalk.o)
                0x000862b0                _fwalk_reent
 .text.__locale_mb_cur_max
                0x00086300       0x1c c:/program files (x86)/atmel/studio/7.0/toolchain/arm/arm-gnu-toolchain/bin/../lib/gcc/arm-none-eabi/6.3.1/../../../../arm-none-eabi/lib/thumb/v7-m\libc.a(lib_a-locale.o)
                0x00086300                __locale_mb_cur_max
 .text._localeconv_r
                0x0008631c       0x1c c:/program files (x86)/atmel/studio/7.0/toolchain/arm/arm-gnu-toolchain/bin/../lib/gcc/arm-none-eabi/6.3.1/../../../../arm-none-eabi/lib/thumb/v7-m\libc.a(lib_a-localeconv.o)
                0x0008631c                _localeconv_r
 .text.__retarget_lock_init_recursive
                0x00086338        0x4 c:/program files (x86)/atmel/studio/7.0/toolchain/arm/arm-gnu-toolchain/bin/../lib/gcc/arm-none-eabi/6.3.1/../../../../arm-none-eabi/lib/thumb/v7-m\libc.a(lib_a-lock.o)
                0x00086338                __retarget_lock_init_recursive
 .text.__retarget_lock_close_recursive
                0x0008633c        0x4 c:/program files (x86)/atmel/studio/7.0/toolchain/arm/arm-gnu-toolchain/bin/../lib/gcc/arm-none-eabi/6.3.1/../../../../arm-none-eabi/lib/thumb/v7-m\libc.a(lib_a-lock.o)
                0x0008633c                __retarget_lock_close_recursive
 .text.__retarget_lock_acquire_recursive
                0x00086340        0x4 c:/program files (x86)/atmel/studio/7.0/toolchain/arm/arm-gnu-toolchain/bin/../lib/gcc/arm-none-eabi/6.3.1/../../../../arm-none-eabi/lib/thumb/v7-m\libc.a(lib_a-lock.o)
                0x00086340                __retarget_lock_acquire_recursive
 .text.__retarget_lock_release_recursive
                0x00086344        0x4 c:/program files (x86)/atmel/studio/7.0/toolchain/arm/arm-gnu-toolchain/bin/../lib/gcc/arm-none-eabi/6.3.1/../../../../arm-none-eabi/lib/thumb/v7-m\libc.a(lib_a-lock.o)
                0x00086344                __retarget_lock_release_recursive
 .text.__swhatbuf_r
                0x00086348       0x5c c:/program files (x86)/atmel/studio/7.0/toolchain/arm/arm-gnu-toolchain/bin/../lib/gcc/arm-none-eabi/6.3.1/../../../../arm-none-eabi/lib/thumb/v7-m\libc.a(lib_a-makebuf.o)
                0x00086348                __swhatbuf_r
 .text.__smakebuf_r
                0x000863a4       0x94 c:/program files (x86)/atmel/studio/7.0/toolchain/arm/arm-gnu-toolchain/bin/../lib/gcc/arm-none-eabi/6.3.1/../../../../arm-none-eabi/lib/thumb/v7-m\libc.a(lib_a-makebuf.o)
                0x000863a4                __smakebuf_r
 .text.malloc   0x00086438       0x10 c:/program files (x86)/atmel/studio/7.0/toolchain/arm/arm-gnu-toolchain/bin/../lib/gcc/arm-none-eabi/6.3.1/../../../../arm-none-eabi/lib/thumb/v7-m\libc.a(lib_a-malloc.o)
                0x00086438                malloc
 .text._malloc_r
                0x00086448      0x544 c:/program files (x86)/atmel/studio/7.0/toolchain/arm/arm-gnu-toolchain/bin/../lib/gcc/arm-none-eabi/6.3.1/../../../../arm-none-eabi/lib/thumb/v7-m\libc.a(lib_a-mallocr.o)
                0x00086448                _malloc_r
 .text.__ascii_mbtowc
                0x0008698c       0x2c c:/program files (x86)/atmel/studio/7.0/toolchain/arm/arm-gnu-toolchain/bin/../lib/gcc/arm-none-eabi/6.3.1/../../../../arm-none-eabi/lib/thumb/v7-m\libc.a(lib_a-mbtowc_r.o)
                0x0008698c                __ascii_mbtowc
 .text.memchr   0x000869b8       0x8c c:/program files (x86)/atmel/studio/7.0/toolchain/arm/arm-gnu-toolchain/bin/../lib/gcc/arm-none-eabi/6.3.1/../../../../arm-none-eabi/lib/thumb/v7-m\libc.a(lib_a-memchr-stub.o)
                0x000869b8                memchr
 .text          0x00086a44       0xec c:/program files (x86)/atmel/studio/7.0/toolchain/arm/arm-gnu-toolchain/bin/../lib/gcc/arm-none-eabi/6.3.1/../../../../arm-none-eabi/lib/thumb/v7-m\libc.a(lib_a-memcpy.o)
                0x00086a44                memcpy
 .text.memmove  0x00086b30       0xc8 c:/program files (x86)/atmel/studio/7.0/toolchain/arm/arm-gnu-toolchain/bin/../lib/gcc/arm-none-eabi/6.3.1/../../../../arm-none-eabi/lib/thumb/v7-m\libc.a(lib_a-memmove.o)
                0x00086b30                memmove
 .text.__malloc_lock
                0x00086bf8        0xc c:/program files (x86)/atmel/studio/7.0/toolchain/arm/arm-gnu-toolchain/bin/../lib/gcc/arm-none-eabi/6.3.1/../../../../arm-none-eabi/lib/thumb/v7-m\libc.a(lib_a-mlock.o)
                0x00086bf8                __malloc_lock
 .text.__malloc_unlock
                0x00086c04        0xc c:/program files (x86)/atmel/studio/7.0/toolchain/arm/arm-gnu-toolchain/bin/../lib/gcc/arm-none-eabi/6.3.1/../../../../arm-none-eabi/lib/thumb/v7-m\libc.a(lib_a-mlock.o)
                0x00086c04                __malloc_unlock
 .text._Balloc  0x00086c10       0x4c c:/program files (x86)/atmel/studio/7.0/toolchain/arm/arm-gnu-toolchain/bin/../lib/gcc/arm-none-eabi/6.3.1/../../../../arm-none-eabi/lib/thumb/v7-m\libc.a(lib_a-mprec.o)
                0x00086c10                _Balloc
 .text._Bfree   0x00086c5c       0x14 c:/program files (x86)/atmel/studio/7.0/toolchain/arm/arm-gnu-toolchain/bin/../lib/gcc/arm-none-eabi/6.3.1/../../../../arm-none-eabi/lib/thumb/v7-m\libc.a(lib_a-mprec.o)
                0x00086c5c                _Bfree
 .text.__multadd
                0x00086c70       0x84 c:/program files (x86)/atmel/studio/7.0/toolchain/arm/arm-gnu-toolchain/bin/../lib/gcc/arm-none-eabi/6.3.1/../../../../arm-none-eabi/lib/thumb/v7-m\libc.a(lib_a-mprec.o)
                0x00086c70                __multadd
 .text.__hi0bits
                0x00086cf4       0x40 c:/program files (x86)/atmel/studio/7.0/toolchain/arm/arm-gnu-toolchain/bin/../lib/gcc/arm-none-eabi/6.3.1/../../../../arm-none-eabi/lib/thumb/v7-m\libc.a(lib_a-mprec.o)
                0x00086cf4                __hi0bits
 .text.__lo0bits
                0x00086d34       0x60 c:/program files (x86)/atmel/studio/7.0/toolchain/arm/arm-gnu-toolchain/bin/../lib/gcc/arm-none-eabi/6.3.1/../../../../arm-none-eabi/lib/thumb/v7-m\libc.a(lib_a-mprec.o)
                0x00086d34                __lo0bits
 .text.__i2b    0x00086d94       0x14 c:/program files (x86)/atmel/studio/7.0/toolchain/arm/arm-gnu-toolchain/bin/../lib/gcc/arm-none-eabi/6.3.1/../../../../arm-none-eabi/lib/thumb/v7-m\libc.a(lib_a-mprec.o)
                0x00086d94                __i2b
 .text.__multiply
                0x00086da8      0x124 c:/program files (x86)/atmel/studio/7.0/toolchain/arm/arm-gnu-toolchain/bin/../lib/gcc/arm-none-eabi/6.3.1/../../../../arm-none-eabi/lib/thumb/v7-m\libc.a(lib_a-mprec.o)
                0x00086da8                __multiply
 .text.__pow5mult
                0x00086ecc       0xa0 c:/program files (x86)/atmel/studio/7.0/toolchain/arm/arm-gnu-toolchain/bin/../lib/gcc/arm-none-eabi/6.3.1/../../../../arm-none-eabi/lib/thumb/v7-m\libc.a(lib_a-mprec.o)
                0x00086ecc                __pow5mult
 .text.__lshift
                0x00086f6c       0xa0 c:/program files (x86)/atmel/studio/7.0/toolchain/arm/arm-gnu-toolchain/bin/../lib/gcc/arm-none-eabi/6.3.1/../../../../arm-none-eabi/lib/thumb/v7-m\libc.a(lib_a-mprec.o)
                0x00086f6c                __lshift
 .text.__mcmp   0x0008700c       0x38 c:/program files (x86)/atmel/studio/7.0/toolchain/arm/arm-gnu-toolchain/bin/../lib/gcc/arm-none-eabi/6.3.1/../../../../arm-none-eabi/lib/thumb/v7-m\libc.a(lib_a-mprec.o)
                0x0008700c                __mcmp
 .text.__mdiff  0x00087044      0x11c c:/program files (x86)/atmel/studio/7.0/toolchain/arm/arm-gnu-toolchain/bin/../lib/gcc/arm-none-eabi/6.3.1/../../../../arm-none-eabi/lib/thumb/v7-m\libc.a(lib_a-mprec.o)
                0x00087044                __mdiff
 .text.__d2b    0x00087160       0xa8 c:/program files (x86)/atmel/studio/7.0/toolchain/arm/arm-gnu-toolchain/bin/../lib/gcc/arm-none-eabi/6.3.1/../../../../arm-none-eabi/lib/thumb/v7-m\libc.a(lib_a-mprec.o)
                0x00087160                __d2b
 .text._realloc_r
                0x00087208      0x36c c:/program files (x86)/atmel/studio/7.0/toolchain/arm/arm-gnu-toolchain/bin/../lib/gcc/arm-none-eabi/6.3.1/../../../../arm-none-eabi/lib/thumb/v7-m\libc.a(lib_a-reallocr.o)
                0x00087208                _realloc_r
 .text._sbrk_r  0x00087574       0x24 c:/program files (x86)/atmel/studio/7.0/toolchain/arm/arm-gnu-toolchain/bin/../lib/gcc/arm-none-eabi/6.3.1/../../../../arm-none-eabi/lib/thumb/v7-m\libc.a(lib_a-sbrkr.o)
                0x00087574                _sbrk_r
 .text.__sread  0x00087598       0x24 c:/program files (x86)/atmel/studio/7.0/toolchain/arm/arm-gnu-toolchain/bin/../lib/gcc/arm-none-eabi/6.3.1/../../../../arm-none-eabi/lib/thumb/v7-m\libc.a(lib_a-stdio.o)
                0x00087598                __sread
 .text.__swrite
                0x000875bc       0x3c c:/program files (x86)/atmel/studio/7.0/toolchain/arm/arm-gnu-toolchain/bin/../lib/gcc/arm-none-eabi/6.3.1/../../../../arm-none-eabi/lib/thumb/v7-m\libc.a(lib_a-stdio.o)
                0x000875bc                __swrite
 .text.__sseek  0x000875f8       0x20 c:/program files (x86)/atmel/studio/7.0/toolchain/arm/arm-gnu-toolchain/bin/../lib/gcc/arm-none-eabi/6.3.1/../../../../arm-none-eabi/lib/thumb/v7-m\libc.a(lib_a-stdio.o)
                0x000875f8                __sseek
 .text.__sclose
                0x00087618        0x8 c:/program files (x86)/atmel/studio/7.0/toolchain/arm/arm-gnu-toolchain/bin/../lib/gcc/arm-none-eabi/6.3.1/../../../../arm-none-eabi/lib/thumb/v7-m\libc.a(lib_a-stdio.o)
                0x00087618                __sclose
 .text.__ssprint_r
                0x00087620       0xfc c:/program files (x86)/atmel/studio/7.0/toolchain/arm/arm-gnu-toolchain/bin/../lib/gcc/arm-none-eabi/6.3.1/../../../../arm-none-eabi/lib/thumb/v7-m\libc.a(lib_a-svfiprintf.o)
                0x00087620                __ssprint_r
 .text._wcrtomb_r
                0x0008771c       0x54 c:/program files (x86)/atmel/studio/7.0/toolchain/arm/arm-gnu-toolchain/bin/../lib/gcc/arm-none-eabi/6.3.1/../../../../arm-none-eabi/lib/thumb/v7-m\libc.a(lib_a-wcrtomb.o)
                0x0008771c                _wcrtomb_r
 .text.__ascii_wctomb
                0x00087770       0x18 c:/program files (x86)/atmel/studio/7.0/toolchain/arm/arm-gnu-toolchain/bin/../lib/gcc/arm-none-eabi/6.3.1/../../../../arm-none-eabi/lib/thumb/v7-m\libc.a(lib_a-wctomb_r.o)
                0x00087770                __ascii_wctomb
 .text._write_r
                0x00087788       0x2c c:/program files (x86)/atmel/studio/7.0/toolchain/arm/arm-gnu-toolchain/bin/../lib/gcc/arm-none-eabi/6.3.1/../../../../arm-none-eabi/lib/thumb/v7-m\libc.a(lib_a-writer.o)
                0x00087788                _write_r
 .text.__register_exitproc
                0x000877b4       0xc4 c:/program files (x86)/atmel/studio/7.0/toolchain/arm/arm-gnu-toolchain/bin/../lib/gcc/arm-none-eabi/6.3.1/../../../../arm-none-eabi/lib/thumb/v7-m\libc.a(lib_a-__atexit.o)
                0x000877b4                __register_exitproc
 .text._calloc_r
                0x00087878       0x60 c:/program files (x86)/atmel/studio/7.0/toolchain/arm/arm-gnu-toolchain/bin/../lib/gcc/arm-none-eabi/6.3.1/../../../../arm-none-eabi/lib/thumb/v7-m\libc.a(lib_a-callocr.o)
                0x00087878                _calloc_r
 .text._close_r
                0x000878d8       0x24 c:/program files (x86)/atmel/studio/7.0/toolchain/arm/arm-gnu-toolchain/bin/../lib/gcc/arm-none-eabi/6.3.1/../../../../arm-none-eabi/lib/thumb/v7-m\libc.a(lib_a-closer.o)
                0x000878d8                _close_r
 .text._fclose_r
                0x000878fc       0xc4 c:/program files (x86)/atmel/studio/7.0/toolchain/arm/arm-gnu-toolchain/bin/../lib/gcc/arm-none-eabi/6.3.1/../../../../arm-none-eabi/lib/thumb/v7-m\libc.a(lib_a-fclose.o)
                0x000878fc                _fclose_r
 .text._fstat_r
                0x000879c0       0x28 c:/program files (x86)/atmel/studio/7.0/toolchain/arm/arm-gnu-toolchain/bin/../lib/gcc/arm-none-eabi/6.3.1/../../../../arm-none-eabi/lib/thumb/v7-m\libc.a(lib_a-fstatr.o)
                0x000879c0                _fstat_r
 .text._isatty_r
                0x000879e8       0x24 c:/program files (x86)/atmel/studio/7.0/toolchain/arm/arm-gnu-toolchain/bin/../lib/gcc/arm-none-eabi/6.3.1/../../../../arm-none-eabi/lib/thumb/v7-m\libc.a(lib_a-isattyr.o)
                0x000879e8                _isatty_r
 .text._lseek_r
                0x00087a0c       0x2c c:/program files (x86)/atmel/studio/7.0/toolchain/arm/arm-gnu-toolchain/bin/../lib/gcc/arm-none-eabi/6.3.1/../../../../arm-none-eabi/lib/thumb/v7-m\libc.a(lib_a-lseekr.o)
                0x00087a0c                _lseek_r
 .text._read_r  0x00087a38       0x2c c:/program files (x86)/atmel/studio/7.0/toolchain/arm/arm-gnu-toolchain/bin/../lib/gcc/arm-none-eabi/6.3.1/../../../../arm-none-eabi/lib/thumb/v7-m\libc.a(lib_a-readr.o)
                0x00087a38                _read_r
 .text          0x00087a64      0x370 c:/program files (x86)/atmel/studio/7.0/toolchain/arm/arm-gnu-toolchain/bin/../lib/gcc/arm-none-eabi/6.3.1/thumb/v7-m\libgcc.a(_arm_addsubdf3.o)
                0x00087a64                __aeabi_drsub
                0x00087a6c                __aeabi_dsub
                0x00087a6c                __subdf3
                0x00087a70                __aeabi_dadd
                0x00087a70                __adddf3
                0x00087ce8                __floatunsidf
                0x00087ce8                __aeabi_ui2d
                0x00087d08                __floatsidf
                0x00087d08                __aeabi_i2d
                0x00087d2c                __aeabi_f2d
                0x00087d2c                __extendsfdf2
                0x00087d68                __floatundidf
                0x00087d68                __aeabi_ul2d
                0x00087d78                __floatdidf
                0x00087d78                __aeabi_l2d
 .text          0x00087dd4      0x424 c:/program files (x86)/atmel/studio/7.0/toolchain/arm/arm-gnu-toolchain/bin/../lib/gcc/arm-none-eabi/6.3.1/thumb/v7-m\libgcc.a(_arm_muldivdf3.o)
                0x00087dd4                __aeabi_dmul
                0x00087dd4                __muldf3
                0x00088028                __divdf3
                0x00088028                __aeabi_ddiv
 .text          0x000881f8      0x110 c:/program files (x86)/atmel/studio/7.0/toolchain/arm/arm-gnu-toolchain/bin/../lib/gcc/arm-none-eabi/6.3.1/thumb/v7-m\libgcc.a(_arm_cmpdf2.o)
                0x000881f8                __gtdf2
                0x000881f8                __gedf2
                0x00088200                __ltdf2
                0x00088200                __ledf2
                0x00088208                __nedf2
                0x00088208                __eqdf2
                0x00088208                __cmpdf2
                0x00088284                __aeabi_cdrcmple
                0x00088294                __aeabi_cdcmpeq
                0x00088294                __aeabi_cdcmple
                0x000882a4                __aeabi_dcmpeq
                0x000882b8                __aeabi_dcmplt
                0x000882cc                __aeabi_dcmple
                0x000882e0                __aeabi_dcmpge
                0x000882f4                __aeabi_dcmpgt
 .text          0x00088308       0x2c c:/program files (x86)/atmel/studio/7.0/toolchain/arm/arm-gnu-toolchain/bin/../lib/gcc/arm-none-eabi/6.3.1/thumb/v7-m\libgcc.a(_arm_unorddf2.o)
                0x00088308                __unorddf2
                0x00088308                __aeabi_dcmpun
 .text          0x00088334       0x50 c:/program files (x86)/atmel/studio/7.0/toolchain/arm/arm-gnu-toolchain/bin/../lib/gcc/arm-none-eabi/6.3.1/thumb/v7-m\libgcc.a(_arm_fixdfsi.o)
                0x00088334                __aeabi_d2iz
                0x00088334                __fixdfsi
 .text          0x00088384       0x30 c:/program files (x86)/atmel/studio/7.0/toolchain/arm/arm-gnu-toolchain/bin/../lib/gcc/arm-none-eabi/6.3.1/thumb/v7-m\libgcc.a(_aeabi_uldivmod.o)
                0x00088384                __aeabi_uldivmod
 .text          0x000883b4      0x2dc c:/program files (x86)/atmel/studio/7.0/toolchain/arm/arm-gnu-toolchain/bin/../lib/gcc/arm-none-eabi/6.3.1/thumb/v7-m\libgcc.a(_udivmoddi4.o)
                0x000883b4                __udivmoddi4
 .text          0x00088690        0x4 c:/program files (x86)/atmel/studio/7.0/toolchain/arm/arm-gnu-toolchain/bin/../lib/gcc/arm-none-eabi/6.3.1/thumb/v7-m\libgcc.a(_dvmd_tls.o)
                0x00088690                __aeabi_idiv0
                0x00088690                __aeabi_ldiv0
 *(.glue_7t)
 .glue_7t       0x00088694        0x0 linker stubs
 *(.glue_7)
 .glue_7        0x00088694        0x0 linker stubs
 *(.rodata .rodata* .gnu.linkonce.r.*)
 .rodata.configureConsole.str1.4
                0x00088694       0x1f src/ConsoleFunctions.o
 *fill*         0x000886b3        0x1 
 .rodata.lcdWrite4DigitNumber.str1.4
                0x000886b4        0x3 src/lcdApplication.o
 *fill*         0x000886b7        0x1 
 .rodata.lcdWriteButtonValue.str1.4
                0x000886b8       0x29 src/lcdApplication.o
 *fill*         0x000886e1        0x3 
 .rodata        0x000886e4       0x10 src/LCDFunctions.o
 .rodata.main.str1.4
                0x000886f4      0x20a test/main.o
 *fill*         0x000888fe        0x2 
 .rodata.test_ADConverterInitialisesProperly.str1.4
                0x00088900       0x4d test/test_adcFunctions.o
 *fill*         0x0008894d        0x3 
 .rodata.test_noButtonIsPressed.str1.4
                0x00088950       0x19 test/test_buttons.o
 *fill*         0x00088969        0x3 
 .rodata.test_writing4DigitNumberOnTheLCDDisplay.str1.4
                0x0008896c       0x19 test/test_lcdApplication.o
 *fill*         0x00088985        0x3 
 .rodata.test_writingAsciiStringOnTheLCDDisplay.str1.4
                0x00088988       0x11 test/test_lcdApplication.o
 *fill*         0x00088999        0x3 
 .rodata.p_PIOC_ODSR
                0x0008899c        0x4 test/test_lcdFunctions.o
                0x0008899c                p_PIOC_ODSR
 .rodata.test_initialisatinOfTheLCD.str1.4
                0x000889a0       0x19 test/test_lcdFunctions.o
 .rodata.UnitySizeMask
                0x000889a0       0x1c unity/unity.o
                0x000889a0                UnitySizeMask
 .rodata.UnityStrBreaker
                0x000889bc       0x18 unity/unity.o
                0x000889bc                UnityStrBreaker
 .rodata.UnityStrDelta
                0x000889d4       0x1a unity/unity.o
                0x000889d4                UnityStrDelta
 *fill*         0x000889ee        0x2 
 .rodata.UnityStrExpected
                0x000889f0        0xb unity/unity.o
                0x000889f0                UnityStrExpected
 *fill*         0x000889fb        0x1 
 .rodata.UnityStrFail
                0x000889fc        0x5 unity/unity.o
                0x000889fc                UnityStrFail
 *fill*         0x00088a01        0x3 
 .rodata.UnityStrOk
                0x00088a04        0x3 unity/unity.o
                0x00088a04                UnityStrOk
 *fill*         0x00088a07        0x1 
 .rodata.UnityStrPass
                0x00088a08        0x5 unity/unity.o
                0x00088a08                UnityStrPass
 *fill*         0x00088a0d        0x3 
 .rodata.UnityStrResultsFailures
                0x00088a10        0xb unity/unity.o
                0x00088a10                UnityStrResultsFailures
 *fill*         0x00088a1b        0x1 
 .rodata.UnityStrResultsIgnored
                0x00088a1c        0xa unity/unity.o
                0x00088a1c                UnityStrResultsIgnored
 *fill*         0x00088a26        0x2 
 .rodata.UnityStrResultsTests
                0x00088a28        0x8 unity/unity.o
                0x00088a28                UnityStrResultsTests
 .rodata.UnityStrSpacer
                0x00088a30        0x3 unity/unity.o
                0x00088a30                UnityStrSpacer
 *fill*         0x00088a33        0x1 
 .rodata.UnityStrWas
                0x00088a34        0x6 unity/unity.o
                0x00088a34                UnityStrWas
 *fill*         0x00088a3a        0x2 
 .rodata._global_impure_ptr
                0x00088a3c        0x4 c:/program files (x86)/atmel/studio/7.0/toolchain/arm/arm-gnu-toolchain/bin/../lib/gcc/arm-none-eabi/6.3.1/../../../../arm-none-eabi/lib/thumb/v7-m\libc.a(lib_a-impure.o)
                0x00088a3c                _global_impure_ptr
 .rodata._svfprintf_r.str1.4
                0x00088a40       0x42 c:/program files (x86)/atmel/studio/7.0/toolchain/arm/arm-gnu-toolchain/bin/../lib/gcc/arm-none-eabi/6.3.1/../../../../arm-none-eabi/lib/thumb/v7-m\libc.a(lib_a-svfprintf.o)
 *fill*         0x00088a82        0x2 
 .rodata.blanks.7223
                0x00088a84       0x10 c:/program files (x86)/atmel/studio/7.0/toolchain/arm/arm-gnu-toolchain/bin/../lib/gcc/arm-none-eabi/6.3.1/../../../../arm-none-eabi/lib/thumb/v7-m\libc.a(lib_a-svfprintf.o)
 .rodata.zeroes.7224
                0x00088a94       0x10 c:/program files (x86)/atmel/studio/7.0/toolchain/arm/arm-gnu-toolchain/bin/../lib/gcc/arm-none-eabi/6.3.1/../../../../arm-none-eabi/lib/thumb/v7-m\libc.a(lib_a-svfprintf.o)
 .rodata._vfiprintf_r.str1.4
                0x00088aa4       0x2f c:/program files (x86)/atmel/studio/7.0/toolchain/arm/arm-gnu-toolchain/bin/../lib/gcc/arm-none-eabi/6.3.1/../../../../arm-none-eabi/lib/thumb/v7-m\libc.a(lib_a-vfiprintf.o)
 .rodata.blanks.7217
                0x00088aa4       0x10 c:/program files (x86)/atmel/studio/7.0/toolchain/arm/arm-gnu-toolchain/bin/../lib/gcc/arm-none-eabi/6.3.1/../../../../arm-none-eabi/lib/thumb/v7-m\libc.a(lib_a-vfiprintf.o)
 .rodata.zeroes.7218
                0x00088ab4       0x10 c:/program files (x86)/atmel/studio/7.0/toolchain/arm/arm-gnu-toolchain/bin/../lib/gcc/arm-none-eabi/6.3.1/../../../../arm-none-eabi/lib/thumb/v7-m\libc.a(lib_a-vfiprintf.o)
 .rodata._dtoa_r.str1.4
                0x00088ac4       0x10 c:/program files (x86)/atmel/studio/7.0/toolchain/arm/arm-gnu-toolchain/bin/../lib/gcc/arm-none-eabi/6.3.1/../../../../arm-none-eabi/lib/thumb/v7-m\libc.a(lib_a-dtoa.o)
                                 0x12 (size before relaxing)
 .rodata._setlocale_r.str1.4
                0x00088ad4        0xa c:/program files (x86)/atmel/studio/7.0/toolchain/arm/arm-gnu-toolchain/bin/../lib/gcc/arm-none-eabi/6.3.1/../../../../arm-none-eabi/lib/thumb/v7-m\libc.a(lib_a-locale.o)
                                  0xd (size before relaxing)
 *fill*         0x00088ade        0x2 
 .rodata.str1.4
                0x00088ae0        0x4 c:/program files (x86)/atmel/studio/7.0/toolchain/arm/arm-gnu-toolchain/bin/../lib/gcc/arm-none-eabi/6.3.1/../../../../arm-none-eabi/lib/thumb/v7-m\libc.a(lib_a-locale.o)
                                  0x2 (size before relaxing)
 *fill*         0x00088ae4        0x4 
 .rodata.__mprec_bigtens
                0x00088ae8       0x28 c:/program files (x86)/atmel/studio/7.0/toolchain/arm/arm-gnu-toolchain/bin/../lib/gcc/arm-none-eabi/6.3.1/../../../../arm-none-eabi/lib/thumb/v7-m\libc.a(lib_a-mprec.o)
                0x00088ae8                __mprec_bigtens
 .rodata.__mprec_tens
                0x00088b10       0xc8 c:/program files (x86)/atmel/studio/7.0/toolchain/arm/arm-gnu-toolchain/bin/../lib/gcc/arm-none-eabi/6.3.1/../../../../arm-none-eabi/lib/thumb/v7-m\libc.a(lib_a-mprec.o)
                0x00088b10                __mprec_tens
 .rodata.p05.6055
                0x00088bd8        0xc c:/program files (x86)/atmel/studio/7.0/toolchain/arm/arm-gnu-toolchain/bin/../lib/gcc/arm-none-eabi/6.3.1/../../../../arm-none-eabi/lib/thumb/v7-m\libc.a(lib_a-mprec.o)
 .rodata._ctype_
                0x00088be4      0x101 c:/program files (x86)/atmel/studio/7.0/toolchain/arm/arm-gnu-toolchain/bin/../lib/gcc/arm-none-eabi/6.3.1/../../../../arm-none-eabi/lib/thumb/v7-m\libc.a(lib_a-ctype_.o)
                0x00088be4                _ctype_
 *(.ARM.extab* .gnu.linkonce.armextab.*)
                0x00088ce8                . = ALIGN (0x4)
 *fill*         0x00088ce5        0x3 
 *(.init)
 .init          0x00088ce8        0x4 c:/program files (x86)/atmel/studio/7.0/toolchain/arm/arm-gnu-toolchain/bin/../lib/gcc/arm-none-eabi/6.3.1/thumb/v7-m/crti.o
                0x00088ce8                _init
 .init          0x00088cec        0x8 c:/program files (x86)/atmel/studio/7.0/toolchain/arm/arm-gnu-toolchain/bin/../lib/gcc/arm-none-eabi/6.3.1/thumb/v7-m/crtn.o
                0x00088cf4                . = ALIGN (0x4)
                0x00088cf4                __preinit_array_start = .
 *(.preinit_array)
                0x00088cf4                __preinit_array_end = .
                0x00088cf4                . = ALIGN (0x4)
                0x00088cf4                __init_array_start = .
 *(SORT(.init_array.*))
 .init_array.00000
                0x00088cf4        0x4 c:/program files (x86)/atmel/studio/7.0/toolchain/arm/arm-gnu-toolchain/bin/../lib/gcc/arm-none-eabi/6.3.1/../../../../arm-none-eabi/lib/thumb/v7-m\libc.a(lib_a-__call_atexit.o)
 *(.init_array)
 .init_array    0x00088cf8        0x4 c:/program files (x86)/atmel/studio/7.0/toolchain/arm/arm-gnu-toolchain/bin/../lib/gcc/arm-none-eabi/6.3.1/thumb/v7-m/crtbegin.o
                0x00088cfc                __init_array_end = .
                0x00088cfc                . = ALIGN (0x4)
 *crtbegin.o(.ctors)
 *(EXCLUDE_FILE(*crtend.o) .ctors)
 *(SORT(.ctors.*))
 *crtend.o(.ctors)
                0x00088cfc                . = ALIGN (0x4)
 *(.fini)
 .fini          0x00088cfc        0x4 c:/program files (x86)/atmel/studio/7.0/toolchain/arm/arm-gnu-toolchain/bin/../lib/gcc/arm-none-eabi/6.3.1/thumb/v7-m/crti.o
                0x00088cfc                _fini
 .fini          0x00088d00        0x8 c:/program files (x86)/atmel/studio/7.0/toolchain/arm/arm-gnu-toolchain/bin/../lib/gcc/arm-none-eabi/6.3.1/thumb/v7-m/crtn.o
                0x00088d08                . = ALIGN (0x4)
                0x00088d08                __fini_array_start = .
 *(.fini_array)
 .fini_array    0x00088d08        0x4 c:/program files (x86)/atmel/studio/7.0/toolchain/arm/arm-gnu-toolchain/bin/../lib/gcc/arm-none-eabi/6.3.1/thumb/v7-m/crtbegin.o
 *(SORT(.fini_array.*))
                0x00088d0c                __fini_array_end = .
 *crtbegin.o(.dtors)
 *(EXCLUDE_FILE(*crtend.o) .dtors)
 *(SORT(.dtors.*))
 *crtend.o(.dtors)
                0x00088d0c                . = ALIGN (0x4)
                0x00088d0c                _efixed = .
                [!provide]                PROVIDE (__exidx_start, .)

.vfp11_veneer   0x00088d0c        0x0
 .vfp11_veneer  0x00088d0c        0x0 linker stubs

.v4_bx          0x00088d0c        0x0
 .v4_bx         0x00088d0c        0x0 linker stubs

.iplt           0x00088d0c        0x0
 .iplt          0x00088d0c        0x0 c:/program files (x86)/atmel/studio/7.0/toolchain/arm/arm-gnu-toolchain/bin/../lib/gcc/arm-none-eabi/6.3.1/thumb/v7-m/crtbegin.o

.ARM.exidx      0x00088d0c        0x8
 *(.ARM.exidx* .gnu.linkonce.armexidx.*)
 .ARM.exidx     0x00088d0c        0x8 c:/program files (x86)/atmel/studio/7.0/toolchain/arm/arm-gnu-toolchain/bin/../lib/gcc/arm-none-eabi/6.3.1/thumb/v7-m\libgcc.a(_udivmoddi4.o)
                [!provide]                PROVIDE (__exidx_end, .)

.eh_frame       0x00088d14        0x0
 .eh_frame      0x00088d14        0x0 c:/program files (x86)/atmel/studio/7.0/toolchain/arm/arm-gnu-toolchain/bin/../lib/gcc/arm-none-eabi/6.3.1/thumb/v7-m/crtbegin.o

.rel.dyn        0x00088d14        0x0
 .rel.iplt      0x00088d14        0x0 c:/program files (x86)/atmel/studio/7.0/toolchain/arm/arm-gnu-toolchain/bin/../lib/gcc/arm-none-eabi/6.3.1/thumb/v7-m/crtbegin.o

.jcr            0x00088d14        0x0
 .jcr           0x00088d14        0x0 c:/program files (x86)/atmel/studio/7.0/toolchain/arm/arm-gnu-toolchain/bin/../lib/gcc/arm-none-eabi/6.3.1/thumb/v7-m/crtbegin.o

.igot.plt       0x00088d14        0x0
 .igot.plt      0x00088d14        0x0 c:/program files (x86)/atmel/studio/7.0/toolchain/arm/arm-gnu-toolchain/bin/../lib/gcc/arm-none-eabi/6.3.1/thumb/v7-m/crtbegin.o
                0x00088d14                . = ALIGN (0x4)
                0x00088d14                _etext = .

.relocate       0x20070000      0xae0 load address 0x00088d14
                0x20070000                . = ALIGN (0x4)
                0x20070000                _srelocate = .
 *(.ramfunc .ramfunc.*)
 .ramfunc       0x20070000      0x12c src/ASF/sam/utils/cmsis/sam3x/source/templates/system_sam3x.o
                0x20070000                SystemInit
                0x200700a4                system_init_flash
 *(.data .data.*)
 .data.g_interrupt_enabled
                0x2007012c        0x1 src/ASF/common/utils/interrupt/interrupt_sam_nvic.o
                0x2007012c                g_interrupt_enabled
 *fill*         0x2007012d        0x3 
 .data.SystemCoreClock
                0x20070130        0x4 src/ASF/sam/utils/cmsis/sam3x/source/templates/system_sam3x.o
                0x20070130                SystemCoreClock
 .data._impure_ptr
                0x20070134        0x4 c:/program files (x86)/atmel/studio/7.0/toolchain/arm/arm-gnu-toolchain/bin/../lib/gcc/arm-none-eabi/6.3.1/../../../../arm-none-eabi/lib/thumb/v7-m\libc.a(lib_a-impure.o)
                0x20070134                _impure_ptr
 .data.impure_data
                0x20070138      0x428 c:/program files (x86)/atmel/studio/7.0/toolchain/arm/arm-gnu-toolchain/bin/../lib/gcc/arm-none-eabi/6.3.1/../../../../arm-none-eabi/lib/thumb/v7-m\libc.a(lib_a-impure.o)
 .data.__atexit_recursive_mutex
                0x20070560        0x4 c:/program files (x86)/atmel/studio/7.0/toolchain/arm/arm-gnu-toolchain/bin/../lib/gcc/arm-none-eabi/6.3.1/../../../../arm-none-eabi/lib/thumb/v7-m\libc.a(lib_a-__call_atexit.o)
                0x20070560                __atexit_recursive_mutex
 .data.__global_locale
                0x20070564      0x16c c:/program files (x86)/atmel/studio/7.0/toolchain/arm/arm-gnu-toolchain/bin/../lib/gcc/arm-none-eabi/6.3.1/../../../../arm-none-eabi/lib/thumb/v7-m\libc.a(lib_a-locale.o)
                0x20070564                __global_locale
 .data.__malloc_av_
                0x200706d0      0x408 c:/program files (x86)/atmel/studio/7.0/toolchain/arm/arm-gnu-toolchain/bin/../lib/gcc/arm-none-eabi/6.3.1/../../../../arm-none-eabi/lib/thumb/v7-m\libc.a(lib_a-mallocr.o)
                0x200706d0                __malloc_av_
 .data.__malloc_sbrk_base
                0x20070ad8        0x4 c:/program files (x86)/atmel/studio/7.0/toolchain/arm/arm-gnu-toolchain/bin/../lib/gcc/arm-none-eabi/6.3.1/../../../../arm-none-eabi/lib/thumb/v7-m\libc.a(lib_a-mallocr.o)
                0x20070ad8                __malloc_sbrk_base
 .data.__malloc_trim_threshold
                0x20070adc        0x4 c:/program files (x86)/atmel/studio/7.0/toolchain/arm/arm-gnu-toolchain/bin/../lib/gcc/arm-none-eabi/6.3.1/../../../../arm-none-eabi/lib/thumb/v7-m\libc.a(lib_a-mallocr.o)
                0x20070adc                __malloc_trim_threshold
                0x20070ae0                . = ALIGN (0x4)
                0x20070ae0                _erelocate = .

.bss            0x20070ae0      0x214 load address 0x000897f4
                0x20070ae0                . = ALIGN (0x4)
                0x20070ae0                _sbss = .
                0x20070ae0                _szero = .
 *(.bss .bss.*)
 .bss           0x20070ae0       0x1c c:/program files (x86)/atmel/studio/7.0/toolchain/arm/arm-gnu-toolchain/bin/../lib/gcc/arm-none-eabi/6.3.1/thumb/v7-m/crtbegin.o
 .bss.serial_rx_buf
                0x20070afc       0x9c src/ASF/thirdparty/wireless/addons/sio2host/uart/sio2host.o
 .bss.serial_rx_buf_tail
                0x20070b98        0x1 src/ASF/thirdparty/wireless/addons/sio2host/uart/sio2host.o
 *fill*         0x20070b99        0x3 
 .bss.gs_interrupt_sources
                0x20070b9c       0x70 src/ASF/sam/drivers/pio/pio_handler.o
 .bss.heap.5297
                0x20070c0c        0x4 src/ASF/sam/utils/syscalls/gcc/syscalls.o
 .bss.__malloc_current_mallinfo
                0x20070c10       0x28 c:/program files (x86)/atmel/studio/7.0/toolchain/arm/arm-gnu-toolchain/bin/../lib/gcc/arm-none-eabi/6.3.1/../../../../arm-none-eabi/lib/thumb/v7-m\libc.a(lib_a-mallocr.o)
                0x20070c10                __malloc_current_mallinfo
 .bss.__malloc_max_sbrked_mem
                0x20070c38        0x4 c:/program files (x86)/atmel/studio/7.0/toolchain/arm/arm-gnu-toolchain/bin/../lib/gcc/arm-none-eabi/6.3.1/../../../../arm-none-eabi/lib/thumb/v7-m\libc.a(lib_a-mallocr.o)
                0x20070c38                __malloc_max_sbrked_mem
 .bss.__malloc_max_total_mem
                0x20070c3c        0x4 c:/program files (x86)/atmel/studio/7.0/toolchain/arm/arm-gnu-toolchain/bin/../lib/gcc/arm-none-eabi/6.3.1/../../../../arm-none-eabi/lib/thumb/v7-m\libc.a(lib_a-mallocr.o)
                0x20070c3c                __malloc_max_total_mem
 .bss.__malloc_top_pad
                0x20070c40        0x4 c:/program files (x86)/atmel/studio/7.0/toolchain/arm/arm-gnu-toolchain/bin/../lib/gcc/arm-none-eabi/6.3.1/../../../../arm-none-eabi/lib/thumb/v7-m\libc.a(lib_a-mallocr.o)
                0x20070c40                __malloc_top_pad
 *(COMMON)
 COMMON         0x20070c44        0x4 src/ASF/common/utils/stdio/read.o
                0x20070c44                ptr_get
 COMMON         0x20070c48        0x8 src/ASF/common/utils/stdio/write.o
                0x20070c48                ptr_put
                0x20070c4c                stdio_base
 COMMON         0x20070c50       0x7c unity/unity.o
                0x20070c50                Unity
 COMMON         0x20070ccc       0x21 c:/program files (x86)/atmel/studio/7.0/toolchain/arm/arm-gnu-toolchain/bin/../lib/gcc/arm-none-eabi/6.3.1/../../../../arm-none-eabi/lib/thumb/v7-m\libc.a(lib_a-lock.o)
                0x20070ccc                __lock___atexit_recursive_mutex
                0x20070cd0                __lock___arc4random_mutex
                0x20070cd4                __lock___env_recursive_mutex
                0x20070cd8                __lock___sinit_recursive_mutex
                0x20070cdc                __lock___malloc_recursive_mutex
                0x20070ce0                __lock___at_quick_exit_mutex
                0x20070ce4                __lock___dd_hash_mutex
                0x20070ce8                __lock___tz_mutex
                0x20070cec                __lock___sfp_recursive_mutex
 *fill*         0x20070ced        0x3 
 COMMON         0x20070cf0        0x4 c:/program files (x86)/atmel/studio/7.0/toolchain/arm/arm-gnu-toolchain/bin/../lib/gcc/arm-none-eabi/6.3.1/../../../../arm-none-eabi/lib/thumb/v7-m\libc.a(lib_a-reent.o)
                0x20070cf0                errno
                0x20070cf4                . = ALIGN (0x4)
                0x20070cf4                _ebss = .
                0x20070cf4                _ezero = .

.stack          0x20070cf4     0x2004 load address 0x00089a08
                0x20070cf8                . = ALIGN (0x8)
 *fill*         0x20070cf4        0x4 
                0x20070cf8                _sstack = .
                0x20072cf8                . = (. + __stack_size__)
 *fill*         0x20070cf8     0x2000 
                0x20072cf8                . = ALIGN (0x8)
                0x20072cf8                _estack = .
                0x20072cf8                . = ALIGN (0x4)
                0x20072cf8                _end = .
OUTPUT(ProjectShield.elf elf32-littlearm)

.ARM.attributes
                0x00000000       0x29
 .ARM.attributes
                0x00000000       0x1d c:/program files (x86)/atmel/studio/7.0/toolchain/arm/arm-gnu-toolchain/bin/../lib/gcc/arm-none-eabi/6.3.1/thumb/v7-m/crti.o
 .ARM.attributes
                0x0000001d       0x2d c:/program files (x86)/atmel/studio/7.0/toolchain/arm/arm-gnu-toolchain/bin/../lib/gcc/arm-none-eabi/6.3.1/thumb/v7-m/crtbegin.o
 .ARM.attributes
                0x0000004a       0x33 src/adcFunctions.o
 .ARM.attributes
                0x0000007d       0x33 src/ASF/common/services/serial/usart_serial.o
 .ARM.attributes
                0x000000b0       0x33 src/ASF/common/utils/stdio/read.o
 .ARM.attributes
                0x000000e3       0x33 src/ASF/common/utils/stdio/write.o
 .ARM.attributes
                0x00000116       0x33 src/ASF/sam/drivers/adc/adc.o
 .ARM.attributes
                0x00000149       0x33 src/ASF/sam/drivers/tc/tc.o
 .ARM.attributes
                0x0000017c       0x33 src/ASF/sam/drivers/uart/uart.o
 .ARM.attributes
                0x000001af       0x33 src/ASF/sam/drivers/usart/usart.o
 .ARM.attributes
                0x000001e2       0x33 src/ASF/thirdparty/wireless/addons/sio2host/uart/sio2host.o
 .ARM.attributes
                0x00000215       0x33 src/buttons.o
 .ARM.attributes
                0x00000248       0x33 src/ConsoleFunctions.o
 .ARM.attributes
                0x0000027b       0x33 src/DelayFunctions.o
 .ARM.attributes
                0x000002ae       0x33 src/lcdApplication.o
 .ARM.attributes
                0x000002e1       0x33 src/LCDFunctions.o
 .ARM.attributes
                0x00000314       0x33 test/main.o
 .ARM.attributes
                0x00000347       0x33 test/test_adcFunctions.o
 .ARM.attributes
                0x0000037a       0x33 test/test_buttons.o
 .ARM.attributes
                0x000003ad       0x33 test/test_delayFunctions.o
 .ARM.attributes
                0x000003e0       0x33 test/test_lcdApplication.o
 .ARM.attributes
                0x00000413       0x33 test/test_lcdFunctions.o
 .ARM.attributes
                0x00000446       0x33 unity/unity.o
 .ARM.attributes
                0x00000479       0x33 src/ASF/common/services/clock/sam3x/sysclk.o
 .ARM.attributes
                0x000004ac       0x33 src/ASF/common/utils/interrupt/interrupt_sam_nvic.o
 .ARM.attributes
                0x000004df       0x33 src/ASF/sam/boards/arduino_due_x/init.o
 .ARM.attributes
                0x00000512       0x33 src/ASF/sam/drivers/pio/pio.o
 .ARM.attributes
                0x00000545       0x33 src/ASF/sam/drivers/pio/pio_handler.o
 .ARM.attributes
                0x00000578       0x33 src/ASF/sam/drivers/pmc/pmc.o
 .ARM.attributes
                0x000005ab       0x33 src/ASF/sam/utils/cmsis/sam3x/source/templates/exceptions.o
 .ARM.attributes
                0x000005de       0x33 src/ASF/sam/utils/cmsis/sam3x/source/templates/gcc/startup_sam3x.o
 .ARM.attributes
                0x00000611       0x33 src/ASF/sam/utils/cmsis/sam3x/source/templates/system_sam3x.o
 .ARM.attributes
                0x00000644       0x33 src/ASF/sam/utils/syscalls/gcc/syscalls.o
 .ARM.attributes
                0x00000677       0x2d c:/program files (x86)/atmel/studio/7.0/toolchain/arm/arm-gnu-toolchain/bin/../lib/gcc/arm-none-eabi/6.3.1/../../../../arm-none-eabi/lib/thumb/v7-m\libc.a(lib_a-impure.o)
 .ARM.attributes
                0x000006a4       0x2d c:/program files (x86)/atmel/studio/7.0/toolchain/arm/arm-gnu-toolchain/bin/../lib/gcc/arm-none-eabi/6.3.1/../../../../arm-none-eabi/lib/thumb/v7-m\libc.a(lib_a-init.o)
 .ARM.attributes
                0x000006d1       0x2d c:/program files (x86)/atmel/studio/7.0/toolchain/arm/arm-gnu-toolchain/bin/../lib/gcc/arm-none-eabi/6.3.1/../../../../arm-none-eabi/lib/thumb/v7-m\libc.a(lib_a-iprintf.o)
 .ARM.attributes
                0x000006fe       0x2d c:/program files (x86)/atmel/studio/7.0/toolchain/arm/arm-gnu-toolchain/bin/../lib/gcc/arm-none-eabi/6.3.1/../../../../arm-none-eabi/lib/thumb/v7-m\libc.a(lib_a-memset.o)
 .ARM.attributes
                0x0000072b       0x2d c:/program files (x86)/atmel/studio/7.0/toolchain/arm/arm-gnu-toolchain/bin/../lib/gcc/arm-none-eabi/6.3.1/../../../../arm-none-eabi/lib/thumb/v7-m\libc.a(lib_a-setbuf.o)
 .ARM.attributes
                0x00000758       0x1b c:/program files (x86)/atmel/studio/7.0/toolchain/arm/arm-gnu-toolchain/bin/../lib/gcc/arm-none-eabi/6.3.1/../../../../arm-none-eabi/lib/thumb/v7-m\libc.a(lib_a-setjmp.o)
 .ARM.attributes
                0x00000773       0x2d c:/program files (x86)/atmel/studio/7.0/toolchain/arm/arm-gnu-toolchain/bin/../lib/gcc/arm-none-eabi/6.3.1/../../../../arm-none-eabi/lib/thumb/v7-m\libc.a(lib_a-setvbuf.o)
 .ARM.attributes
                0x000007a0       0x2d c:/program files (x86)/atmel/studio/7.0/toolchain/arm/arm-gnu-toolchain/bin/../lib/gcc/arm-none-eabi/6.3.1/../../../../arm-none-eabi/lib/thumb/v7-m\libc.a(lib_a-sprintf.o)
 .ARM.attributes
                0x000007cd       0x2d c:/program files (x86)/atmel/studio/7.0/toolchain/arm/arm-gnu-toolchain/bin/../lib/gcc/arm-none-eabi/6.3.1/../../../../arm-none-eabi/lib/thumb/v7-m\libc.a(lib_a-strlen-stub.o)
 .ARM.attributes
                0x000007fa       0x2d c:/program files (x86)/atmel/studio/7.0/toolchain/arm/arm-gnu-toolchain/bin/../lib/gcc/arm-none-eabi/6.3.1/../../../../arm-none-eabi/lib/thumb/v7-m\libc.a(lib_a-svfprintf.o)
 .ARM.attributes
                0x00000827       0x2d c:/program files (x86)/atmel/studio/7.0/toolchain/arm/arm-gnu-toolchain/bin/../lib/gcc/arm-none-eabi/6.3.1/../../../../arm-none-eabi/lib/thumb/v7-m\libc.a(lib_a-vfiprintf.o)
 .ARM.attributes
                0x00000854       0x2d c:/program files (x86)/atmel/studio/7.0/toolchain/arm/arm-gnu-toolchain/bin/../lib/gcc/arm-none-eabi/6.3.1/../../../../arm-none-eabi/lib/thumb/v7-m\libc.a(lib_a-wbuf.o)
 .ARM.attributes
                0x00000881       0x2d c:/program files (x86)/atmel/studio/7.0/toolchain/arm/arm-gnu-toolchain/bin/../lib/gcc/arm-none-eabi/6.3.1/../../../../arm-none-eabi/lib/thumb/v7-m\libc.a(lib_a-wsetup.o)
 .ARM.attributes
                0x000008ae       0x2d c:/program files (x86)/atmel/studio/7.0/toolchain/arm/arm-gnu-toolchain/bin/../lib/gcc/arm-none-eabi/6.3.1/../../../../arm-none-eabi/lib/thumb/v7-m\libc.a(lib_a-__call_atexit.o)
 .ARM.attributes
                0x000008db       0x2d c:/program files (x86)/atmel/studio/7.0/toolchain/arm/arm-gnu-toolchain/bin/../lib/gcc/arm-none-eabi/6.3.1/../../../../arm-none-eabi/lib/thumb/v7-m\libc.a(lib_a-atexit.o)
 .ARM.attributes
                0x00000908       0x2d c:/program files (x86)/atmel/studio/7.0/toolchain/arm/arm-gnu-toolchain/bin/../lib/gcc/arm-none-eabi/6.3.1/../../../../arm-none-eabi/lib/thumb/v7-m\libc.a(lib_a-dtoa.o)
 .ARM.attributes
                0x00000935       0x2d c:/program files (x86)/atmel/studio/7.0/toolchain/arm/arm-gnu-toolchain/bin/../lib/gcc/arm-none-eabi/6.3.1/../../../../arm-none-eabi/lib/thumb/v7-m\libc.a(lib_a-fflush.o)
 .ARM.attributes
                0x00000962       0x2d c:/program files (x86)/atmel/studio/7.0/toolchain/arm/arm-gnu-toolchain/bin/../lib/gcc/arm-none-eabi/6.3.1/../../../../arm-none-eabi/lib/thumb/v7-m\libc.a(lib_a-findfp.o)
 .ARM.attributes
                0x0000098f       0x2d c:/program files (x86)/atmel/studio/7.0/toolchain/arm/arm-gnu-toolchain/bin/../lib/gcc/arm-none-eabi/6.3.1/../../../../arm-none-eabi/lib/thumb/v7-m\libc.a(lib_a-fini.o)
 .ARM.attributes
                0x000009bc       0x2d c:/program files (x86)/atmel/studio/7.0/toolchain/arm/arm-gnu-toolchain/bin/../lib/gcc/arm-none-eabi/6.3.1/../../../../arm-none-eabi/lib/thumb/v7-m\libc.a(lib_a-fputwc.o)
 .ARM.attributes
                0x000009e9       0x2d c:/program files (x86)/atmel/studio/7.0/toolchain/arm/arm-gnu-toolchain/bin/../lib/gcc/arm-none-eabi/6.3.1/../../../../arm-none-eabi/lib/thumb/v7-m\libc.a(lib_a-freer.o)
 .ARM.attributes
                0x00000a16       0x2d c:/program files (x86)/atmel/studio/7.0/toolchain/arm/arm-gnu-toolchain/bin/../lib/gcc/arm-none-eabi/6.3.1/../../../../arm-none-eabi/lib/thumb/v7-m\libc.a(lib_a-fvwrite.o)
 .ARM.attributes
                0x00000a43       0x2d c:/program files (x86)/atmel/studio/7.0/toolchain/arm/arm-gnu-toolchain/bin/../lib/gcc/arm-none-eabi/6.3.1/../../../../arm-none-eabi/lib/thumb/v7-m\libc.a(lib_a-fwalk.o)
 .ARM.attributes
                0x00000a70       0x2d c:/program files (x86)/atmel/studio/7.0/toolchain/arm/arm-gnu-toolchain/bin/../lib/gcc/arm-none-eabi/6.3.1/../../../../arm-none-eabi/lib/thumb/v7-m\libc.a(lib_a-locale.o)
 .ARM.attributes
                0x00000a9d       0x2d c:/program files (x86)/atmel/studio/7.0/toolchain/arm/arm-gnu-toolchain/bin/../lib/gcc/arm-none-eabi/6.3.1/../../../../arm-none-eabi/lib/thumb/v7-m\libc.a(lib_a-localeconv.o)
 .ARM.attributes
                0x00000aca       0x2d c:/program files (x86)/atmel/studio/7.0/toolchain/arm/arm-gnu-toolchain/bin/../lib/gcc/arm-none-eabi/6.3.1/../../../../arm-none-eabi/lib/thumb/v7-m\libc.a(lib_a-lock.o)
 .ARM.attributes
                0x00000af7       0x2d c:/program files (x86)/atmel/studio/7.0/toolchain/arm/arm-gnu-toolchain/bin/../lib/gcc/arm-none-eabi/6.3.1/../../../../arm-none-eabi/lib/thumb/v7-m\libc.a(lib_a-makebuf.o)
 .ARM.attributes
                0x00000b24       0x2d c:/program files (x86)/atmel/studio/7.0/toolchain/arm/arm-gnu-toolchain/bin/../lib/gcc/arm-none-eabi/6.3.1/../../../../arm-none-eabi/lib/thumb/v7-m\libc.a(lib_a-malloc.o)
 .ARM.attributes
                0x00000b51       0x2d c:/program files (x86)/atmel/studio/7.0/toolchain/arm/arm-gnu-toolchain/bin/../lib/gcc/arm-none-eabi/6.3.1/../../../../arm-none-eabi/lib/thumb/v7-m\libc.a(lib_a-mallocr.o)
 .ARM.attributes
                0x00000b7e       0x2d c:/program files (x86)/atmel/studio/7.0/toolchain/arm/arm-gnu-toolchain/bin/../lib/gcc/arm-none-eabi/6.3.1/../../../../arm-none-eabi/lib/thumb/v7-m\libc.a(lib_a-mbtowc_r.o)
 .ARM.attributes
                0x00000bab       0x2d c:/program files (x86)/atmel/studio/7.0/toolchain/arm/arm-gnu-toolchain/bin/../lib/gcc/arm-none-eabi/6.3.1/../../../../arm-none-eabi/lib/thumb/v7-m\libc.a(lib_a-memchr-stub.o)
 .ARM.attributes
                0x00000bd8       0x1b c:/program files (x86)/atmel/studio/7.0/toolchain/arm/arm-gnu-toolchain/bin/../lib/gcc/arm-none-eabi/6.3.1/../../../../arm-none-eabi/lib/thumb/v7-m\libc.a(lib_a-memcpy.o)
 .ARM.attributes
                0x00000bf3       0x2d c:/program files (x86)/atmel/studio/7.0/toolchain/arm/arm-gnu-toolchain/bin/../lib/gcc/arm-none-eabi/6.3.1/../../../../arm-none-eabi/lib/thumb/v7-m\libc.a(lib_a-memmove.o)
 .ARM.attributes
                0x00000c20       0x2d c:/program files (x86)/atmel/studio/7.0/toolchain/arm/arm-gnu-toolchain/bin/../lib/gcc/arm-none-eabi/6.3.1/../../../../arm-none-eabi/lib/thumb/v7-m\libc.a(lib_a-mlock.o)
 .ARM.attributes
                0x00000c4d       0x2d c:/program files (x86)/atmel/studio/7.0/toolchain/arm/arm-gnu-toolchain/bin/../lib/gcc/arm-none-eabi/6.3.1/../../../../arm-none-eabi/lib/thumb/v7-m\libc.a(lib_a-mprec.o)
 .ARM.attributes
                0x00000c7a       0x2d c:/program files (x86)/atmel/studio/7.0/toolchain/arm/arm-gnu-toolchain/bin/../lib/gcc/arm-none-eabi/6.3.1/../../../../arm-none-eabi/lib/thumb/v7-m\libc.a(lib_a-reallocr.o)
 .ARM.attributes
                0x00000ca7       0x2d c:/program files (x86)/atmel/studio/7.0/toolchain/arm/arm-gnu-toolchain/bin/../lib/gcc/arm-none-eabi/6.3.1/../../../../arm-none-eabi/lib/thumb/v7-m\libc.a(lib_a-sbrkr.o)
 .ARM.attributes
                0x00000cd4       0x2d c:/program files (x86)/atmel/studio/7.0/toolchain/arm/arm-gnu-toolchain/bin/../lib/gcc/arm-none-eabi/6.3.1/../../../../arm-none-eabi/lib/thumb/v7-m\libc.a(lib_a-stdio.o)
 .ARM.attributes
                0x00000d01       0x2d c:/program files (x86)/atmel/studio/7.0/toolchain/arm/arm-gnu-toolchain/bin/../lib/gcc/arm-none-eabi/6.3.1/../../../../arm-none-eabi/lib/thumb/v7-m\libc.a(lib_a-svfiprintf.o)
 .ARM.attributes
                0x00000d2e       0x2d c:/program files (x86)/atmel/studio/7.0/toolchain/arm/arm-gnu-toolchain/bin/../lib/gcc/arm-none-eabi/6.3.1/../../../../arm-none-eabi/lib/thumb/v7-m\libc.a(lib_a-wcrtomb.o)
 .ARM.attributes
                0x00000d5b       0x2d c:/program files (x86)/atmel/studio/7.0/toolchain/arm/arm-gnu-toolchain/bin/../lib/gcc/arm-none-eabi/6.3.1/../../../../arm-none-eabi/lib/thumb/v7-m\libc.a(lib_a-wctomb_r.o)
 .ARM.attributes
                0x00000d88       0x2d c:/program files (x86)/atmel/studio/7.0/toolchain/arm/arm-gnu-toolchain/bin/../lib/gcc/arm-none-eabi/6.3.1/../../../../arm-none-eabi/lib/thumb/v7-m\libc.a(lib_a-writer.o)
 .ARM.attributes
                0x00000db5       0x2d c:/program files (x86)/atmel/studio/7.0/toolchain/arm/arm-gnu-toolchain/bin/../lib/gcc/arm-none-eabi/6.3.1/../../../../arm-none-eabi/lib/thumb/v7-m\libc.a(lib_a-__atexit.o)
 .ARM.attributes
                0x00000de2       0x2d c:/program files (x86)/atmel/studio/7.0/toolchain/arm/arm-gnu-toolchain/bin/../lib/gcc/arm-none-eabi/6.3.1/../../../../arm-none-eabi/lib/thumb/v7-m\libc.a(lib_a-callocr.o)
 .ARM.attributes
                0x00000e0f       0x2d c:/program files (x86)/atmel/studio/7.0/toolchain/arm/arm-gnu-toolchain/bin/../lib/gcc/arm-none-eabi/6.3.1/../../../../arm-none-eabi/lib/thumb/v7-m\libc.a(lib_a-closer.o)
 .ARM.attributes
                0x00000e3c       0x2d c:/program files (x86)/atmel/studio/7.0/toolchain/arm/arm-gnu-toolchain/bin/../lib/gcc/arm-none-eabi/6.3.1/../../../../arm-none-eabi/lib/thumb/v7-m\libc.a(lib_a-ctype_.o)
 .ARM.attributes
                0x00000e69       0x2d c:/program files (x86)/atmel/studio/7.0/toolchain/arm/arm-gnu-toolchain/bin/../lib/gcc/arm-none-eabi/6.3.1/../../../../arm-none-eabi/lib/thumb/v7-m\libc.a(lib_a-fclose.o)
 .ARM.attributes
                0x00000e96       0x2d c:/program files (x86)/atmel/studio/7.0/toolchain/arm/arm-gnu-toolchain/bin/../lib/gcc/arm-none-eabi/6.3.1/../../../../arm-none-eabi/lib/thumb/v7-m\libc.a(lib_a-fstatr.o)
 .ARM.attributes
                0x00000ec3       0x2d c:/program files (x86)/atmel/studio/7.0/toolchain/arm/arm-gnu-toolchain/bin/../lib/gcc/arm-none-eabi/6.3.1/../../../../arm-none-eabi/lib/thumb/v7-m\libc.a(lib_a-isattyr.o)
 .ARM.attributes
                0x00000ef0       0x2d c:/program files (x86)/atmel/studio/7.0/toolchain/arm/arm-gnu-toolchain/bin/../lib/gcc/arm-none-eabi/6.3.1/../../../../arm-none-eabi/lib/thumb/v7-m\libc.a(lib_a-lseekr.o)
 .ARM.attributes
                0x00000f1d       0x2d c:/program files (x86)/atmel/studio/7.0/toolchain/arm/arm-gnu-toolchain/bin/../lib/gcc/arm-none-eabi/6.3.1/../../../../arm-none-eabi/lib/thumb/v7-m\libc.a(lib_a-readr.o)
 .ARM.attributes
                0x00000f4a       0x2d c:/program files (x86)/atmel/studio/7.0/toolchain/arm/arm-gnu-toolchain/bin/../lib/gcc/arm-none-eabi/6.3.1/../../../../arm-none-eabi/lib/thumb/v7-m\libc.a(lib_a-reent.o)
 .ARM.attributes
                0x00000f77       0x1d c:/program files (x86)/atmel/studio/7.0/toolchain/arm/arm-gnu-toolchain/bin/../lib/gcc/arm-none-eabi/6.3.1/thumb/v7-m\libgcc.a(_arm_addsubdf3.o)
 .ARM.attributes
                0x00000f94       0x1d c:/program files (x86)/atmel/studio/7.0/toolchain/arm/arm-gnu-toolchain/bin/../lib/gcc/arm-none-eabi/6.3.1/thumb/v7-m\libgcc.a(_arm_muldivdf3.o)
 .ARM.attributes
                0x00000fb1       0x1d c:/program files (x86)/atmel/studio/7.0/toolchain/arm/arm-gnu-toolchain/bin/../lib/gcc/arm-none-eabi/6.3.1/thumb/v7-m\libgcc.a(_arm_cmpdf2.o)
 .ARM.attributes
                0x00000fce       0x1d c:/program files (x86)/atmel/studio/7.0/toolchain/arm/arm-gnu-toolchain/bin/../lib/gcc/arm-none-eabi/6.3.1/thumb/v7-m\libgcc.a(_arm_unorddf2.o)
 .ARM.attributes
                0x00000feb       0x1d c:/program files (x86)/atmel/studio/7.0/toolchain/arm/arm-gnu-toolchain/bin/../lib/gcc/arm-none-eabi/6.3.1/thumb/v7-m\libgcc.a(_arm_fixdfsi.o)
 .ARM.attributes
                0x00001008       0x1d c:/program files (x86)/atmel/studio/7.0/toolchain/arm/arm-gnu-toolchain/bin/../lib/gcc/arm-none-eabi/6.3.1/thumb/v7-m\libgcc.a(_aeabi_uldivmod.o)
 .ARM.attributes
                0x00001025       0x2d c:/program files (x86)/atmel/studio/7.0/toolchain/arm/arm-gnu-toolchain/bin/../lib/gcc/arm-none-eabi/6.3.1/thumb/v7-m\libgcc.a(_udivmoddi4.o)
 .ARM.attributes
                0x00001052       0x1d c:/program files (x86)/atmel/studio/7.0/toolchain/arm/arm-gnu-toolchain/bin/../lib/gcc/arm-none-eabi/6.3.1/thumb/v7-m\libgcc.a(_dvmd_tls.o)
 .ARM.attributes
                0x0000106f       0x1d c:/program files (x86)/atmel/studio/7.0/toolchain/arm/arm-gnu-toolchain/bin/../lib/gcc/arm-none-eabi/6.3.1/thumb/v7-m/crtn.o

.comment        0x00000000       0x59
 .comment       0x00000000       0x59 src/adcFunctions.o
                                 0x5a (size before relaxing)
 .comment       0x00000059       0x5a src/ASF/common/services/serial/usart_serial.o
 .comment       0x00000059       0x5a src/ASF/common/utils/stdio/read.o
 .comment       0x00000059       0x5a src/ASF/common/utils/stdio/write.o
 .comment       0x00000059       0x5a src/ASF/sam/drivers/adc/adc.o
 .comment       0x00000059       0x5a src/ASF/sam/drivers/tc/tc.o
 .comment       0x00000059       0x5a src/ASF/sam/drivers/uart/uart.o
 .comment       0x00000059       0x5a src/ASF/sam/drivers/usart/usart.o
 .comment       0x00000059       0x5a src/ASF/thirdparty/wireless/addons/sio2host/uart/sio2host.o
 .comment       0x00000059       0x5a src/buttons.o
 .comment       0x00000059       0x5a src/ConsoleFunctions.o
 .comment       0x00000059       0x5a src/DelayFunctions.o
 .comment       0x00000059       0x5a src/lcdApplication.o
 .comment       0x00000059       0x5a src/LCDFunctions.o
 .comment       0x00000059       0x5a test/main.o
 .comment       0x00000059       0x5a test/test_adcFunctions.o
 .comment       0x00000059       0x5a test/test_buttons.o
 .comment       0x00000059       0x5a test/test_delayFunctions.o
 .comment       0x00000059       0x5a test/test_lcdApplication.o
 .comment       0x00000059       0x5a test/test_lcdFunctions.o
 .comment       0x00000059       0x5a unity/unity.o
 .comment       0x00000059       0x5a src/ASF/common/services/clock/sam3x/sysclk.o
 .comment       0x00000059       0x5a src/ASF/common/utils/interrupt/interrupt_sam_nvic.o
 .comment       0x00000059       0x5a src/ASF/sam/boards/arduino_due_x/init.o
 .comment       0x00000059       0x5a src/ASF/sam/drivers/pio/pio.o
 .comment       0x00000059       0x5a src/ASF/sam/drivers/pio/pio_handler.o
 .comment       0x00000059       0x5a src/ASF/sam/drivers/pmc/pmc.o
 .comment       0x00000059       0x5a src/ASF/sam/utils/cmsis/sam3x/source/templates/exceptions.o
 .comment       0x00000059       0x5a src/ASF/sam/utils/cmsis/sam3x/source/templates/gcc/startup_sam3x.o
 .comment       0x00000059       0x5a src/ASF/sam/utils/cmsis/sam3x/source/templates/system_sam3x.o
 .comment       0x00000059       0x5a src/ASF/sam/utils/syscalls/gcc/syscalls.o

.debug_info     0x00000000    0x23a32
 .debug_info    0x00000000     0x106a src/adcFunctions.o
 .debug_info    0x0000106a     0x113c src/ASF/common/services/serial/usart_serial.o
 .debug_info    0x000021a6      0xac9 src/ASF/common/utils/stdio/read.o
 .debug_info    0x00002c6f      0xac6 src/ASF/common/utils/stdio/write.o
 .debug_info    0x00003735     0x1af7 src/ASF/sam/drivers/adc/adc.o
 .debug_info    0x0000522c     0x1260 src/ASF/sam/drivers/tc/tc.o
 .debug_info    0x0000648c     0x119e src/ASF/sam/drivers/uart/uart.o
 .debug_info    0x0000762a     0x24e6 src/ASF/sam/drivers/usart/usart.o
 .debug_info    0x00009b10     0x19a3 src/ASF/thirdparty/wireless/addons/sio2host/uart/sio2host.o
 .debug_info    0x0000b4b3      0x102 src/buttons.o
 .debug_info    0x0000b5b5     0x13a7 src/ConsoleFunctions.o
 .debug_info    0x0000c95c      0xdc5 src/DelayFunctions.o
 .debug_info    0x0000d721      0xc77 src/lcdApplication.o
 .debug_info    0x0000e398     0x1fe5 src/LCDFunctions.o
 .debug_info    0x0001037d      0xed9 test/main.o
 .debug_info    0x00011256      0xd3d test/test_adcFunctions.o
 .debug_info    0x00011f93      0xc24 test/test_buttons.o
 .debug_info    0x00012bb7      0xda5 test/test_delayFunctions.o
 .debug_info    0x0001395c      0xe9c test/test_lcdApplication.o
 .debug_info    0x000147f8     0x157e test/test_lcdFunctions.o
 .debug_info    0x00015d76     0x2f1f unity/unity.o
 .debug_info    0x00018c95     0x11ad src/ASF/common/services/clock/sam3x/sysclk.o
 .debug_info    0x00019e42      0xb01 src/ASF/common/utils/interrupt/interrupt_sam_nvic.o
 .debug_info    0x0001a943     0x1054 src/ASF/sam/boards/arduino_due_x/init.o
 .debug_info    0x0001b997     0x1c61 src/ASF/sam/drivers/pio/pio.o
 .debug_info    0x0001d5f8     0x17b0 src/ASF/sam/drivers/pio/pio_handler.o
 .debug_info    0x0001eda8     0x1995 src/ASF/sam/drivers/pmc/pmc.o
 .debug_info    0x0002073d      0xa39 src/ASF/sam/utils/cmsis/sam3x/source/templates/exceptions.o
 .debug_info    0x00021176      0xd1b src/ASF/sam/utils/cmsis/sam3x/source/templates/gcc/startup_sam3x.o
 .debug_info    0x00021e91      0xdc2 src/ASF/sam/utils/cmsis/sam3x/source/templates/system_sam3x.o
 .debug_info    0x00022c53      0xddf src/ASF/sam/utils/syscalls/gcc/syscalls.o

.debug_abbrev   0x00000000     0x4ed2
 .debug_abbrev  0x00000000      0x281 src/adcFunctions.o
 .debug_abbrev  0x00000281      0x2b1 src/ASF/common/services/serial/usart_serial.o
 .debug_abbrev  0x00000532      0x1fe src/ASF/common/utils/stdio/read.o
 .debug_abbrev  0x00000730      0x1e9 src/ASF/common/utils/stdio/write.o
 .debug_abbrev  0x00000919      0x337 src/ASF/sam/drivers/adc/adc.o
 .debug_abbrev  0x00000c50      0x293 src/ASF/sam/drivers/tc/tc.o
 .debug_abbrev  0x00000ee3      0x288 src/ASF/sam/drivers/uart/uart.o
 .debug_abbrev  0x0000116b      0x406 src/ASF/sam/drivers/usart/usart.o
 .debug_abbrev  0x00001571      0x3ea src/ASF/thirdparty/wireless/addons/sio2host/uart/sio2host.o
 .debug_abbrev  0x0000195b       0xb1 src/buttons.o
 .debug_abbrev  0x00001a0c      0x337 src/ConsoleFunctions.o
 .debug_abbrev  0x00001d43      0x219 src/DelayFunctions.o
 .debug_abbrev  0x00001f5c      0x22c src/lcdApplication.o
 .debug_abbrev  0x00002188      0x2fe src/LCDFunctions.o
 .debug_abbrev  0x00002486      0x21d test/main.o
 .debug_abbrev  0x000026a3      0x221 test/test_adcFunctions.o
 .debug_abbrev  0x000028c4      0x210 test/test_buttons.o
 .debug_abbrev  0x00002ad4      0x22c test/test_delayFunctions.o
 .debug_abbrev  0x00002d00      0x21d test/test_lcdApplication.o
 .debug_abbrev  0x00002f1d      0x214 test/test_lcdFunctions.o
 .debug_abbrev  0x00003131      0x428 unity/unity.o
 .debug_abbrev  0x00003559      0x330 src/ASF/common/services/clock/sam3x/sysclk.o
 .debug_abbrev  0x00003889      0x212 src/ASF/common/utils/interrupt/interrupt_sam_nvic.o
 .debug_abbrev  0x00003a9b      0x262 src/ASF/sam/boards/arduino_due_x/init.o
 .debug_abbrev  0x00003cfd      0x3c7 src/ASF/sam/drivers/pio/pio.o
 .debug_abbrev  0x000040c4      0x31a src/ASF/sam/drivers/pio/pio_handler.o
 .debug_abbrev  0x000043de      0x306 src/ASF/sam/drivers/pmc/pmc.o
 .debug_abbrev  0x000046e4      0x1a4 src/ASF/sam/utils/cmsis/sam3x/source/templates/exceptions.o
 .debug_abbrev  0x00004888      0x1f2 src/ASF/sam/utils/cmsis/sam3x/source/templates/gcc/startup_sam3x.o
 .debug_abbrev  0x00004a7a      0x1f4 src/ASF/sam/utils/cmsis/sam3x/source/templates/system_sam3x.o
 .debug_abbrev  0x00004c6e      0x264 src/ASF/sam/utils/syscalls/gcc/syscalls.o

.debug_loc      0x00000000     0x84bb
 .debug_loc     0x00000000       0xab src/adcFunctions.o
 .debug_loc     0x000000ab      0x2a7 src/ASF/common/services/serial/usart_serial.o
 .debug_loc     0x00000352       0xb3 src/ASF/common/utils/stdio/read.o
 .debug_loc     0x00000405      0x12b src/ASF/common/utils/stdio/write.o
 .debug_loc     0x00000530      0x9a4 src/ASF/sam/drivers/adc/adc.o
 .debug_loc     0x00000ed4      0x5a4 src/ASF/sam/drivers/tc/tc.o
 .debug_loc     0x00001478      0x241 src/ASF/sam/drivers/uart/uart.o
 .debug_loc     0x000016b9     0x1062 src/ASF/sam/drivers/usart/usart.o
 .debug_loc     0x0000271b      0x5b0 src/ASF/thirdparty/wireless/addons/sio2host/uart/sio2host.o
 .debug_loc     0x00002ccb       0x44 src/buttons.o
 .debug_loc     0x00002d0f      0x34a src/ConsoleFunctions.o
 .debug_loc     0x00003059       0x6c src/DelayFunctions.o
 .debug_loc     0x000030c5      0x16d src/lcdApplication.o
 .debug_loc     0x00003232      0x80c src/LCDFunctions.o
 .debug_loc     0x00003a3e       0x20 test/main.o
 .debug_loc     0x00003a5e       0x70 test/test_adcFunctions.o
 .debug_loc     0x00003ace       0x20 test/test_buttons.o
 .debug_loc     0x00003aee       0x70 test/test_delayFunctions.o
 .debug_loc     0x00003b5e       0xcc test/test_lcdApplication.o
 .debug_loc     0x00003c2a       0xcc test/test_lcdFunctions.o
 .debug_loc     0x00003cf6     0x2942 unity/unity.o
 .debug_loc     0x00006638      0x183 src/ASF/common/services/clock/sam3x/sysclk.o
 .debug_loc     0x000067bb       0x70 src/ASF/sam/boards/arduino_due_x/init.o
 .debug_loc     0x0000682b      0xacc src/ASF/sam/drivers/pio/pio.o
 .debug_loc     0x000072f7      0x525 src/ASF/sam/drivers/pio/pio_handler.o
 .debug_loc     0x0000781c      0xaeb src/ASF/sam/drivers/pmc/pmc.o
 .debug_loc     0x00008307       0x6b src/ASF/sam/utils/cmsis/sam3x/source/templates/gcc/startup_sam3x.o
 .debug_loc     0x00008372      0x149 src/ASF/sam/utils/syscalls/gcc/syscalls.o

.debug_aranges  0x00000000      0xeb8
 .debug_aranges
                0x00000000       0x28 src/adcFunctions.o
 .debug_aranges
                0x00000028       0x28 src/ASF/common/services/serial/usart_serial.o
 .debug_aranges
                0x00000050       0x20 src/ASF/common/utils/stdio/read.o
 .debug_aranges
                0x00000070       0x20 src/ASF/common/utils/stdio/write.o
 .debug_aranges
                0x00000090      0x178 src/ASF/sam/drivers/adc/adc.o
 .debug_aranges
                0x00000208       0xd0 src/ASF/sam/drivers/tc/tc.o
 .debug_aranges
                0x000002d8       0xe8 src/ASF/sam/drivers/uart/uart.o
 .debug_aranges
                0x000003c0      0x2a8 src/ASF/sam/drivers/usart/usart.o
 .debug_aranges
                0x00000668       0x60 src/ASF/thirdparty/wireless/addons/sio2host/uart/sio2host.o
 .debug_aranges
                0x000006c8       0x20 src/buttons.o
 .debug_aranges
                0x000006e8       0x30 src/ConsoleFunctions.o
 .debug_aranges
                0x00000718       0x28 src/DelayFunctions.o
 .debug_aranges
                0x00000740       0x30 src/lcdApplication.o
 .debug_aranges
                0x00000770       0x30 src/LCDFunctions.o
 .debug_aranges
                0x000007a0       0x38 test/main.o
 .debug_aranges
                0x000007d8       0x28 test/test_adcFunctions.o
 .debug_aranges
                0x00000800       0x20 test/test_buttons.o
 .debug_aranges
                0x00000820       0x28 test/test_delayFunctions.o
 .debug_aranges
                0x00000848       0x30 test/test_lcdApplication.o
 .debug_aranges
                0x00000878       0x30 test/test_lcdFunctions.o
 .debug_aranges
                0x000008a8      0x118 unity/unity.o
 .debug_aranges
                0x000009c0       0x40 src/ASF/common/services/clock/sam3x/sysclk.o
 .debug_aranges
                0x00000a00       0x28 src/ASF/common/utils/interrupt/interrupt_sam_nvic.o
 .debug_aranges
                0x00000a28       0x20 src/ASF/sam/boards/arduino_due_x/init.o
 .debug_aranges
                0x00000a48      0x148 src/ASF/sam/drivers/pio/pio.o
 .debug_aranges
                0x00000b90       0x58 src/ASF/sam/drivers/pio/pio_handler.o
 .debug_aranges
                0x00000be8      0x200 src/ASF/sam/drivers/pmc/pmc.o
 .debug_aranges
                0x00000de8       0x20 src/ASF/sam/utils/cmsis/sam3x/source/templates/exceptions.o
 .debug_aranges
                0x00000e08       0x20 src/ASF/sam/utils/cmsis/sam3x/source/templates/gcc/startup_sam3x.o
 .debug_aranges
                0x00000e28       0x30 src/ASF/sam/utils/cmsis/sam3x/source/templates/system_sam3x.o
 .debug_aranges
                0x00000e58       0x60 src/ASF/sam/utils/syscalls/gcc/syscalls.o

.debug_ranges   0x00000000      0xf80
 .debug_ranges  0x00000000       0x18 src/adcFunctions.o
 .debug_ranges  0x00000018       0x48 src/ASF/common/services/serial/usart_serial.o
 .debug_ranges  0x00000060       0x10 src/ASF/common/utils/stdio/read.o
 .debug_ranges  0x00000070       0x10 src/ASF/common/utils/stdio/write.o
 .debug_ranges  0x00000080      0x168 src/ASF/sam/drivers/adc/adc.o
 .debug_ranges  0x000001e8       0xc0 src/ASF/sam/drivers/tc/tc.o
 .debug_ranges  0x000002a8       0xd8 src/ASF/sam/drivers/uart/uart.o
 .debug_ranges  0x00000380      0x298 src/ASF/sam/drivers/usart/usart.o
 .debug_ranges  0x00000618       0x50 src/ASF/thirdparty/wireless/addons/sio2host/uart/sio2host.o
 .debug_ranges  0x00000668       0x10 src/buttons.o
 .debug_ranges  0x00000678       0x20 src/ConsoleFunctions.o
 .debug_ranges  0x00000698       0x18 src/DelayFunctions.o
 .debug_ranges  0x000006b0       0x20 src/lcdApplication.o
 .debug_ranges  0x000006d0       0x38 src/LCDFunctions.o
 .debug_ranges  0x00000708       0x28 test/main.o
 .debug_ranges  0x00000730       0x18 test/test_adcFunctions.o
 .debug_ranges  0x00000748       0x10 test/test_buttons.o
 .debug_ranges  0x00000758       0x18 test/test_delayFunctions.o