Archive member included to satisfy reference by file (symbol)

c:/program files (x86)/atmel/studio/7.0/toolchain/arm/arm-gnu-toolchain/bin/../lib/gcc/arm-none-eabi/6.3.1/thumb/v7-m\libgcc.a(_arm_addsubsf3.o)
                              unity/unity.o (__aeabi_fsub)
c:/program files (x86)/atmel/studio/7.0/toolchain/arm/arm-gnu-toolchain/bin/../lib/gcc/arm-none-eabi/6.3.1/thumb/v7-m\libgcc.a(_arm_muldivsf3.o)
                              unity/unity.o (__aeabi_fmul)
c:/program files (x86)/atmel/studio/7.0/toolchain/arm/arm-gnu-toolchain/bin/../lib/gcc/arm-none-eabi/6.3.1/thumb/v7-m\libgcc.a(_arm_cmpsf2.o)
                              unity/unity.o (__aeabi_fcmpeq)
c:/program files (x86)/atmel/studio/7.0/toolchain/arm/arm-gnu-toolchain/bin/../lib/gcc/arm-none-eabi/6.3.1/../../../../arm-none-eabi/lib/thumb/v7-m\libc.a(lib_a-exit.o)
                              c:/program files (x86)/atmel/studio/7.0/toolchain/arm/arm-gnu-toolchain/bin/../lib/gcc/arm-none-eabi/6.3.1/../../../../arm-none-eabi/lib/thumb/v7-m/crt0.o (exit)
c:/program files (x86)/atmel/studio/7.0/toolchain/arm/arm-gnu-toolchain/bin/../lib/gcc/arm-none-eabi/6.3.1/../../../../arm-none-eabi/lib/thumb/v7-m\libc.a(lib_a-impure.o)
                              c:/program files (x86)/atmel/studio/7.0/toolchain/arm/arm-gnu-toolchain/bin/../lib/gcc/arm-none-eabi/6.3.1/../../../../arm-none-eabi/lib/thumb/v7-m\libc.a(lib_a-exit.o) (_global_impure_ptr)
c:/program files (x86)/atmel/studio/7.0/toolchain/arm/arm-gnu-toolchain/bin/../lib/gcc/arm-none-eabi/6.3.1/../../../../arm-none-eabi/lib/thumb/v7-m\libc.a(lib_a-init.o)
                              c:/program files (x86)/atmel/studio/7.0/toolchain/arm/arm-gnu-toolchain/bin/../lib/gcc/arm-none-eabi/6.3.1/../../../../arm-none-eabi/lib/thumb/v7-m/crt0.o (__libc_init_array)
c:/program files (x86)/atmel/studio/7.0/toolchain/arm/arm-gnu-toolchain/bin/../lib/gcc/arm-none-eabi/6.3.1/../../../../arm-none-eabi/lib/thumb/v7-m\libc.a(lib_a-iprintf.o)
                              test/main.o (iprintf)
c:/program files (x86)/atmel/studio/7.0/toolchain/arm/arm-gnu-toolchain/bin/../lib/gcc/arm-none-eabi/6.3.1/../../../../arm-none-eabi/lib/thumb/v7-m\libc.a(lib_a-memset.o)
                              c:/program files (x86)/atmel/studio/7.0/toolchain/arm/arm-gnu-toolchain/bin/../lib/gcc/arm-none-eabi/6.3.1/../../../../arm-none-eabi/lib/thumb/v7-m/crt0.o (memset)
c:/program files (x86)/atmel/studio/7.0/toolchain/arm/arm-gnu-toolchain/bin/../lib/gcc/arm-none-eabi/6.3.1/../../../../arm-none-eabi/lib/thumb/v7-m\libc.a(lib_a-setbuf.o)
                              src/ASF/thirdparty/wireless/addons/sio2host/uart/sio2host.o (setbuf)
c:/program files (x86)/atmel/studio/7.0/toolchain/arm/arm-gnu-toolchain/bin/../lib/gcc/arm-none-eabi/6.3.1/../../../../arm-none-eabi/lib/thumb/v7-m\libc.a(lib_a-setjmp.o)
                              unity/unity.o (setjmp)
c:/program files (x86)/atmel/studio/7.0/toolchain/arm/arm-gnu-toolchain/bin/../lib/gcc/arm-none-eabi/6.3.1/../../../../arm-none-eabi/lib/thumb/v7-m\libc.a(lib_a-setvbuf.o)
                              c:/program files (x86)/atmel/studio/7.0/toolchain/arm/arm-gnu-toolchain/bin/../lib/gcc/arm-none-eabi/6.3.1/../../../../arm-none-eabi/lib/thumb/v7-m\libc.a(lib_a-setbuf.o) (setvbuf)
c:/program files (x86)/atmel/studio/7.0/toolchain/arm/arm-gnu-toolchain/bin/../lib/gcc/arm-none-eabi/6.3.1/../../../../arm-none-eabi/lib/thumb/v7-m\libc.a(lib_a-vfiprintf.o)
                              c:/program files (x86)/atmel/studio/7.0/toolchain/arm/arm-gnu-toolchain/bin/../lib/gcc/arm-none-eabi/6.3.1/../../../../arm-none-eabi/lib/thumb/v7-m\libc.a(lib_a-iprintf.o) (_vfiprintf_r)
c:/program files (x86)/atmel/studio/7.0/toolchain/arm/arm-gnu-toolchain/bin/../lib/gcc/arm-none-eabi/6.3.1/../../../../arm-none-eabi/lib/thumb/v7-m\libc.a(lib_a-wbuf.o)
                              unity/unity.o (__swbuf_r)
c:/program files (x86)/atmel/studio/7.0/toolchain/arm/arm-gnu-toolchain/bin/../lib/gcc/arm-none-eabi/6.3.1/../../../../arm-none-eabi/lib/thumb/v7-m\libc.a(lib_a-wsetup.o)
                              c:/program files (x86)/atmel/studio/7.0/toolchain/arm/arm-gnu-toolchain/bin/../lib/gcc/arm-none-eabi/6.3.1/../../../../arm-none-eabi/lib/thumb/v7-m\libc.a(lib_a-vfiprintf.o) (__swsetup_r)
c:/program files (x86)/atmel/studio/7.0/toolchain/arm/arm-gnu-toolchain/bin/../lib/gcc/arm-none-eabi/6.3.1/../../../../arm-none-eabi/lib/thumb/v7-m\libc.a(lib_a-__call_atexit.o)
                              c:/program files (x86)/atmel/studio/7.0/toolchain/arm/arm-gnu-toolchain/bin/../lib/gcc/arm-none-eabi/6.3.1/../../../../arm-none-eabi/lib/thumb/v7-m\libc.a(lib_a-exit.o) (__call_exitprocs)
c:/program files (x86)/atmel/studio/7.0/toolchain/arm/arm-gnu-toolchain/bin/../lib/gcc/arm-none-eabi/6.3.1/../../../../arm-none-eabi/lib/thumb/v7-m\libc.a(lib_a-atexit.o)
[...]
Memory Configuration

Name             Origin             Length             Attributes
rom              0x00080000         0x00080000         xr
sram0            0x20000000         0x00010000         xrw
sram1            0x20080000         0x00008000         xrw
ram              0x20070000         0x00018000         xrw
*default*        0x00000000         0xffffffff

Linker script and memory map

LOAD c:/program files (x86)/atmel/studio/7.0/toolchain/arm/arm-gnu-toolchain/bin/../lib/gcc/arm-none-eabi/6.3.1/thumb/v7-m/crti.o
LOAD c:/program files (x86)/atmel/studio/7.0/toolchain/arm/arm-gnu-toolchain/bin/../lib/gcc/arm-none-eabi/6.3.1/thumb/v7-m/crtbegin.o
LOAD c:/program files (x86)/atmel/studio/7.0/toolchain/arm/arm-gnu-toolchain/bin/../lib/gcc/arm-none-eabi/6.3.1/../../../../arm-none-eabi/lib/thumb/v7-m/crt0.o
LOAD src/ASF/common/utils/stdio/read.o
LOAD src/ASF/sam/drivers/usart/usart.o
LOAD src/ASF/thirdparty/wireless/addons/sio2host/uart/sio2host.o
LOAD src/digitalIO.o
LOAD unity/unity.o
LOAD src/ASF/common/utils/stdio/write.o
LOAD src/ASF/common/services/serial/usart_serial.o
LOAD src/ASF/sam/drivers/uart/uart.o
LOAD test/test_digitalIO.o
LOAD test/main.o
LOAD src/ASF/common/services/clock/sam3x/sysclk.o
LOAD src/ASF/common/utils/interrupt/interrupt_sam_nvic.o
LOAD src/ASF/sam/boards/arduino_due_x/init.o
LOAD src/ASF/sam/drivers/pio/pio.o
LOAD src/ASF/sam/drivers/pio/pio_handler.o
LOAD src/ASF/sam/drivers/pmc/pmc.o
LOAD src/ASF/sam/drivers/pmc/sleep.o
LOAD src/ASF/sam/utils/cmsis/sam3x/source/templates/exceptions.o
LOAD src/ASF/sam/utils/cmsis/sam3x/source/templates/gcc/startup_sam3x.o
LOAD src/ASF/sam/utils/cmsis/sam3x/source/templates/system_sam3x.o
LOAD src/ASF/sam/utils/syscalls/gcc/syscalls.o
START GROUP
LOAD ../src/ASF/thirdparty/CMSIS/Lib/GCC\libarm_cortexM3l_math.a
LOAD c:/program files (x86)/atmel/studio/7.0/toolchain/arm/arm-gnu-toolchain/bin/../lib/gcc/arm-none-eabi/6.3.1/../../../../arm-none-eabi/lib/thumb/v7-m\libm.a
END GROUP
START GROUP
LOAD c:/program files (x86)/atmel/studio/7.0/toolchain/arm/arm-gnu-toolchain/bin/../lib/gcc/arm-none-eabi/6.3.1/thumb/v7-m\libgcc.a
LOAD c:/program files (x86)/atmel/studio/7.0/toolchain/arm/arm-gnu-toolchain/bin/../lib/gcc/arm-none-eabi/6.3.1/../../../../arm-none-eabi/lib/thumb/v7-m\libc.a
END GROUP
LOAD c:/program files (x86)/atmel/studio/7.0/toolchain/arm/arm-gnu-toolchain/bin/../lib/gcc/arm-none-eabi/6.3.1/thumb/v7-m/crtend.o
LOAD c:/program files (x86)/atmel/studio/7.0/toolchain/arm/arm-gnu-toolchain/bin/../lib/gcc/arm-none-eabi/6.3.1/thumb/v7-m/crtn.o
                0x00002000                __stack_size__ = DEFINED (__stack_size__)?__stack_size__:0x2000
                0x20087ffc                __ram_end__ = ((ORIGIN (ram) + LENGTH (ram)) - 0x4)

.text           0x00080000     0x4a38
                0x00080000                . = ALIGN (0x4)
                0x00080000                _sfixed = .
 *(.vectors .vectors.*)
 .vectors       0x00080000       0xf4 src/ASF/sam/utils/cmsis/sam3x/source/templates/gcc/startup_sam3x.o
                0x00080000                exception_table
 *(.text .text.* .gnu.linkonce.t.*)
 .text          0x000800f4       0x6c c:/program files (x86)/atmel/studio/7.0/toolchain/arm/arm-gnu-toolchain/bin/../lib/gcc/arm-none-eabi/6.3.1/thumb/v7-m/crtbegin.o
 .text._read    0x00080160       0x3c src/ASF/common/utils/stdio/read.o
                0x00080160                _read
 .text.usart_write
                0x0008019c       0x14 src/ASF/sam/drivers/usart/usart.o
                0x0008019c                usart_write
 .text.usart_read
                0x000801b0       0x18 src/ASF/sam/drivers/usart/usart.o
                0x000801b0                usart_read
 .text.USART0_Handler
                0x000801c8       0x60 src/ASF/thirdparty/wireless/addons/sio2host/uart/sio2host.o
                0x000801c8                USART0_Handler
 .text.pinMode  0x00080228       0x40 src/digitalIO.o
                0x00080228                pinMode
 .text.digitalWrite
                0x00080268       0x50 src/digitalIO.o
                0x00080268                digitalWrite
 .text.UnityPrintNumber
                0x000802b8       0xf0 unity/unity.o
                0x000802b8                UnityPrintNumber
 .text.UnityPrintNumberHex
                0x000803a8       0xd8 unity/unity.o
                0x000803a8                UnityPrintNumberHex
 .text.UnityPrint
                0x00080480      0x12c unity/unity.o
                0x00080480                UnityPrint
 .text.UnityTestResultsBegin
                0x000805ac       0xa4 unity/unity.o
 .text.UnityTestResultsFailBegin
                0x00080650       0x54 unity/unity.o
 .text.UnityAddMsgIfSpecified
                0x000806a4       0x1c unity/unity.o
 .text.UnityPrintMask
                0x000806c0       0xa8 unity/unity.o
                0x000806c0                UnityPrintMask
 .text.UnityPrintFail
                0x00080768       0x14 unity/unity.o
                0x00080768                UnityPrintFail
 .text.UnityPrintOk
                0x0008077c       0x14 unity/unity.o
                0x0008077c                UnityPrintOk
 .text.UnityConcludeTest
                0x00080790       0x78 unity/unity.o
                0x00080790                UnityConcludeTest
 .text.UnityAssertBits
                0x00080808       0x78 unity/unity.o
                0x00080808                UnityAssertBits
 .text.UnityDefaultTestRun
                0x00080880       0x5c unity/unity.o
                0x00080880                UnityDefaultTestRun
 .text.UnityBegin
                0x000808dc       0x1c unity/unity.o
                0x000808dc                UnityBegin
 .text.UnityEnd
                0x000808f8       0xf0 unity/unity.o
                0x000808f8                UnityEnd
 .text._write   0x000809e8       0x50 src/ASF/common/utils/stdio/write.o
                0x000809e8                _write
 .text.usart_serial_read_packet
                0x00080a38       0xc8 src/ASF/common/services/serial/usart_serial.o
                0x00080a38                usart_serial_read_packet
 .text.uart_init
                0x00080b00       0x36 src/ASF/sam/drivers/uart/uart.o
                0x00080b00                uart_init
 .text.uart_write
                0x00080b36       0x10 src/ASF/sam/drivers/uart/uart.o
                0x00080b36                uart_write
 .text.uart_read
                0x00080b46       0x12 src/ASF/sam/drivers/uart/uart.o
                0x00080b46                uart_read
 .text.setUp    0x00080b58       0x10 test/test_digitalIO.o
                0x00080b58                setUp
 .text.tearDown
                0x00080b68       0x10 test/test_digitalIO.o
                0x00080b68                tearDown
 .text.test_digitalDuePin13InitialiseProperly
                0x00080b78       0x54 test/test_digitalIO.o
                0x00080b78                test_digitalDuePin13InitialiseProperly
 .text.test_digitalDuePin13IsSet
                0x00080bcc       0x40 test/test_digitalIO.o
                0x00080bcc                test_digitalDuePin13IsSet
 .text.test_digitalDuePin13IsCleared
                0x00080c0c       0x44 test/test_digitalIO.o
                0x00080c0c                test_digitalDuePin13IsCleared
 .text.test_digitalDuePin22InitialiseProperly
                0x00080c50       0x34 test/test_digitalIO.o
                0x00080c50                test_digitalDuePin22InitialiseProperly
 .text.test_digitalDuePin22IsSet
                0x00080c84       0x40 test/test_digitalIO.o
                0x00080c84                test_digitalDuePin22IsSet
 .text.test_digitalDuePin22IsCleared
                0x00080cc4       0x44 test/test_digitalIO.o
                0x00080cc4                test_digitalDuePin22IsCleared
 .text.test_digitalDuePin13And22InitialiseProperly
                0x00080d08       0x54 test/test_digitalIO.o
                0x00080d08                test_digitalDuePin13And22InitialiseProperly
 .text.test_digitalDuePin13And22IsSet
                0x00080d5c       0x64 test/test_digitalIO.o
                0x00080d5c                test_digitalDuePin13And22IsSet
 .text.test_digitalDuePin13isClearedAnd22IsSet
                0x00080dc0       0x70 test/test_digitalIO.o
                0x00080dc0                test_digitalDuePin13isClearedAnd22IsSet
 .text.usart_serial_getchar
                0x00080e30       0xac test/main.o
 .text.usart_serial_putchar
                0x00080edc       0x9c test/main.o
 .text.main     0x00080f78      0x170 test/main.o
                0x00080f78                main
 .text.sysclk_init
                0x000810e8       0x64 src/ASF/common/services/clock/sam3x/sysclk.o
                0x000810e8                sysclk_init
 .text.board_init
                0x0008114c       0x80 src/ASF/sam/boards/arduino_due_x/init.o
                0x0008114c                board_init
 .text.pio_set_peripheral
                0x000811cc       0x3e src/ASF/sam/drivers/pio/pio.o
                0x000811cc                pio_set_peripheral
 .text.pio_set_input
                0x0008120a       0x32 src/ASF/sam/drivers/pio/pio.o
                0x0008120a                pio_set_input
 .text.pio_set_output
                0x0008123c       0x26 src/ASF/sam/drivers/pio/pio.o
                0x0008123c                pio_set_output
 .text.pio_get_interrupt_status
                0x00081262        0x4 src/ASF/sam/drivers/pio/pio.o
                0x00081262                pio_get_interrupt_status
 .text.pio_get_interrupt_mask
                0x00081266        0x4 src/ASF/sam/drivers/pio/pio.o
                0x00081266                pio_get_interrupt_mask
 *fill*         0x0008126a        0x2 
 .text.pio_configure_pin
                0x0008126c       0xd0 src/ASF/sam/drivers/pio/pio.o
                0x0008126c                pio_configure_pin
 .text.pio_configure_pin_group
                0x0008133c       0x9c src/ASF/sam/drivers/pio/pio.o
                0x0008133c                pio_configure_pin_group
 .text.pio_handler_process
                0x000813d8       0x50 src/ASF/sam/drivers/pio/pio_handler.o
                0x000813d8                pio_handler_process
 .text.PIOA_Handler
                0x00081428       0x14 src/ASF/sam/drivers/pio/pio_handler.o
                0x00081428                PIOA_Handler
 .text.PIOB_Handler
                0x0008143c       0x14 src/ASF/sam/drivers/pio/pio_handler.o
                0x0008143c                PIOB_Handler
 .text.PIOC_Handler
                0x00081450       0x14 src/ASF/sam/drivers/pio/pio_handler.o
                0x00081450                PIOC_Handler
 .text.PIOD_Handler
                0x00081464       0x14 src/ASF/sam/drivers/pio/pio_handler.o
                0x00081464                PIOD_Handler
 .text.pmc_switch_mck_to_pllack
                0x00081478       0x64 src/ASF/sam/drivers/pmc/pmc.o
                0x00081478                pmc_switch_mck_to_pllack
 .text.pmc_switch_mainck_to_xtal
                0x000814dc       0x54 src/ASF/sam/drivers/pmc/pmc.o
                0x000814dc                pmc_switch_mainck_to_xtal
 .text.pmc_osc_is_ready_mainck
                0x00081530       0x10 src/ASF/sam/drivers/pmc/pmc.o
                0x00081530                pmc_osc_is_ready_mainck
 .text.pmc_disable_pllack
                0x00081540       0x10 src/ASF/sam/drivers/pmc/pmc.o
                0x00081540                pmc_disable_pllack
 .text.pmc_is_locked_pllack
                0x00081550       0x10 src/ASF/sam/drivers/pmc/pmc.o
                0x00081550                pmc_is_locked_pllack
 .text.pmc_enable_periph_clk
                0x00081560       0x54 src/ASF/sam/drivers/pmc/pmc.o
                0x00081560                pmc_enable_periph_clk
 .text.Dummy_Handler
                0x000815b4        0x2 src/ASF/sam/utils/cmsis/sam3x/source/templates/exceptions.o
                0x000815b4                DACC_Handler
                0x000815b4                DebugMon_Handler
                0x000815b4                DMAC_Handler
                0x000815b4                TRNG_Handler
                0x000815b4                HardFault_Handler
                0x000815b4                TC2_Handler
                0x000815b4                SysTick_Handler
                0x000815b4                USART3_Handler
                0x000815b4                TWI1_Handler
                0x000815b4                PendSV_Handler
                0x000815b4                NMI_Handler
                0x000815b4                TC7_Handler
                0x000815b4                ADC_Handler
                0x000815b4                SMC_Handler
                0x000815b4                RTT_Handler
                0x000815b4                EFC1_Handler
                0x000815b4                RTC_Handler
                0x000815b4                UsageFault_Handler
                0x000815b4                TC6_Handler
                0x000815b4                WDT_Handler
                0x000815b4                CAN0_Handler
                0x000815b4                TC4_Handler
                0x000815b4                TC1_Handler
                0x000815b4                HSMCI_Handler
                0x000815b4                TC3_Handler
                0x000815b4                Dummy_Handler
                0x000815b4                TWI0_Handler
                0x000815b4                USART1_Handler
                0x000815b4                SSC_Handler
                0x000815b4                EFC0_Handler
                0x000815b4                PMC_Handler
                0x000815b4                PWM_Handler
                0x000815b4                CAN1_Handler
                0x000815b4                MemManage_Handler
                0x000815b4                SUPC_Handler
                0x000815b4                SVC_Handler
                0x000815b4                TC8_Handler
                0x000815b4                USART2_Handler
                0x000815b4                EMAC_Handler
                0x000815b4                UART_Handler
                0x000815b4                BusFault_Handler
                0x000815b4                RSTC_Handler
                0x000815b4                TC0_Handler
                0x000815b4                TC5_Handler
                0x000815b4                UOTGHS_Handler
                0x000815b4                SPI0_Handler
 *fill*         0x000815b6        0x2 
 .text.Reset_Handler
                0x000815b8       0x98 src/ASF/sam/utils/cmsis/sam3x/source/templates/gcc/startup_sam3x.o
                0x000815b8                Reset_Handler
 .text.SystemCoreClockUpdate
                0x00081650      0x118 src/ASF/sam/utils/cmsis/sam3x/source/templates/system_sam3x.o
                0x00081650                SystemCoreClockUpdate
 .text._sbrk    0x00081768       0x38 src/ASF/sam/utils/syscalls/gcc/syscalls.o
                0x00081768                _sbrk
 .text._close   0x000817a0        0x6 src/ASF/sam/utils/syscalls/gcc/syscalls.o
                0x000817a0                _close
 .text._fstat   0x000817a6        0xa src/ASF/sam/utils/syscalls/gcc/syscalls.o
                0x000817a6                _fstat
 .text._isatty  0x000817b0        0x4 src/ASF/sam/utils/syscalls/gcc/syscalls.o
                0x000817b0                _isatty
 .text._lseek   0x000817b4        0x4 src/ASF/sam/utils/syscalls/gcc/syscalls.o
                0x000817b4                _lseek
 .text.__libc_init_array
                0x000817b8       0x50 c:/program files (x86)/atmel/studio/7.0/toolchain/arm/arm-gnu-toolchain/bin/../lib/gcc/arm-none-eabi/6.3.1/../../../../arm-none-eabi/lib/thumb/v7-m\libc.a(lib_a-init.o)
                0x000817b8                __libc_init_array
 .text.iprintf  0x00081808       0x28 c:/program files (x86)/atmel/studio/7.0/toolchain/arm/arm-gnu-toolchain/bin/../lib/gcc/arm-none-eabi/6.3.1/../../../../arm-none-eabi/lib/thumb/v7-m\libc.a(lib_a-iprintf.o)
                0x00081808                iprintf
 .text.memset   0x00081830       0x9c c:/program files (x86)/atmel/studio/7.0/toolchain/arm/arm-gnu-toolchain/bin/../lib/gcc/arm-none-eabi/6.3.1/../../../../arm-none-eabi/lib/thumb/v7-m\libc.a(lib_a-memset.o)
                0x00081830                memset
 .text.setbuf   0x000818cc       0x10 c:/program files (x86)/atmel/studio/7.0/toolchain/arm/arm-gnu-toolchain/bin/../lib/gcc/arm-none-eabi/6.3.1/../../../../arm-none-eabi/lib/thumb/v7-m\libc.a(lib_a-setbuf.o)
                0x000818cc                setbuf
 .text          0x000818dc       0x1c c:/program files (x86)/atmel/studio/7.0/toolchain/arm/arm-gnu-toolchain/bin/../lib/gcc/arm-none-eabi/6.3.1/../../../../arm-none-eabi/lib/thumb/v7-m\libc.a(lib_a-setjmp.o)
                0x000818dc                setjmp
                0x000818e8                longjmp
 .text.setvbuf  0x000818f8      0x190 c:/program files (x86)/atmel/studio/7.0/toolchain/arm/arm-gnu-toolchain/bin/../lib/gcc/arm-none-eabi/6.3.1/../../../../arm-none-eabi/lib/thumb/v7-m\libc.a(lib_a-setvbuf.o)
                0x000818f8                setvbuf
 .text.__sprint_r.part.0
                0x00081a88       0x80 c:/program files (x86)/atmel/studio/7.0/toolchain/arm/arm-gnu-toolchain/bin/../lib/gcc/arm-none-eabi/6.3.1/../../../../arm-none-eabi/lib/thumb/v7-m\libc.a(lib_a-vfiprintf.o)
 .text._vfiprintf_r
                0x00081b08      0xc88 c:/program files (x86)/atmel/studio/7.0/toolchain/arm/arm-gnu-toolchain/bin/../lib/gcc/arm-none-eabi/6.3.1/../../../../arm-none-eabi/lib/thumb/v7-m\libc.a(lib_a-vfiprintf.o)
                0x00081b08                _vfiprintf_r
 .text.__sbprintf
                0x00082790       0x88 c:/program files (x86)/atmel/studio/7.0/toolchain/arm/arm-gnu-toolchain/bin/../lib/gcc/arm-none-eabi/6.3.1/../../../../arm-none-eabi/lib/thumb/v7-m\libc.a(lib_a-vfiprintf.o)
 .text.__swbuf_r
                0x00082818       0xb0 c:/program files (x86)/atmel/studio/7.0/toolchain/arm/arm-gnu-toolchain/bin/../lib/gcc/arm-none-eabi/6.3.1/../../../../arm-none-eabi/lib/thumb/v7-m\libc.a(lib_a-wbuf.o)
                0x00082818                __swbuf_r
 .text.__swsetup_r
                0x000828c8       0xc8 c:/program files (x86)/atmel/studio/7.0/toolchain/arm/arm-gnu-toolchain/bin/../lib/gcc/arm-none-eabi/6.3.1/../../../../arm-none-eabi/lib/thumb/v7-m\libc.a(lib_a-wsetup.o)
                0x000828c8                __swsetup_r
 .text.startup.register_fini
                0x00082990       0x14 c:/program files (x86)/atmel/studio/7.0/toolchain/arm/arm-gnu-toolchain/bin/../lib/gcc/arm-none-eabi/6.3.1/../../../../arm-none-eabi/lib/thumb/v7-m\libc.a(lib_a-__call_atexit.o)
 .text.atexit   0x000829a4        0xc c:/program files (x86)/atmel/studio/7.0/toolchain/arm/arm-gnu-toolchain/bin/../lib/gcc/arm-none-eabi/6.3.1/../../../../arm-none-eabi/lib/thumb/v7-m\libc.a(lib_a-atexit.o)
                0x000829a4                atexit
 .text.__sflush_r
                0x000829b0      0x138 c:/program files (x86)/atmel/studio/7.0/toolchain/arm/arm-gnu-toolchain/bin/../lib/gcc/arm-none-eabi/6.3.1/../../../../arm-none-eabi/lib/thumb/v7-m\libc.a(lib_a-fflush.o)
                0x000829b0                __sflush_r
 .text._fflush_r
                0x00082ae8       0x54 c:/program files (x86)/atmel/studio/7.0/toolchain/arm/arm-gnu-toolchain/bin/../lib/gcc/arm-none-eabi/6.3.1/../../../../arm-none-eabi/lib/thumb/v7-m\libc.a(lib_a-fflush.o)
                0x00082ae8                _fflush_r
 .text._cleanup_r
                0x00082b3c        0xc c:/program files (x86)/atmel/studio/7.0/toolchain/arm/arm-gnu-toolchain/bin/../lib/gcc/arm-none-eabi/6.3.1/../../../../arm-none-eabi/lib/thumb/v7-m\libc.a(lib_a-findfp.o)
                0x00082b3c                _cleanup_r
 .text.std.isra.0
                0x00082b48       0x50 c:/program files (x86)/atmel/studio/7.0/toolchain/arm/arm-gnu-toolchain/bin/../lib/gcc/arm-none-eabi/6.3.1/../../../../arm-none-eabi/lib/thumb/v7-m\libc.a(lib_a-findfp.o)
 .text.__sinit  0x00082b98       0x60 c:/program files (x86)/atmel/studio/7.0/toolchain/arm/arm-gnu-toolchain/bin/../lib/gcc/arm-none-eabi/6.3.1/../../../../arm-none-eabi/lib/thumb/v7-m\libc.a(lib_a-findfp.o)
                0x00082b98                __sinit
 .text.__sfp_lock_acquire
                0x00082bf8        0xc c:/program files (x86)/atmel/studio/7.0/toolchain/arm/arm-gnu-toolchain/bin/../lib/gcc/arm-none-eabi/6.3.1/../../../../arm-none-eabi/lib/thumb/v7-m\libc.a(lib_a-findfp.o)
                0x00082bf8                __sfp_lock_acquire
 .text.__sfp_lock_release
                0x00082c04        0xc c:/program files (x86)/atmel/studio/7.0/toolchain/arm/arm-gnu-toolchain/bin/../lib/gcc/arm-none-eabi/6.3.1/../../../../arm-none-eabi/lib/thumb/v7-m\libc.a(lib_a-findfp.o)
                0x00082c04                __sfp_lock_release
 .text.__libc_fini_array
                0x00082c10       0x34 c:/program files (x86)/atmel/studio/7.0/toolchain/arm/arm-gnu-toolchain/bin/../lib/gcc/arm-none-eabi/6.3.1/../../../../arm-none-eabi/lib/thumb/v7-m\libc.a(lib_a-fini.o)
                0x00082c10                __libc_fini_array
 .text.__fputwc
                0x00082c44       0x98 c:/program files (x86)/atmel/studio/7.0/toolchain/arm/arm-gnu-toolchain/bin/../lib/gcc/arm-none-eabi/6.3.1/../../../../arm-none-eabi/lib/thumb/v7-m\libc.a(lib_a-fputwc.o)
                0x00082c44                __fputwc
 .text._fputwc_r
                0x00082cdc       0x68 c:/program files (x86)/atmel/studio/7.0/toolchain/arm/arm-gnu-toolchain/bin/../lib/gcc/arm-none-eabi/6.3.1/../../../../arm-none-eabi/lib/thumb/v7-m\libc.a(lib_a-fputwc.o)
                0x00082cdc                _fputwc_r
 .text._malloc_trim_r
                0x00082d44       0xa0 c:/program files (x86)/atmel/studio/7.0/toolchain/arm/arm-gnu-toolchain/bin/../lib/gcc/arm-none-eabi/6.3.1/../../../../arm-none-eabi/lib/thumb/v7-m\libc.a(lib_a-freer.o)
                0x00082d44                _malloc_trim_r
 .text._free_r  0x00082de4      0x1cc c:/program files (x86)/atmel/studio/7.0/toolchain/arm/arm-gnu-toolchain/bin/../lib/gcc/arm-none-eabi/6.3.1/../../../../arm-none-eabi/lib/thumb/v7-m\libc.a(lib_a-freer.o)
                0x00082de4                _free_r
 .text.__sfvwrite_r
                0x00082fb0      0x2f4 c:/program files (x86)/atmel/studio/7.0/toolchain/arm/arm-gnu-toolchain/bin/../lib/gcc/arm-none-eabi/6.3.1/../../../../arm-none-eabi/lib/thumb/v7-m\libc.a(lib_a-fvwrite.o)
                0x00082fb0                __sfvwrite_r
 .text._fwalk_reent
                0x000832a4       0x50 c:/program files (x86)/atmel/studio/7.0/toolchain/arm/arm-gnu-toolchain/bin/../lib/gcc/arm-none-eabi/6.3.1/../../../../arm-none-eabi/lib/thumb/v7-m\libc.a(lib_a-fwalk.o)
                0x000832a4                _fwalk_reent
 .text.__locale_mb_cur_max
                0x000832f4       0x1c c:/program files (x86)/atmel/studio/7.0/toolchain/arm/arm-gnu-toolchain/bin/../lib/gcc/arm-none-eabi/6.3.1/../../../../arm-none-eabi/lib/thumb/v7-m\libc.a(lib_a-locale.o)
                0x000832f4                __locale_mb_cur_max
 .text.__retarget_lock_init_recursive
                0x00083310        0x4 c:/program files (x86)/atmel/studio/7.0/toolchain/arm/arm-gnu-toolchain/bin/../lib/gcc/arm-none-eabi/6.3.1/../../../../arm-none-eabi/lib/thumb/v7-m\libc.a(lib_a-lock.o)
                0x00083310                __retarget_lock_init_recursive
 .text.__retarget_lock_close_recursive
                0x00083314        0x4 c:/program files (x86)/atmel/studio/7.0/toolchain/arm/arm-gnu-toolchain/bin/../lib/gcc/arm-none-eabi/6.3.1/../../../../arm-none-eabi/lib/thumb/v7-m\libc.a(lib_a-lock.o)
                0x00083314                __retarget_lock_close_recursive
 .text.__retarget_lock_acquire_recursive
                0x00083318        0x4 c:/program files (x86)/atmel/studio/7.0/toolchain/arm/arm-gnu-toolchain/bin/../lib/gcc/arm-none-eabi/6.3.1/../../../../arm-none-eabi/lib/thumb/v7-m\libc.a(lib_a-lock.o)
                0x00083318                __retarget_lock_acquire_recursive
 .text.__retarget_lock_release_recursive
                0x0008331c        0x4 c:/program files (x86)/atmel/studio/7.0/toolchain/arm/arm-gnu-toolchain/bin/../lib/gcc/arm-none-eabi/6.3.1/../../../../arm-none-eabi/lib/thumb/v7-m\libc.a(lib_a-lock.o)
                0x0008331c                __retarget_lock_release_recursive
 .text.__swhatbuf_r
                0x00083320       0x5c c:/program files (x86)/atmel/studio/7.0/toolchain/arm/arm-gnu-toolchain/bin/../lib/gcc/arm-none-eabi/6.3.1/../../../../arm-none-eabi/lib/thumb/v7-m\libc.a(lib_a-makebuf.o)
                0x00083320                __swhatbuf_r
 .text.__smakebuf_r
                0x0008337c       0x94 c:/program files (x86)/atmel/studio/7.0/toolchain/arm/arm-gnu-toolchain/bin/../lib/gcc/arm-none-eabi/6.3.1/../../../../arm-none-eabi/lib/thumb/v7-m\libc.a(lib_a-makebuf.o)
                0x0008337c                __smakebuf_r
 .text.malloc   0x00083410       0x10 c:/program files (x86)/atmel/studio/7.0/toolchain/arm/arm-gnu-toolchain/bin/../lib/gcc/arm-none-eabi/6.3.1/../../../../arm-none-eabi/lib/thumb/v7-m\libc.a(lib_a-malloc.o)
                0x00083410                malloc
 .text._malloc_r
                0x00083420      0x544 c:/program files (x86)/atmel/studio/7.0/toolchain/arm/arm-gnu-toolchain/bin/../lib/gcc/arm-none-eabi/6.3.1/../../../../arm-none-eabi/lib/thumb/v7-m\libc.a(lib_a-mallocr.o)
                0x00083420                _malloc_r
 .text.__ascii_mbtowc
                0x00083964       0x2c c:/program files (x86)/atmel/studio/7.0/toolchain/arm/arm-gnu-toolchain/bin/../lib/gcc/arm-none-eabi/6.3.1/../../../../arm-none-eabi/lib/thumb/v7-m\libc.a(lib_a-mbtowc_r.o)
                0x00083964                __ascii_mbtowc
 .text.memchr   0x00083990       0x8c c:/program files (x86)/atmel/studio/7.0/toolchain/arm/arm-gnu-toolchain/bin/../lib/gcc/arm-none-eabi/6.3.1/../../../../arm-none-eabi/lib/thumb/v7-m\libc.a(lib_a-memchr-stub.o)
                0x00083990                memchr
 .text          0x00083a1c       0xec c:/program files (x86)/atmel/studio/7.0/toolchain/arm/arm-gnu-toolchain/bin/../lib/gcc/arm-none-eabi/6.3.1/../../../../arm-none-eabi/lib/thumb/v7-m\libc.a(lib_a-memcpy.o)
                0x00083a1c                memcpy
 .text.memmove  0x00083b08       0xc8 c:/program files (x86)/atmel/studio/7.0/toolchain/arm/arm-gnu-toolchain/bin/../lib/gcc/arm-none-eabi/6.3.1/../../../../arm-none-eabi/lib/thumb/v7-m\libc.a(lib_a-memmove.o)
                0x00083b08                memmove
 .text.__malloc_lock
                0x00083bd0        0xc c:/program files (x86)/atmel/studio/7.0/toolchain/arm/arm-gnu-toolchain/bin/../lib/gcc/arm-none-eabi/6.3.1/../../../../arm-none-eabi/lib/thumb/v7-m\libc.a(lib_a-mlock.o)
                0x00083bd0                __malloc_lock
 .text.__malloc_unlock
                0x00083bdc        0xc c:/program files (x86)/atmel/studio/7.0/toolchain/arm/arm-gnu-toolchain/bin/../lib/gcc/arm-none-eabi/6.3.1/../../../../arm-none-eabi/lib/thumb/v7-m\libc.a(lib_a-mlock.o)
                0x00083bdc                __malloc_unlock
 .text._realloc_r
                0x00083be8      0x36c c:/program files (x86)/atmel/studio/7.0/toolchain/arm/arm-gnu-toolchain/bin/../lib/gcc/arm-none-eabi/6.3.1/../../../../arm-none-eabi/lib/thumb/v7-m\libc.a(lib_a-reallocr.o)
                0x00083be8                _realloc_r
 .text._sbrk_r  0x00083f54       0x24 c:/program files (x86)/atmel/studio/7.0/toolchain/arm/arm-gnu-toolchain/bin/../lib/gcc/arm-none-eabi/6.3.1/../../../../arm-none-eabi/lib/thumb/v7-m\libc.a(lib_a-sbrkr.o)
                0x00083f54                _sbrk_r
 .text.__sread  0x00083f78       0x24 c:/program files (x86)/atmel/studio/7.0/toolchain/arm/arm-gnu-toolchain/bin/../lib/gcc/arm-none-eabi/6.3.1/../../../../arm-none-eabi/lib/thumb/v7-m\libc.a(lib_a-stdio.o)
                0x00083f78                __sread
 .text.__swrite
                0x00083f9c       0x3c c:/program files (x86)/atmel/studio/7.0/toolchain/arm/arm-gnu-toolchain/bin/../lib/gcc/arm-none-eabi/6.3.1/../../../../arm-none-eabi/lib/thumb/v7-m\libc.a(lib_a-stdio.o)
                0x00083f9c                __swrite
 .text.__sseek  0x00083fd8       0x20 c:/program files (x86)/atmel/studio/7.0/toolchain/arm/arm-gnu-toolchain/bin/../lib/gcc/arm-none-eabi/6.3.1/../../../../arm-none-eabi/lib/thumb/v7-m\libc.a(lib_a-stdio.o)
                0x00083fd8                __sseek
 .text.__sclose
                0x00083ff8        0x8 c:/program files (x86)/atmel/studio/7.0/toolchain/arm/arm-gnu-toolchain/bin/../lib/gcc/arm-none-eabi/6.3.1/../../../../arm-none-eabi/lib/thumb/v7-m\libc.a(lib_a-stdio.o)
                0x00083ff8                __sclose
 .text.strlen   0x00084000       0x5c c:/program files (x86)/atmel/studio/7.0/toolchain/arm/arm-gnu-toolchain/bin/../lib/gcc/arm-none-eabi/6.3.1/../../../../arm-none-eabi/lib/thumb/v7-m\libc.a(lib_a-strlen-stub.o)
                0x00084000                strlen
 .text._wcrtomb_r
                0x0008405c       0x54 c:/program files (x86)/atmel/studio/7.0/toolchain/arm/arm-gnu-toolchain/bin/../lib/gcc/arm-none-eabi/6.3.1/../../../../arm-none-eabi/lib/thumb/v7-m\libc.a(lib_a-wcrtomb.o)
                0x0008405c                _wcrtomb_r
 .text.__ascii_wctomb
                0x000840b0       0x18 c:/program files (x86)/atmel/studio/7.0/toolchain/arm/arm-gnu-toolchain/bin/../lib/gcc/arm-none-eabi/6.3.1/../../../../arm-none-eabi/lib/thumb/v7-m\libc.a(lib_a-wctomb_r.o)
                0x000840b0                __ascii_wctomb
 .text._write_r
                0x000840c8       0x2c c:/program files (x86)/atmel/studio/7.0/toolchain/arm/arm-gnu-toolchain/bin/../lib/gcc/arm-none-eabi/6.3.1/../../../../arm-none-eabi/lib/thumb/v7-m\libc.a(lib_a-writer.o)
                0x000840c8                _write_r
 .text.__register_exitproc
                0x000840f4       0xc4 c:/program files (x86)/atmel/studio/7.0/toolchain/arm/arm-gnu-toolchain/bin/../lib/gcc/arm-none-eabi/6.3.1/../../../../arm-none-eabi/lib/thumb/v7-m\libc.a(lib_a-__atexit.o)
                0x000840f4                __register_exitproc
 .text._close_r
                0x000841b8       0x24 c:/program files (x86)/atmel/studio/7.0/toolchain/arm/arm-gnu-toolchain/bin/../lib/gcc/arm-none-eabi/6.3.1/../../../../arm-none-eabi/lib/thumb/v7-m\libc.a(lib_a-closer.o)
                0x000841b8                _close_r
 .text._fclose_r
                0x000841dc       0xc4 c:/program files (x86)/atmel/studio/7.0/toolchain/arm/arm-gnu-toolchain/bin/../lib/gcc/arm-none-eabi/6.3.1/../../../../arm-none-eabi/lib/thumb/v7-m\libc.a(lib_a-fclose.o)
                0x000841dc                _fclose_r
 .text._fstat_r
                0x000842a0       0x28 c:/program files (x86)/atmel/studio/7.0/toolchain/arm/arm-gnu-toolchain/bin/../lib/gcc/arm-none-eabi/6.3.1/../../../../arm-none-eabi/lib/thumb/v7-m\libc.a(lib_a-fstatr.o)
                0x000842a0                _fstat_r
 .text._isatty_r
                0x000842c8       0x24 c:/program files (x86)/atmel/studio/7.0/toolchain/arm/arm-gnu-toolchain/bin/../lib/gcc/arm-none-eabi/6.3.1/../../../../arm-none-eabi/lib/thumb/v7-m\libc.a(lib_a-isattyr.o)
                0x000842c8                _isatty_r
 .text._lseek_r
                0x000842ec       0x2c c:/program files (x86)/atmel/studio/7.0/toolchain/arm/arm-gnu-toolchain/bin/../lib/gcc/arm-none-eabi/6.3.1/../../../../arm-none-eabi/lib/thumb/v7-m\libc.a(lib_a-lseekr.o)
                0x000842ec                _lseek_r
 .text._read_r  0x00084318       0x2c c:/program files (x86)/atmel/studio/7.0/toolchain/arm/arm-gnu-toolchain/bin/../lib/gcc/arm-none-eabi/6.3.1/../../../../arm-none-eabi/lib/thumb/v7-m\libc.a(lib_a-readr.o)
                0x00084318                _read_r
 .text          0x00084344       0x30 c:/program files (x86)/atmel/studio/7.0/toolchain/arm/arm-gnu-toolchain/bin/../lib/gcc/arm-none-eabi/6.3.1/thumb/v7-m\libgcc.a(_aeabi_uldivmod.o)
                0x00084344                __aeabi_uldivmod
 .text          0x00084374      0x2dc c:/program files (x86)/atmel/studio/7.0/toolchain/arm/arm-gnu-toolchain/bin/../lib/gcc/arm-none-eabi/6.3.1/thumb/v7-m\libgcc.a(_udivmoddi4.o)
                0x00084374                __udivmoddi4
 .text          0x00084650        0x4 c:/program files (x86)/atmel/studio/7.0/toolchain/arm/arm-gnu-toolchain/bin/../lib/gcc/arm-none-eabi/6.3.1/thumb/v7-m\libgcc.a(_dvmd_tls.o)
                0x00084650                __aeabi_idiv0
                0x00084650                __aeabi_ldiv0
 *(.glue_7t)
 .glue_7t       0x00084654        0x0 linker stubs
 *(.glue_7)
 .glue_7        0x00084654        0x0 linker stubs
 *(.rodata .rodata* .gnu.linkonce.r.*)
 .rodata.UnityStrBreaker
                0x00084654       0x18 unity/unity.o
                0x00084654                UnityStrBreaker
 .rodata.UnityStrExpected
                0x0008466c        0xb unity/unity.o
                0x0008466c                UnityStrExpected
 *fill*         0x00084677        0x1 
 .rodata.UnityStrFail
                0x00084678        0x5 unity/unity.o
                0x00084678                UnityStrFail
 *fill*         0x0008467d        0x3 
 .rodata.UnityStrOk
                0x00084680        0x3 unity/unity.o
                0x00084680                UnityStrOk
 *fill*         0x00084683        0x1 
 .rodata.UnityStrPass
                0x00084684        0x5 unity/unity.o
                0x00084684                UnityStrPass
 *fill*         0x00084689        0x3 
 .rodata.UnityStrResultsFailures
                0x0008468c        0xb unity/unity.o
                0x0008468c                UnityStrResultsFailures
 *fill*         0x00084697        0x1 
 .rodata.UnityStrResultsIgnored
                0x00084698        0xa unity/unity.o
                0x00084698                UnityStrResultsIgnored
 *fill*         0x000846a2        0x2 
 .rodata.UnityStrResultsTests
                0x000846a4        0x8 unity/unity.o
                0x000846a4                UnityStrResultsTests
 .rodata.UnityStrSpacer
                0x000846ac        0x3 unity/unity.o
                0x000846ac                UnityStrSpacer
 *fill*         0x000846af        0x1 
 .rodata.UnityStrWas
                0x000846b0        0x6 unity/unity.o
                0x000846b0                UnityStrWas
 *fill*         0x000846b6        0x2 
 .rodata.test_digitalDuePin13And22InitialiseProperly.str1.4
                0x000846b8       0x16 test/test_digitalIO.o
 *fill*         0x000846ce        0x2 
 .rodata.test_digitalDuePin13And22IsSet.str1.4
                0x000846d0       0x25 test/test_digitalIO.o
 *fill*         0x000846f5        0x3 
 .rodata.test_digitalDuePin13InitialiseProperly.str1.4
                0x000846f8       0x2e test/test_digitalIO.o
 *fill*         0x00084726        0x2 
 .rodata.test_digitalDuePin13isClearedAnd22IsSet.str1.4
                0x00084728       0x10 test/test_digitalIO.o
 .rodata.main.str1.4
                0x00084738      0x174 test/main.o
 .rodata._global_impure_ptr
                0x000848ac        0x4 c:/program files (x86)/atmel/studio/7.0/toolchain/arm/arm-gnu-toolchain/bin/../lib/gcc/arm-none-eabi/6.3.1/../../../../arm-none-eabi/lib/thumb/v7-m\libc.a(lib_a-impure.o)
                0x000848ac                _global_impure_ptr
 .rodata._vfiprintf_r.str1.4
                0x000848b0       0x2f c:/program files (x86)/atmel/studio/7.0/toolchain/arm/arm-gnu-toolchain/bin/../lib/gcc/arm-none-eabi/6.3.1/../../../../arm-none-eabi/lib/thumb/v7-m\libc.a(lib_a-vfiprintf.o)
 *fill*         0x000848df        0x1 
 .rodata.blanks.7217
                0x000848e0       0x10 c:/program files (x86)/atmel/studio/7.0/toolchain/arm/arm-gnu-toolchain/bin/../lib/gcc/arm-none-eabi/6.3.1/../../../../arm-none-eabi/lib/thumb/v7-m\libc.a(lib_a-vfiprintf.o)
 .rodata.zeroes.7218
                0x000848f0       0x10 c:/program files (x86)/atmel/studio/7.0/toolchain/arm/arm-gnu-toolchain/bin/../lib/gcc/arm-none-eabi/6.3.1/../../../../arm-none-eabi/lib/thumb/v7-m\libc.a(lib_a-vfiprintf.o)
 .rodata._setlocale_r.str1.4
                0x00084900        0xa c:/program files (x86)/atmel/studio/7.0/toolchain/arm/arm-gnu-toolchain/bin/../lib/gcc/arm-none-eabi/6.3.1/../../../../arm-none-eabi/lib/thumb/v7-m\libc.a(lib_a-locale.o)
                                  0xd (size before relaxing)
 *fill*         0x0008490a        0x2 
 .rodata.str1.4
                0x0008490c        0x4 c:/program files (x86)/atmel/studio/7.0/toolchain/arm/arm-gnu-toolchain/bin/../lib/gcc/arm-none-eabi/6.3.1/../../../../arm-none-eabi/lib/thumb/v7-m\libc.a(lib_a-locale.o)
                                  0x2 (size before relaxing)
 .rodata._ctype_
                0x00084910      0x101 c:/program files (x86)/atmel/studio/7.0/toolchain/arm/arm-gnu-toolchain/bin/../lib/gcc/arm-none-eabi/6.3.1/../../../../arm-none-eabi/lib/thumb/v7-m\libc.a(lib_a-ctype_.o)
                0x00084910                _ctype_
 *(.ARM.extab* .gnu.linkonce.armextab.*)
                0x00084a14                . = ALIGN (0x4)
 *fill*         0x00084a11        0x3 
 *(.init)
 .init          0x00084a14        0x4 c:/program files (x86)/atmel/studio/7.0/toolchain/arm/arm-gnu-toolchain/bin/../lib/gcc/arm-none-eabi/6.3.1/thumb/v7-m/crti.o
                0x00084a14                _init
 .init          0x00084a18        0x8 c:/program files (x86)/atmel/studio/7.0/toolchain/arm/arm-gnu-toolchain/bin/../lib/gcc/arm-none-eabi/6.3.1/thumb/v7-m/crtn.o
                0x00084a20                . = ALIGN (0x4)
                0x00084a20                __preinit_array_start = .
 *(.preinit_array)
                0x00084a20                __preinit_array_end = .
                0x00084a20                . = ALIGN (0x4)
                0x00084a20                __init_array_start = .
 *(SORT(.init_array.*))
 .init_array.00000
                0x00084a20        0x4 c:/program files (x86)/atmel/studio/7.0/toolchain/arm/arm-gnu-toolchain/bin/../lib/gcc/arm-none-eabi/6.3.1/../../../../arm-none-eabi/lib/thumb/v7-m\libc.a(lib_a-__call_atexit.o)
 *(.init_array)
 .init_array    0x00084a24        0x4 c:/program files (x86)/atmel/studio/7.0/toolchain/arm/arm-gnu-toolchain/bin/../lib/gcc/arm-none-eabi/6.3.1/thumb/v7-m/crtbegin.o
                0x00084a28                __init_array_end = .
                0x00084a28                . = ALIGN (0x4)
 *crtbegin.o(.ctors)
 *(EXCLUDE_FILE(*crtend.o) .ctors)
 *(SORT(.ctors.*))
 *crtend.o(.ctors)
                0x00084a28                . = ALIGN (0x4)
 *(.fini)
 .fini          0x00084a28        0x4 c:/program files (x86)/atmel/studio/7.0/toolchain/arm/arm-gnu-toolchain/bin/../lib/gcc/arm-none-eabi/6.3.1/thumb/v7-m/crti.o
                0x00084a28                _fini
 .fini          0x00084a2c        0x8 c:/program files (x86)/atmel/studio/7.0/toolchain/arm/arm-gnu-toolchain/bin/../lib/gcc/arm-none-eabi/6.3.1/thumb/v7-m/crtn.o
                0x00084a34                . = ALIGN (0x4)
                0x00084a34                __fini_array_start = .
 *(.fini_array)
 .fini_array    0x00084a34        0x4 c:/program files (x86)/atmel/studio/7.0/toolchain/arm/arm-gnu-toolchain/bin/../lib/gcc/arm-none-eabi/6.3.1/thumb/v7-m/crtbegin.o
 *(SORT(.fini_array.*))
                0x00084a38                __fini_array_end = .
 *crtbegin.o(.dtors)
 *(EXCLUDE_FILE(*crtend.o) .dtors)
 *(SORT(.dtors.*))
 *crtend.o(.dtors)
                0x00084a38                . = ALIGN (0x4)
                0x00084a38                _efixed = .
                [!provide]                PROVIDE (__exidx_start, .)

.vfp11_veneer   0x00084a38        0x0
 .vfp11_veneer  0x00084a38        0x0 linker stubs

.v4_bx          0x00084a38        0x0
 .v4_bx         0x00084a38        0x0 linker stubs

.iplt           0x00084a38        0x0
 .iplt          0x00084a38        0x0 c:/program files (x86)/atmel/studio/7.0/toolchain/arm/arm-gnu-toolchain/bin/../lib/gcc/arm-none-eabi/6.3.1/thumb/v7-m/crtbegin.o

.ARM.exidx      0x00084a38        0x8
 *(.ARM.exidx* .gnu.linkonce.armexidx.*)
 .ARM.exidx     0x00084a38        0x8 c:/program files (x86)/atmel/studio/7.0/toolchain/arm/arm-gnu-toolchain/bin/../lib/gcc/arm-none-eabi/6.3.1/thumb/v7-m\libgcc.a(_udivmoddi4.o)
                [!provide]                PROVIDE (__exidx_end, .)

.eh_frame       0x00084a40        0x0
 .eh_frame      0x00084a40        0x0 c:/program files (x86)/atmel/studio/7.0/toolchain/arm/arm-gnu-toolchain/bin/../lib/gcc/arm-none-eabi/6.3.1/thumb/v7-m/crtbegin.o

.rel.dyn        0x00084a40        0x0
 .rel.iplt      0x00084a40        0x0 c:/program files (x86)/atmel/studio/7.0/toolchain/arm/arm-gnu-toolchain/bin/../lib/gcc/arm-none-eabi/6.3.1/thumb/v7-m/crtbegin.o

.jcr            0x00084a40        0x0
 .jcr           0x00084a40        0x0 c:/program files (x86)/atmel/studio/7.0/toolchain/arm/arm-gnu-toolchain/bin/../lib/gcc/arm-none-eabi/6.3.1/thumb/v7-m/crtbegin.o

.igot.plt       0x00084a40        0x0
 .igot.plt      0x00084a40        0x0 c:/program files (x86)/atmel/studio/7.0/toolchain/arm/arm-gnu-toolchain/bin/../lib/gcc/arm-none-eabi/6.3.1/thumb/v7-m/crtbegin.o
                0x00084a40                . = ALIGN (0x4)
                0x00084a40                _etext = .

.relocate       0x20070000      0xae0 load address 0x00084a40
                0x20070000                . = ALIGN (0x4)
                0x20070000                _srelocate = .
 *(.ramfunc .ramfunc.*)
 .ramfunc       0x20070000      0x12c src/ASF/sam/utils/cmsis/sam3x/source/templates/system_sam3x.o
                0x20070000                SystemInit
                0x200700a4                system_init_flash
 *(.data .data.*)
 .data.g_interrupt_enabled
                0x2007012c        0x1 src/ASF/common/utils/interrupt/interrupt_sam_nvic.o
                0x2007012c                g_interrupt_enabled
 *fill*         0x2007012d        0x3 
 .data.SystemCoreClock
                0x20070130        0x4 src/ASF/sam/utils/cmsis/sam3x/source/templates/system_sam3x.o
                0x20070130                SystemCoreClock
 .data._impure_ptr
                0x20070134        0x4 c:/program files (x86)/atmel/studio/7.0/toolchain/arm/arm-gnu-toolchain/bin/../lib/gcc/arm-none-eabi/6.3.1/../../../../arm-none-eabi/lib/thumb/v7-m\libc.a(lib_a-impure.o)
                0x20070134                _impure_ptr
 .data.impure_data
                0x20070138      0x428 c:/program files (x86)/atmel/studio/7.0/toolchain/arm/arm-gnu-toolchain/bin/../lib/gcc/arm-none-eabi/6.3.1/../../../../arm-none-eabi/lib/thumb/v7-m\libc.a(lib_a-impure.o)
 .data.__atexit_recursive_mutex
                0x20070560        0x4 c:/program files (x86)/atmel/studio/7.0/toolchain/arm/arm-gnu-toolchain/bin/../lib/gcc/arm-none-eabi/6.3.1/../../../../arm-none-eabi/lib/thumb/v7-m\libc.a(lib_a-__call_atexit.o)
                0x20070560                __atexit_recursive_mutex
 .data.__global_locale
                0x20070564      0x16c c:/program files (x86)/atmel/studio/7.0/toolchain/arm/arm-gnu-toolchain/bin/../lib/gcc/arm-none-eabi/6.3.1/../../../../arm-none-eabi/lib/thumb/v7-m\libc.a(lib_a-locale.o)
                0x20070564                __global_locale
 .data.__malloc_av_
                0x200706d0      0x408 c:/program files (x86)/atmel/studio/7.0/toolchain/arm/arm-gnu-toolchain/bin/../lib/gcc/arm-none-eabi/6.3.1/../../../../arm-none-eabi/lib/thumb/v7-m\libc.a(lib_a-mallocr.o)
                0x200706d0                __malloc_av_
 .data.__malloc_sbrk_base
                0x20070ad8        0x4 c:/program files (x86)/atmel/studio/7.0/toolchain/arm/arm-gnu-toolchain/bin/../lib/gcc/arm-none-eabi/6.3.1/../../../../arm-none-eabi/lib/thumb/v7-m\libc.a(lib_a-mallocr.o)
                0x20070ad8                __malloc_sbrk_base
 .data.__malloc_trim_threshold
                0x20070adc        0x4 c:/program files (x86)/atmel/studio/7.0/toolchain/arm/arm-gnu-toolchain/bin/../lib/gcc/arm-none-eabi/6.3.1/../../../../arm-none-eabi/lib/thumb/v7-m\libc.a(lib_a-mallocr.o)
                0x20070adc                __malloc_trim_threshold
                0x20070ae0                . = ALIGN (0x4)
                0x20070ae0                _erelocate = .

.bss            0x20070ae0      0x214 load address 0x00085520
                0x20070ae0                . = ALIGN (0x4)
                0x20070ae0                _sbss = .
                0x20070ae0                _szero = .
 *(.bss .bss.*)
 .bss           0x20070ae0       0x1c c:/program files (x86)/atmel/studio/7.0/toolchain/arm/arm-gnu-toolchain/bin/../lib/gcc/arm-none-eabi/6.3.1/thumb/v7-m/crtbegin.o
 .bss.serial_rx_buf
                0x20070afc       0x9c src/ASF/thirdparty/wireless/addons/sio2host/uart/sio2host.o
 .bss.serial_rx_buf_tail
                0x20070b98        0x1 src/ASF/thirdparty/wireless/addons/sio2host/uart/sio2host.o
 *fill*         0x20070b99        0x3 
 .bss.gs_interrupt_sources
                0x20070b9c       0x70 src/ASF/sam/drivers/pio/pio_handler.o
 .bss.heap.5297
                0x20070c0c        0x4 src/ASF/sam/utils/syscalls/gcc/syscalls.o
 .bss.__malloc_current_mallinfo
                0x20070c10       0x28 c:/program files (x86)/atmel/studio/7.0/toolchain/arm/arm-gnu-toolchain/bin/../lib/gcc/arm-none-eabi/6.3.1/../../../../arm-none-eabi/lib/thumb/v7-m\libc.a(lib_a-mallocr.o)
                0x20070c10                __malloc_current_mallinfo
 .bss.__malloc_max_sbrked_mem
                0x20070c38        0x4 c:/program files (x86)/atmel/studio/7.0/toolchain/arm/arm-gnu-toolchain/bin/../lib/gcc/arm-none-eabi/6.3.1/../../../../arm-none-eabi/lib/thumb/v7-m\libc.a(lib_a-mallocr.o)
                0x20070c38                __malloc_max_sbrked_mem
 .bss.__malloc_max_total_mem
                0x20070c3c        0x4 c:/program files (x86)/atmel/studio/7.0/toolchain/arm/arm-gnu-toolchain/bin/../lib/gcc/arm-none-eabi/6.3.1/../../../../arm-none-eabi/lib/thumb/v7-m\libc.a(lib_a-mallocr.o)
                0x20070c3c                __malloc_max_total_mem
 .bss.__malloc_top_pad
                0x20070c40        0x4 c:/program files (x86)/atmel/studio/7.0/toolchain/arm/arm-gnu-toolchain/bin/../lib/gcc/arm-none-eabi/6.3.1/../../../../arm-none-eabi/lib/thumb/v7-m\libc.a(lib_a-mallocr.o)
                0x20070c40                __malloc_top_pad
 *(COMMON)
 COMMON         0x20070c44        0x4 src/ASF/common/utils/stdio/read.o
                0x20070c44                ptr_get
 COMMON         0x20070c48       0x7c unity/unity.o
                0x20070c48                Unity
 COMMON         0x20070cc4        0x8 src/ASF/common/utils/stdio/write.o
                0x20070cc4                ptr_put
                0x20070cc8                stdio_base
 COMMON         0x20070ccc       0x21 c:/program files (x86)/atmel/studio/7.0/toolchain/arm/arm-gnu-toolchain/bin/../lib/gcc/arm-none-eabi/6.3.1/../../../../arm-none-eabi/lib/thumb/v7-m\libc.a(lib_a-lock.o)
                0x20070ccc                __lock___atexit_recursive_mutex
                0x20070cd0                __lock___arc4random_mutex
                0x20070cd4                __lock___env_recursive_mutex
                0x20070cd8                __lock___sinit_recursive_mutex
                0x20070cdc                __lock___malloc_recursive_mutex
                0x20070ce0                __lock___at_quick_exit_mutex
                0x20070ce4                __lock___dd_hash_mutex
                0x20070ce8                __lock___tz_mutex
                0x20070cec                __lock___sfp_recursive_mutex
 *fill*         0x20070ced        0x3 
 COMMON         0x20070cf0        0x4 c:/program files (x86)/atmel/studio/7.0/toolchain/arm/arm-gnu-toolchain/bin/../lib/gcc/arm-none-eabi/6.3.1/../../../../arm-none-eabi/lib/thumb/v7-m\libc.a(lib_a-reent.o)
                0x20070cf0                errno
                0x20070cf4                . = ALIGN (0x4)
                0x20070cf4                _ebss = .
                0x20070cf4                _ezero = .

.stack          0x20070cf4     0x2004 load address 0x00085734
                0x20070cf8                . = ALIGN (0x8)
 *fill*         0x20070cf4        0x4 
                0x20070cf8                _sstack = .
                0x20072cf8                . = (. + __stack_size__)
 *fill*         0x20070cf8     0x2000 
                0x20072cf8                . = ALIGN (0x8)
                0x20072cf8                _estack = .
                0x20072cf8                . = ALIGN (0x4)
                0x20072cf8                _end = .
OUTPUT(ProjectDigitalIO.elf elf32-littlearm)

.ARM.attributes
                0x00000000       0x29
 .ARM.attributes
                0x00000000       0x1d c:/program files (x86)/atmel/studio/7.0/toolchain/arm/arm-gnu-toolchain/bin/../lib/gcc/arm-none-eabi/6.3.1/thumb/v7-m/crti.o
 .ARM.attributes
                0x0000001d       0x2d c:/program files (x86)/atmel/studio/7.0/toolchain/arm/arm-gnu-toolchain/bin/../lib/gcc/arm-none-eabi/6.3.1/thumb/v7-m/crtbegin.o
 .ARM.attributes
                0x0000004a       0x33 src/ASF/common/utils/stdio/read.o
 .ARM.attributes
                0x0000007d       0x33 src/ASF/sam/drivers/usart/usart.o
 .ARM.attributes
                0x000000b0       0x33 src/ASF/thirdparty/wireless/addons/sio2host/uart/sio2host.o
 .ARM.attributes
                0x000000e3       0x33 src/digitalIO.o
 .ARM.attributes
                0x00000116       0x33 unity/unity.o
 .ARM.attributes
                0x00000149       0x33 src/ASF/common/utils/stdio/write.o
 .ARM.attributes
                0x0000017c       0x33 src/ASF/common/services/serial/usart_serial.o
 .ARM.attributes
                0x000001af       0x33 src/ASF/sam/drivers/uart/uart.o
 .ARM.attributes
                0x000001e2       0x33 test/test_digitalIO.o
 .ARM.attributes
                0x00000215       0x33 test/main.o
 .ARM.attributes
                0x00000248       0x33 src/ASF/common/services/clock/sam3x/sysclk.o
 .ARM.attributes
                0x0000027b       0x33 src/ASF/common/utils/interrupt/interrupt_sam_nvic.o
 .ARM.attributes
                0x000002ae       0x33 src/ASF/sam/boards/arduino_due_x/init.o
 .ARM.attributes
                0x000002e1       0x33 src/ASF/sam/drivers/pio/pio.o
 .ARM.attributes
                0x00000314       0x33 src/ASF/sam/drivers/pio/pio_handler.o
 .ARM.attributes
                0x00000347       0x33 src/ASF/sam/drivers/pmc/pmc.o
 .ARM.attributes
                0x0000037a       0x33 src/ASF/sam/utils/cmsis/sam3x/source/templates/exceptions.o
 .ARM.attributes
                0x000003ad       0x33 src/ASF/sam/utils/cmsis/sam3x/source/templates/gcc/startup_sam3x.o
 .ARM.attributes
                0x000003e0       0x33 src/ASF/sam/utils/cmsis/sam3x/source/templates/system_sam3x.o
 .ARM.attributes
                0x00000413       0x33 src/ASF/sam/utils/syscalls/gcc/syscalls.o
 .ARM.attributes
                0x00000446       0x2d c:/program files (x86)/atmel/studio/7.0/toolchain/arm/arm-gnu-toolchain/bin/../lib/gcc/arm-none-eabi/6.3.1/../../../../arm-none-eabi/lib/thumb/v7-m\libc.a(lib_a-impure.o)
 .ARM.attributes
                0x00000473       0x2d c:/program files (x86)/atmel/studio/7.0/toolchain/arm/arm-gnu-toolchain/bin/../lib/gcc/arm-none-eabi/6.3.1/../../../../arm-none-eabi/lib/thumb/v7-m\libc.a(lib_a-init.o)
 .ARM.attributes
                0x000004a0       0x2d c:/program files (x86)/atmel/studio/7.0/toolchain/arm/arm-gnu-toolchain/bin/../lib/gcc/arm-none-eabi/6.3.1/../../../../arm-none-eabi/lib/thumb/v7-m\libc.a(lib_a-iprintf.o)
 .ARM.attributes
                0x000004cd       0x2d c:/program files (x86)/atmel/studio/7.0/toolchain/arm/arm-gnu-toolchain/bin/../lib/gcc/arm-none-eabi/6.3.1/../../../../arm-none-eabi/lib/thumb/v7-m\libc.a(lib_a-memset.o)
 .ARM.attributes
                0x000004fa       0x2d c:/program files (x86)/atmel/studio/7.0/toolchain/arm/arm-gnu-toolchain/bin/../lib/gcc/arm-none-eabi/6.3.1/../../../../arm-none-eabi/lib/thumb/v7-m\libc.a(lib_a-setbuf.o)
 .ARM.attributes
                0x00000527       0x1b c:/program files (x86)/atmel/studio/7.0/toolchain/arm/arm-gnu-toolchain/bin/../lib/gcc/arm-none-eabi/6.3.1/../../../../arm-none-eabi/lib/thumb/v7-m\libc.a(lib_a-setjmp.o)
 .ARM.attributes
                0x00000542       0x2d c:/program files (x86)/atmel/studio/7.0/toolchain/arm/arm-gnu-toolchain/bin/../lib/gcc/arm-none-eabi/6.3.1/../../../../arm-none-eabi/lib/thumb/v7-m\libc.a(lib_a-setvbuf.o)
 .ARM.attributes
                0x0000056f       0x2d c:/program files (x86)/atmel/studio/7.0/toolchain/arm/arm-gnu-toolchain/bin/../lib/gcc/arm-none-eabi/6.3.1/../../../../arm-none-eabi/lib/thumb/v7-m\libc.a(lib_a-vfiprintf.o)
 .ARM.attributes
                0x0000059c       0x2d c:/program files (x86)/atmel/studio/7.0/toolchain/arm/arm-gnu-toolchain/bin/../lib/gcc/arm-none-eabi/6.3.1/../../../../arm-none-eabi/lib/thumb/v7-m\libc.a(lib_a-wbuf.o)
 .ARM.attributes
                0x000005c9       0x2d c:/program files (x86)/atmel/studio/7.0/toolchain/arm/arm-gnu-toolchain/bin/../lib/gcc/arm-none-eabi/6.3.1/../../../../arm-none-eabi/lib/thumb/v7-m\libc.a(lib_a-wsetup.o)
 .ARM.attributes
                0x000005f6       0x2d c:/program files (x86)/atmel/studio/7.0/toolchain/arm/arm-gnu-toolchain/bin/../lib/gcc/arm-none-eabi/6.3.1/../../../../arm-none-eabi/lib/thumb/v7-m\libc.a(lib_a-__call_atexit.o)
 .ARM.attributes
                0x00000623       0x2d c:/program files (x86)/atmel/studio/7.0/toolchain/arm/arm-gnu-toolchain/bin/../lib/gcc/arm-none-eabi/6.3.1/../../../../arm-none-eabi/lib/thumb/v7-m\libc.a(lib_a-atexit.o)
 .ARM.attributes
                0x00000650       0x2d c:/program files (x86)/atmel/studio/7.0/toolchain/arm/arm-gnu-toolchain/bin/../lib/gcc/arm-none-eabi/6.3.1/../../../../arm-none-eabi/lib/thumb/v7-m\libc.a(lib_a-fflush.o)
 .ARM.attributes
                0x0000067d       0x2d c:/program files (x86)/atmel/studio/7.0/toolchain/arm/arm-gnu-toolchain/bin/../lib/gcc/arm-none-eabi/6.3.1/../../../../arm-none-eabi/lib/thumb/v7-m\libc.a(lib_a-findfp.o)
 .ARM.attributes
                0x000006aa       0x2d c:/program files (x86)/atmel/studio/7.0/toolchain/arm/arm-gnu-toolchain/bin/../lib/gcc/arm-none-eabi/6.3.1/../../../../arm-none-eabi/lib/thumb/v7-m\libc.a(lib_a-fini.o)
 .ARM.attributes
                0x000006d7       0x2d c:/program files (x86)/atmel/studio/7.0/toolchain/arm/arm-gnu-toolchain/bin/../lib/gcc/arm-none-eabi/6.3.1/../../../../arm-none-eabi/lib/thumb/v7-m\libc.a(lib_a-fputwc.o)
 .ARM.attributes
                0x00000704       0x2d c:/program files (x86)/atmel/studio/7.0/toolchain/arm/arm-gnu-toolchain/bin/../lib/gcc/arm-none-eabi/6.3.1/../../../../arm-none-eabi/lib/thumb/v7-m\libc.a(lib_a-freer.o)
 .ARM.attributes
                0x00000731       0x2d c:/program files (x86)/atmel/studio/7.0/toolchain/arm/arm-gnu-toolchain/bin/../lib/gcc/arm-none-eabi/6.3.1/../../../../arm-none-eabi/lib/thumb/v7-m\libc.a(lib_a-fvwrite.o)
 .ARM.attributes
                0x0000075e       0x2d c:/program files (x86)/atmel/studio/7.0/toolchain/arm/arm-gnu-toolchain/bin/../lib/gcc/arm-none-eabi/6.3.1/../../../../arm-none-eabi/lib/thumb/v7-m\libc.a(lib_a-fwalk.o)
 .ARM.attributes
                0x0000078b       0x2d c:/program files (x86)/atmel/studio/7.0/toolchain/arm/arm-gnu-toolchain/bin/../lib/gcc/arm-none-eabi/6.3.1/../../../../arm-none-eabi/lib/thumb/v7-m\libc.a(lib_a-locale.o)
 .ARM.attributes
                0x000007b8       0x2d c:/program files (x86)/atmel/studio/7.0/toolchain/arm/arm-gnu-toolchain/bin/../lib/gcc/arm-none-eabi/6.3.1/../../../../arm-none-eabi/lib/thumb/v7-m\libc.a(lib_a-lock.o)
 .ARM.attributes
                0x000007e5       0x2d c:/program files (x86)/atmel/studio/7.0/toolchain/arm/arm-gnu-toolchain/bin/../lib/gcc/arm-none-eabi/6.3.1/../../../../arm-none-eabi/lib/thumb/v7-m\libc.a(lib_a-makebuf.o)
 .ARM.attributes
                0x00000812       0x2d c:/program files (x86)/atmel/studio/7.0/toolchain/arm/arm-gnu-toolchain/bin/../lib/gcc/arm-none-eabi/6.3.1/../../../../arm-none-eabi/lib/thumb/v7-m\libc.a(lib_a-malloc.o)
 .ARM.attributes
                0x0000083f       0x2d c:/program files (x86)/atmel/studio/7.0/toolchain/arm/arm-gnu-toolchain/bin/../lib/gcc/arm-none-eabi/6.3.1/../../../../arm-none-eabi/lib/thumb/v7-m\libc.a(lib_a-mallocr.o)
 .ARM.attributes
                0x0000086c       0x2d c:/program files (x86)/atmel/studio/7.0/toolchain/arm/arm-gnu-toolchain/bin/../lib/gcc/arm-none-eabi/6.3.1/../../../../arm-none-eabi/lib/thumb/v7-m\libc.a(lib_a-mbtowc_r.o)
 .ARM.attributes
                0x00000899       0x2d c:/program files (x86)/atmel/studio/7.0/toolchain/arm/arm-gnu-toolchain/bin/../lib/gcc/arm-none-eabi/6.3.1/../../../../arm-none-eabi/lib/thumb/v7-m\libc.a(lib_a-memchr-stub.o)
 .ARM.attributes
                0x000008c6       0x1b c:/program files (x86)/atmel/studio/7.0/toolchain/arm/arm-gnu-toolchain/bin/../lib/gcc/arm-none-eabi/6.3.1/../../../../arm-none-eabi/lib/thumb/v7-m\libc.a(lib_a-memcpy.o)
 .ARM.attributes
                0x000008e1       0x2d c:/program files (x86)/atmel/studio/7.0/toolchain/arm/arm-gnu-toolchain/bin/../lib/gcc/arm-none-eabi/6.3.1/../../../../arm-none-eabi/lib/thumb/v7-m\libc.a(lib_a-memmove.o)
 .ARM.attributes
                0x0000090e       0x2d c:/program files (x86)/atmel/studio/7.0/toolchain/arm/arm-gnu-toolchain/bin/../lib/gcc/arm-none-eabi/6.3.1/../../../../arm-none-eabi/lib/thumb/v7-m\libc.a(lib_a-mlock.o)
 .ARM.attributes
                0x0000093b       0x2d c:/program files (x86)/atmel/studio/7.0/toolchain/arm/arm-gnu-toolchain/bin/../lib/gcc/arm-none-eabi/6.3.1/../../../../arm-none-eabi/lib/thumb/v7-m\libc.a(lib_a-reallocr.o)
 .ARM.attributes
                0x00000968       0x2d c:/program files (x86)/atmel/studio/7.0/toolchain/arm/arm-gnu-toolchain/bin/../lib/gcc/arm-none-eabi/6.3.1/../../../../arm-none-eabi/lib/thumb/v7-m\libc.a(lib_a-sbrkr.o)
 .ARM.attributes
                0x00000995       0x2d c:/program files (x86)/atmel/studio/7.0/toolchain/arm/arm-gnu-toolchain/bin/../lib/gcc/arm-none-eabi/6.3.1/../../../../arm-none-eabi/lib/thumb/v7-m\libc.a(lib_a-stdio.o)
 .ARM.attributes
                0x000009c2       0x2d c:/program files (x86)/atmel/studio/7.0/toolchain/arm/arm-gnu-toolchain/bin/../lib/gcc/arm-none-eabi/6.3.1/../../../../arm-none-eabi/lib/thumb/v7-m\libc.a(lib_a-strlen-stub.o)
 .ARM.attributes
                0x000009ef       0x2d c:/program files (x86)/atmel/studio/7.0/toolchain/arm/arm-gnu-toolchain/bin/../lib/gcc/arm-none-eabi/6.3.1/../../../../arm-none-eabi/lib/thumb/v7-m\libc.a(lib_a-wcrtomb.o)
 .ARM.attributes
                0x00000a1c       0x2d c:/program files (x86)/atmel/studio/7.0/toolchain/arm/arm-gnu-toolchain/bin/../lib/gcc/arm-none-eabi/6.3.1/../../../../arm-none-eabi/lib/thumb/v7-m\libc.a(lib_a-wctomb_r.o)
 .ARM.attributes
                0x00000a49       0x2d c:/program files (x86)/atmel/studio/7.0/toolchain/arm/arm-gnu-toolchain/bin/../lib/gcc/arm-none-eabi/6.3.1/../../../../arm-none-eabi/lib/thumb/v7-m\libc.a(lib_a-writer.o)
 .ARM.attributes
                0x00000a76       0x2d c:/program files (x86)/atmel/studio/7.0/toolchain/arm/arm-gnu-toolchain/bin/../lib/gcc/arm-none-eabi/6.3.1/../../../../arm-none-eabi/lib/thumb/v7-m\libc.a(lib_a-__atexit.o)
 .ARM.attributes
                0x00000aa3       0x2d c:/program files (x86)/atmel/studio/7.0/toolchain/arm/arm-gnu-toolchain/bin/../lib/gcc/arm-none-eabi/6.3.1/../../../../arm-none-eabi/lib/thumb/v7-m\libc.a(lib_a-closer.o)
 .ARM.attributes
                0x00000ad0       0x2d c:/program files (x86)/atmel/studio/7.0/toolchain/arm/arm-gnu-toolchain/bin/../lib/gcc/arm-none-eabi/6.3.1/../../../../arm-none-eabi/lib/thumb/v7-m\libc.a(lib_a-ctype_.o)
 .ARM.attributes
                0x00000afd       0x2d c:/program files (x86)/atmel/studio/7.0/toolchain/arm/arm-gnu-toolchain/bin/../lib/gcc/arm-none-eabi/6.3.1/../../../../arm-none-eabi/lib/thumb/v7-m\libc.a(lib_a-fclose.o)
 .ARM.attributes
                0x00000b2a       0x2d c:/program files (x86)/atmel/studio/7.0/toolchain/arm/arm-gnu-toolchain/bin/../lib/gcc/arm-none-eabi/6.3.1/../../../../arm-none-eabi/lib/thumb/v7-m\libc.a(lib_a-fstatr.o)
 .ARM.attributes
                0x00000b57       0x2d c:/program files (x86)/atmel/studio/7.0/toolchain/arm/arm-gnu-toolchain/bin/../lib/gcc/arm-none-eabi/6.3.1/../../../../arm-none-eabi/lib/thumb/v7-m\libc.a(lib_a-isattyr.o)
 .ARM.attributes
                0x00000b84       0x2d c:/program files (x86)/atmel/studio/7.0/toolchain/arm/arm-gnu-toolchain/bin/../lib/gcc/arm-none-eabi/6.3.1/../../../../arm-none-eabi/lib/thumb/v7-m\libc.a(lib_a-lseekr.o)
 .ARM.attributes
                0x00000bb1       0x2d c:/program files (x86)/atmel/studio/7.0/toolchain/arm/arm-gnu-toolchain/bin/../lib/gcc/arm-none-eabi/6.3.1/../../../../arm-none-eabi/lib/thumb/v7-m\libc.a(lib_a-readr.o)
 .ARM.attributes
                0x00000bde       0x2d c:/program files (x86)/atmel/studio/7.0/toolchain/arm/arm-gnu-toolchain/bin/../lib/gcc/arm-none-eabi/6.3.1/../../../../arm-none-eabi/lib/thumb/v7-m\libc.a(lib_a-reent.o)
 .ARM.attributes
                0x00000c0b       0x1d c:/program files (x86)/atmel/studio/7.0/toolchain/arm/arm-gnu-toolchain/bin/../lib/gcc/arm-none-eabi/6.3.1/thumb/v7-m\libgcc.a(_aeabi_uldivmod.o)
 .ARM.attributes
                0x00000c28       0x2d c:/program files (x86)/atmel/studio/7.0/toolchain/arm/arm-gnu-toolchain/bin/../lib/gcc/arm-none-eabi/6.3.1/thumb/v7-m\libgcc.a(_udivmoddi4.o)
 .ARM.attributes
                0x00000c55       0x1d c:/program files (x86)/atmel/studio/7.0/toolchain/arm/arm-gnu-toolchain/bin/../lib/gcc/arm-none-eabi/6.3.1/thumb/v7-m\libgcc.a(_dvmd_tls.o)
 .ARM.attributes
                0x00000c72       0x1d c:/program files (x86)/atmel/studio/7.0/toolchain/arm/arm-gnu-toolchain/bin/../lib/gcc/arm-none-eabi/6.3.1/thumb/v7-m/crtn.o

.comment        0x00000000       0x59
 .comment       0x00000000       0x59 src/ASF/common/utils/stdio/read.o
                                 0x5a (size before relaxing)
 .comment       0x00000059       0x5a src/ASF/sam/drivers/usart/usart.o
 .comment       0x00000059       0x5a src/ASF/thirdparty/wireless/addons/sio2host/uart/sio2host.o
 .comment       0x00000059       0x5a src/digitalIO.o
 .comment       0x00000059       0x5a unity/unity.o
 .comment       0x00000059       0x5a src/ASF/common/utils/stdio/write.o
 .comment       0x00000059       0x5a src/ASF/common/services/serial/usart_serial.o
 .comment       0x00000059       0x5a src/ASF/sam/drivers/uart/uart.o
 .comment       0x00000059       0x5a test/test_digitalIO.o
 .comment       0x00000059       0x5a test/main.o
 .comment       0x00000059       0x5a src/ASF/common/services/clock/sam3x/sysclk.o
 .comment       0x00000059       0x5a src/ASF/common/utils/interrupt/interrupt_sam_nvic.o
 .comment       0x00000059       0x5a src/ASF/sam/boards/arduino_due_x/init.o
 .comment       0x00000059       0x5a src/ASF/sam/drivers/pio/pio.o
 .comment       0x00000059       0x5a src/ASF/sam/drivers/pio/pio_handler.o
 .comment       0x00000059       0x5a src/ASF/sam/drivers/pmc/pmc.o
 .comment       0x00000059       0x5a src/ASF/sam/utils/cmsis/sam3x/source/templates/exceptions.o
 .comment       0x00000059       0x5a src/ASF/sam/utils/cmsis/sam3x/source/templates/gcc/startup_sam3x.o
 .comment       0x00000059       0x5a src/ASF/sam/utils/cmsis/sam3x/source/templates/system_sam3x.o
 .comment       0x00000059       0x5a src/ASF/sam/utils/syscalls/gcc/syscalls.o

.debug_info     0x00000000    0x18877
 .debug_info    0x00000000      0xac9 src/ASF/common/utils/stdio/read.o
 .debug_info    0x00000ac9     0x24e6 src/ASF/sam/drivers/usart/usart.o
 .debug_info    0x00002faf     0x19a2 src/ASF/thirdparty/wireless/addons/sio2host/uart/sio2host.o
 .debug_info    0x00004951      0xb5e src/digitalIO.o
 .debug_info    0x000054af     0x2f1f unity/unity.o
 .debug_info    0x000083ce      0xac6 src/ASF/common/utils/stdio/write.o
 .debug_info    0x00008e94     0x113c src/ASF/common/services/serial/usart_serial.o
 .debug_info    0x00009fd0     0x119e src/ASF/sam/drivers/uart/uart.o
 .debug_info    0x0000b16e     0x123a test/test_digitalIO.o
 .debug_info    0x0000c3a8     0x16fc test/main.o
 .debug_info    0x0000daa4     0x11ad src/ASF/common/services/clock/sam3x/sysclk.o
 .debug_info    0x0000ec51      0xb01 src/ASF/common/utils/interrupt/interrupt_sam_nvic.o
 .debug_info    0x0000f752     0x108a src/ASF/sam/boards/arduino_due_x/init.o
 .debug_info    0x000107dc     0x1c61 src/ASF/sam/drivers/pio/pio.o
 .debug_info    0x0001243d     0x17b0 src/ASF/sam/drivers/pio/pio_handler.o
 .debug_info    0x00013bed     0x1995 src/ASF/sam/drivers/pmc/pmc.o
 .debug_info    0x00015582      0xa39 src/ASF/sam/utils/cmsis/sam3x/source/templates/exceptions.o
 .debug_info    0x00015fbb      0xd1b src/ASF/sam/utils/cmsis/sam3x/source/templates/gcc/startup_sam3x.o
 .debug_info    0x00016cd6      0xdc2 src/ASF/sam/utils/cmsis/sam3x/source/templates/system_sam3x.o
 .debug_info    0x00017a98      0xddf src/ASF/sam/utils/syscalls/gcc/syscalls.o

.debug_abbrev   0x00000000     0x3640
 .debug_abbrev  0x00000000      0x1fe src/ASF/common/utils/stdio/read.o
 .debug_abbrev  0x000001fe      0x3bd src/ASF/sam/drivers/usart/usart.o
 .debug_abbrev  0x000005bb      0x3ea src/ASF/thirdparty/wireless/addons/sio2host/uart/sio2host.o
 .debug_abbrev  0x000009a5      0x1f9 src/digitalIO.o
 .debug_abbrev  0x00000b9e      0x428 unity/unity.o
 .debug_abbrev  0x00000fc6      0x1e9 src/ASF/common/utils/stdio/write.o
 .debug_abbrev  0x000011af      0x2b1 src/ASF/common/services/serial/usart_serial.o
 .debug_abbrev  0x00001460      0x288 src/ASF/sam/drivers/uart/uart.o
 .debug_abbrev  0x000016e8      0x26b test/test_digitalIO.o
 .debug_abbrev  0x00001953      0x374 test/main.o
 .debug_abbrev  0x00001cc7      0x330 src/ASF/common/services/clock/sam3x/sysclk.o
 .debug_abbrev  0x00001ff7      0x212 src/ASF/common/utils/interrupt/interrupt_sam_nvic.o
 .debug_abbrev  0x00002209      0x262 src/ASF/sam/boards/arduino_due_x/init.o
 .debug_abbrev  0x0000246b      0x3c7 src/ASF/sam/drivers/pio/pio.o
 .debug_abbrev  0x00002832      0x31a src/ASF/sam/drivers/pio/pio_handler.o
 .debug_abbrev  0x00002b4c      0x306 src/ASF/sam/drivers/pmc/pmc.o
 .debug_abbrev  0x00002e52      0x1a4 src/ASF/sam/utils/cmsis/sam3x/source/templates/exceptions.o
 .debug_abbrev  0x00002ff6      0x1f2 src/ASF/sam/utils/cmsis/sam3x/source/templates/gcc/startup_sam3x.o
 .debug_abbrev  0x000031e8      0x1f4 src/ASF/sam/utils/cmsis/sam3x/source/templates/system_sam3x.o
 .debug_abbrev  0x000033dc      0x264 src/ASF/sam/utils/syscalls/gcc/syscalls.o

.debug_loc      0x00000000     0x69d3
 .debug_loc     0x00000000       0xb3 src/ASF/common/utils/stdio/read.o
 .debug_loc     0x000000b3     0x1062 src/ASF/sam/drivers/usart/usart.o
 .debug_loc     0x00001115      0x5b0 src/ASF/thirdparty/wireless/addons/sio2host/uart/sio2host.o
 .debug_loc     0x000016c5     0x2942 unity/unity.o
 .debug_loc     0x00004007      0x12b src/ASF/common/utils/stdio/write.o
 .debug_loc     0x00004132      0x2a7 src/ASF/common/services/serial/usart_serial.o
 .debug_loc     0x000043d9      0x241 src/ASF/sam/drivers/uart/uart.o
 .debug_loc     0x0000461a      0x1f8 test/test_digitalIO.o
 .debug_loc     0x00004812      0x33e test/main.o
 .debug_loc     0x00004b50      0x183 src/ASF/common/services/clock/sam3x/sysclk.o
 .debug_loc     0x00004cd3       0x70 src/ASF/sam/boards/arduino_due_x/init.o
 .debug_loc     0x00004d43      0xacc src/ASF/sam/drivers/pio/pio.o
 .debug_loc     0x0000580f      0x525 src/ASF/sam/drivers/pio/pio_handler.o
 .debug_loc     0x00005d34      0xaeb src/ASF/sam/drivers/pmc/pmc.o
 .debug_loc     0x0000681f       0x6b src/ASF/sam/utils/cmsis/sam3x/source/templates/gcc/startup_sam3x.o
 .debug_loc     0x0000688a      0x149 src/ASF/sam/utils/syscalls/gcc/syscalls.o

.debug_aranges  0x00000000      0xb38
 .debug_aranges
                0x00000000       0x20 src/ASF/common/utils/stdio/read.o
 .debug_aranges
                0x00000020      0x2a8 src/ASF/sam/drivers/usart/usart.o
 .debug_aranges
                0x000002c8       0x60 src/ASF/thirdparty/wireless/addons/sio2host/uart/sio2host.o
 .debug_aranges
                0x00000328       0x28 src/digitalIO.o
 .debug_aranges
                0x00000350      0x118 unity/unity.o
 .debug_aranges
                0x00000468       0x20 src/ASF/common/utils/stdio/write.o
 .debug_aranges
                0x00000488       0x28 src/ASF/common/services/serial/usart_serial.o
 .debug_aranges
                0x000004b0       0xe8 src/ASF/sam/drivers/uart/uart.o
 .debug_aranges
                0x00000598       0x78 test/test_digitalIO.o
 .debug_aranges
                0x00000610       0x30 test/main.o
 .debug_aranges
                0x00000640       0x40 src/ASF/common/services/clock/sam3x/sysclk.o
 .debug_aranges
                0x00000680       0x28 src/ASF/common/utils/interrupt/interrupt_sam_nvic.o
 .debug_aranges
                0x000006a8       0x20 src/ASF/sam/boards/arduino_due_x/init.o
 .debug_aranges
                0x000006c8      0x148 src/ASF/sam/drivers/pio/pio.o
 .debug_aranges
                0x00000810       0x58 src/ASF/sam/drivers/pio/pio_handler.o
 .debug_aranges
                0x00000868      0x200 src/ASF/sam/drivers/pmc/pmc.o
 .debug_aranges
                0x00000a68       0x20 src/ASF/sam/utils/cmsis/sam3x/source/templates/exceptions.o
 .debug_aranges
                0x00000a88       0x20 src/ASF/sam/utils/cmsis/sam3x/source/templates/gcc/startup_sam3x.o
 .debug_aranges
                0x00000aa8       0x30 src/ASF/sam/utils/cmsis/sam3x/source/templates/system_sam3x.o
 .debug_aranges
                0x00000ad8       0x60 src/ASF/sam/utils/syscalls/gcc/syscalls.o

.debug_ranges   0x00000000      0xc98
 .debug_ranges  0x00000000       0x10 src/ASF/common/utils/stdio/read.o
 .debug_ranges  0x00000010      0x298 src/ASF/sam/drivers/usart/usart.o
 .debug_ranges  0x000002a8       0x50 src/ASF/thirdparty/wireless/addons/sio2host/uart/sio2host.o
 .debug_ranges  0x000002f8       0x18 src/digitalIO.o
 .debug_ranges  0x00000310      0x348 unity/unity.o
 .debug_ranges  0x00000658       0x10 src/ASF/common/utils/stdio/write.o
 .debug_ranges  0x00000668       0x48 src/ASF/common/services/serial/usart_serial.o
 .debug_ranges  0x000006b0       0xd8 src/ASF/sam/drivers/uart/uart.o
 .debug_ranges  0x00000788       0x68 test/test_digitalIO.o
 .debug_ranges  0x000007f0       0x20 test/main.o
 .debug_ranges  0x00000810       0x30 src/ASF/common/services/clock/sam3x/sysclk.o
 .debug_ranges  0x00000840       0x18 src/ASF/common/utils/interrupt/interrupt_sam_nvic.o
 .debug_ranges  0x00000858       0x10 src/ASF/sam/boards/arduino_due_x/init.o
 .debug_ranges  0x00000868      0x150 src/ASF/sam/drivers/pio/pio.o
 .debug_ranges  0x000009b8       0x60 src/ASF/sam/drivers/pio/pio_handler.o
 .debug_ranges  0x00000a18      0x1f0 src/ASF/sam/drivers/pmc/pmc.o
 .debug_ranges  0x00000c08       0x10 src/ASF/sam/utils/cmsis/sam3x/source/templates/exceptions.o
 .debug_ranges  0x00000c18       0x10 src/ASF/sam/utils/cmsis/sam3x/source/templates/gcc/startup_sam3x.o
 .debug_ranges  0x00000c28       0x20 src/ASF/sam/utils/cmsis/sam3x/source/templates/system_sam3x.o
 .debug_ranges  0x00000c48       0x50 src/ASF/sam/utils/syscalls/gcc/syscalls.o

.debug_macro    0x00000000    0x1ab46
 .debug_macro   0x00000000      0x550 src/ASF/common/utils/stdio/read.o
 .debug_macro   0x00000550      0x8ce src/ASF/common/utils/stdio/read.o
 .debug_macro   0x00000e1e      0x16d src/ASF/common/utils/stdio/read.o
 .debug_macro   0x00000f8b      0x517 src/ASF/common/utils/stdio/read.o
 .debug_macro   0x000014a2       0x76 src/ASF/common/utils/stdio/read.o
 .debug_macro   0x00001518       0x16 src/ASF/common/utils/stdio/read.o
 .debug_macro   0x0000152e      0x6e4 src/ASF/common/utils/stdio/read.o
 .debug_macro   0x00001c12       0x22 src/ASF/common/utils/stdio/read.o
 .debug_macro   0x00001c34       0x87 src/ASF/common/utils/stdio/read.o
 .debug_macro   0x00001cbb       0x51 src/ASF/common/utils/stdio/read.o
 .debug_macro   0x00001d0c       0xef src/ASF/common/utils/stdio/read.o
 .debug_macro   0x00001dfb       0x6a src/ASF/common/utils/stdio/read.o
 .debug_macro   0x00001e65      0x1df src/ASF/common/utils/stdio/read.o
 .debug_macro   0x00002044       0x20 src/ASF/common/utils/stdio/read.o
 .debug_macro   0x00002064       0x3a src/ASF/common/utils/stdio/read.o
 .debug_macro   0x0000209e       0x2d src/ASF/common/utils/stdio/read.o
 .debug_macro   0x000020cb      0xbb1 src/ASF/common/utils/stdio/read.o
 .debug_macro   0x00002c7c      0xab6 src/ASF/common/utils/stdio/read.o
 .debug_macro   0x00003732      0x569 src/ASF/common/utils/stdio/read.o
 .debug_macro   0x00003c9b      0x2b5 src/ASF/common/utils/stdio/read.o
 .debug_macro   0x00003f50      0x31a src/ASF/common/utils/stdio/read.o
 .debug_macro   0x0000426a      0x74f src/ASF/common/utils/stdio/read.o
 .debug_macro   0x000049b9       0x82 src/ASF/common/utils/stdio/read.o
 .debug_macro   0x00004a3b      0x57b src/ASF/common/utils/stdio/read.o
 .debug_macro   0x00004fb6       0x1c src/ASF/common/utils/stdio/read.o
 .debug_macro   0x00004fd2      0x6b7 src/ASF/common/utils/stdio/read.o
 .debug_macro   0x00005689      0x52d src/ASF/common/utils/stdio/read.o
 .debug_macro   0x00005bb6       0xbe src/ASF/common/utils/stdio/read.o
 .debug_macro   0x00005c74     0x2342 src/ASF/common/utils/stdio/read.o
 .debug_macro   0x00007fb6      0x85d src/ASF/common/utils/stdio/read.o
 .debug_macro   0x00008813      0xdc9 src/ASF/common/utils/stdio/read.o
 .debug_macro   0x000095dc       0x7c src/ASF/common/utils/stdio/read.o
 .debug_macro   0x00009658      0x263 src/ASF/common/utils/stdio/read.o
 .debug_macro   0x000098bb       0x58 src/ASF/common/utils/stdio/read.o
 .debug_macro   0x00009913      0x9a7 src/ASF/common/utils/stdio/read.o
 .debug_macro   0x0000a2ba      0x248 src/ASF/common/utils/stdio/read.o
 .debug_macro   0x0000a502      0x4df src/ASF/common/utils/stdio/read.o
 .debug_macro   0x0000a9e1      0x6b3 src/ASF/common/utils/stdio/read.o
 .debug_macro   0x0000b094      0x59f src/ASF/common/utils/stdio/read.o
 .debug_macro   0x0000b633       0x46 src/ASF/common/utils/stdio/read.o
 .debug_macro   0x0000b679      0x34d src/ASF/common/utils/stdio/read.o
 .debug_macro   0x0000b9c6      0x28c src/ASF/common/utils/stdio/read.o
 .debug_macro   0x0000bc52     0x14d7 src/ASF/common/utils/stdio/read.o
 .debug_macro   0x0000d129      0x7ba src/ASF/common/utils/stdio/read.o
 .debug_macro   0x0000d8e3       0x76 src/ASF/common/utils/stdio/read.o
 .debug_macro   0x0000d959       0x82 src/ASF/common/utils/stdio/read.o
 .debug_macro   0x0000d9db       0x76 src/ASF/common/utils/stdio/read.o
 .debug_macro   0x0000da51       0x4c src/ASF/common/utils/stdio/read.o
 .debug_macro   0x0000da9d      0x105 src/ASF/common/utils/stdio/read.o
 .debug_macro   0x0000dba2      0x105 src/ASF/common/utils/stdio/read.o
 .debug_macro   0x0000dca7      0x105 src/ASF/common/utils/stdio/read.o
 .debug_macro   0x0000ddac       0x88 src/ASF/common/utils/stdio/read.o
 .debug_macro   0x0000de34       0x88 src/ASF/common/utils/stdio/read.o
 .debug_macro   0x0000debc      0x3b4 src/ASF/common/utils/stdio/read.o
 .debug_macro   0x0000e270       0xb8 src/ASF/common/utils/stdio/read.o
 .debug_macro   0x0000e328       0xb8 src/ASF/common/utils/stdio/read.o
 .debug_macro   0x0000e3e0       0xb8 src/ASF/common/utils/stdio/read.o
 .debug_macro   0x0000e498       0xb8 src/ASF/common/utils/stdio/read.o
 .debug_macro   0x0000e550      0x2b8 src/ASF/common/utils/stdio/read.o
 .debug_macro   0x0000e808      0x125 src/ASF/common/utils/stdio/read.o
 .debug_macro   0x0000e92d      0x225 src/ASF/common/utils/stdio/read.o
 .debug_macro   0x0000eb52      0x225 src/ASF/common/utils/stdio/read.o
 .debug_macro   0x0000ed77       0x2e src/ASF/common/utils/stdio/read.o
 .debug_macro   0x0000eda5       0xac src/ASF/common/utils/stdio/read.o
 .debug_macro   0x0000ee51      0x14d src/ASF/common/utils/stdio/read.o
 .debug_macro   0x0000ef9e       0x7c src/ASF/common/utils/stdio/read.o
 .debug_macro   0x0000f01a      0x205 src/ASF/common/utils/stdio/read.o
 .debug_macro   0x0000f21f       0x64 src/ASF/common/utils/stdio/read.o
 .debug_macro   0x0000f283       0xa6 src/ASF/common/utils/stdio/read.o
 .debug_macro   0x0000f329       0x7c src/ASF/common/utils/stdio/read.o
 .debug_macro   0x0000f3a5       0x16 src/ASF/common/utils/stdio/read.o
 .debug_macro   0x0000f3bb       0x22 src/ASF/common/utils/stdio/read.o
 .debug_macro   0x0000f3dd       0x22 src/ASF/common/utils/stdio/read.o
 .debug_macro   0x0000f3ff      0x115 src/ASF/common/utils/stdio/read.o
 .debug_macro   0x0000f514      0x115 src/ASF/common/utils/stdio/read.o
 .debug_macro   0x0000f629      0x115 src/ASF/common/utils/stdio/read.o
 .debug_macro   0x0000f73e      0x115 src/ASF/common/utils/stdio/read.o
 .debug_macro   0x0000f853       0x1c src/ASF/common/utils/stdio/read.o
 .debug_macro   0x0000f86f       0x2e src/ASF/common/utils/stdio/read.o
 .debug_macro   0x0000f89d       0x22 src/ASF/common/utils/stdio/read.o
 .debug_macro   0x0000f8bf       0x1c src/ASF/common/utils/stdio/read.o
 .debug_macro   0x0000f8db       0x58 src/ASF/common/utils/stdio/read.o
 .debug_macro   0x0000f933       0x10 src/ASF/common/utils/stdio/read.o
 .debug_macro   0x0000f943      0x273 src/ASF/common/utils/stdio/read.o
 .debug_macro   0x0000fbb6      0xd43 src/ASF/common/utils/stdio/read.o
 .debug_macro   0x000108f9      0x131 src/ASF/common/utils/stdio/read.o
 .debug_macro   0x00010a2a       0x58 src/ASF/common/utils/stdio/read.o
 .debug_macro   0x00010a82       0x35 src/ASF/common/utils/stdio/read.o
 .debug_macro   0x00010ab7       0x9c src/ASF/common/utils/stdio/read.o
 .debug_macro   0x00010b53       0x16 src/ASF/common/utils/stdio/read.o
 .debug_macro   0x00010b69       0x35 src/ASF/common/utils/stdio/read.o
 .debug_macro   0x00010b9e      0x353 src/ASF/common/utils/stdio/read.o
 .debug_macro   0x00010ef1       0x10 src/ASF/common/utils/stdio/read.o
 .debug_macro   0x00010f01       0x58 src/ASF/common/utils/stdio/read.o
 .debug_macro   0x00010f59       0x1f src/ASF/common/utils/stdio/read.o
 .debug_macro   0x00010f78       0x43 src/ASF/common/utils/stdio/read.o
 .debug_macro   0x00010fbb       0x20 src/ASF/common/utils/stdio/read.o
 .debug_macro   0x00010fdb      0x187 src/ASF/common/utils/stdio/read.o
 .debug_macro   0x00011162       0x10 src/ASF/common/utils/stdio/read.o
 .debug_macro   0x00011172       0x1c src/ASF/common/utils/stdio/read.o
 .debug_macro   0x0001118e       0x52 src/ASF/common/utils/stdio/read.o
 .debug_macro   0x000111e0       0x40 src/ASF/common/utils/stdio/read.o
 .debug_macro   0x00011220       0x10 src/ASF/common/utils/stdio/read.o
 .debug_macro   0x00011230       0x40 src/ASF/common/utils/stdio/read.o
 .debug_macro   0x00011270       0xd7 src/ASF/common/utils/stdio/read.o
 .debug_macro   0x00011347       0x16 src/ASF/common/utils/stdio/read.o
 .debug_macro   0x0001135d      0x18b src/ASF/common/utils/stdio/read.o
 .debug_macro   0x000114e8       0x22 src/ASF/common/utils/stdio/read.o
 .debug_macro   0x0001150a       0x16 src/ASF/common/utils/stdio/read.o
 .debug_macro   0x00011520       0x16 src/ASF/common/utils/stdio/read.o
 .debug_macro   0x00011536       0x29 src/ASF/common/utils/stdio/read.o
 .debug_macro   0x0001155f       0x6e src/ASF/common/utils/stdio/read.o
 .debug_macro   0x000115cd       0x45 src/ASF/common/utils/stdio/read.o
 .debug_macro   0x00011612      0x3ca src/ASF/common/utils/stdio/read.o
 .debug_macro   0x000119dc      0x59b src/ASF/sam/drivers/usart/usart.o
 .debug_macro   0x00011f77       0x28 src/ASF/sam/drivers/usart/usart.o
 .debug_macro   0x00011f9f      0x68b src/ASF/thirdparty/wireless/addons/sio2host/uart/sio2host.o
 .debug_macro   0x0001262a       0x94 src/ASF/thirdparty/wireless/addons/sio2host/uart/sio2host.o
 .debug_macro   0x000126be       0x40 src/ASF/thirdparty/wireless/addons/sio2host/uart/sio2host.o
 .debug_macro   0x000126fe      0x25d src/ASF/thirdparty/wireless/addons/sio2host/uart/sio2host.o
 .debug_macro   0x0001295b      0x790 src/ASF/thirdparty/wireless/addons/sio2host/uart/sio2host.o
 .debug_macro   0x000130eb       0x34 src/ASF/thirdparty/wireless/addons/sio2host/uart/sio2host.o
 .debug_macro   0x0001311f       0x5e src/ASF/thirdparty/wireless/addons/sio2host/uart/sio2host.o
 .debug_macro   0x0001317d       0x64 src/ASF/thirdparty/wireless/addons/sio2host/uart/sio2host.o
 .debug_macro   0x000131e1       0x5f src/ASF/thirdparty/wireless/addons/sio2host/uart/sio2host.o
 .debug_macro   0x00013240       0x90 src/ASF/thirdparty/wireless/addons/sio2host/uart/sio2host.o
 .debug_macro   0x000132d0       0x6a src/ASF/thirdparty/wireless/addons/sio2host/uart/sio2host.o
 .debug_macro   0x0001333a       0x34 src/ASF/thirdparty/wireless/addons/sio2host/uart/sio2host.o
 .debug_macro   0x0001336e       0x1c src/ASF/thirdparty/wireless/addons/sio2host/uart/sio2host.o
 .debug_macro   0x0001338a       0x2e src/ASF/thirdparty/wireless/addons/sio2host/uart/sio2host.o
 .debug_macro   0x000133b8       0x1c src/ASF/thirdparty/wireless/addons/sio2host/uart/sio2host.o
 .debug_macro   0x000133d4       0x40 src/ASF/thirdparty/wireless/addons/sio2host/uart/sio2host.o
 .debug_macro   0x00013414      0x694 src/digitalIO.o
 .debug_macro   0x00013aa8       0x52 src/digitalIO.o
 .debug_macro   0x00013afa       0x8d src/digitalIO.o
 .debug_macro   0x00013b87       0x57 src/digitalIO.o
 .debug_macro   0x00013bde       0x82 src/digitalIO.o
 .debug_macro   0x00013c60      0x45d src/digitalIO.o
 .debug_macro   0x000140bd       0xfd src/digitalIO.o
 .debug_macro   0x000141ba       0x26 src/digitalIO.o
 .debug_macro   0x000141e0       0xa2 src/digitalIO.o
 .debug_macro   0x00014282      0x227 unity/unity.o
 .debug_macro   0x000144a9       0x10 unity/unity.o
 .debug_macro   0x000144b9       0x25 unity/unity.o
 .debug_macro   0x000144de      0x118 unity/unity.o
 .debug_macro   0x000145f6       0x55 unity/unity.o
 .debug_macro   0x0001464b       0x1c unity/unity.o
 .debug_macro   0x00014667      0x2b2 unity/unity.o
 .debug_macro   0x00014919      0x4a2 unity/unity.o
 .debug_macro   0x00014dbb      0x550 src/ASF/common/utils/stdio/write.o
 .debug_macro   0x0001530b      0x60a src/ASF/common/services/serial/usart_serial.o
 .debug_macro   0x00015915      0x55f src/ASF/sam/drivers/uart/uart.o
 .debug_macro   0x00015e74       0x16 src/ASF/sam/drivers/uart/uart.o
 .debug_macro   0x00015e8a      0x705 test/test_digitalIO.o
 .debug_macro   0x0001658f       0x2b test/test_digitalIO.o
 .debug_macro   0x000165ba      0x303 test/test_digitalIO.o
 .debug_macro   0x000168bd      0x6fd test/main.o
 .debug_macro   0x00016fba       0x97 test/main.o
 .debug_macro   0x00017051       0x86 test/main.o
 .debug_macro   0x000170d7       0x70 test/main.o
 .debug_macro   0x00017147       0x16 test/main.o
 .debug_macro   0x0001715d      0x5d1 src/ASF/common/services/clock/sam3x/sysclk.o
 .debug_macro   0x0001772e      0x257 src/ASF/common/services/clock/sam3x/sysclk.o
 .debug_macro   0x00017985      0x55a src/ASF/common/utils/interrupt/interrupt_sam_nvic.o
 .debug_macro   0x00017edf       0x3f src/ASF/common/utils/interrupt/interrupt_sam_nvic.o
 .debug_macro   0x00017f1e      0x616 src/ASF/sam/boards/arduino_due_x/init.o
 .debug_macro   0x00018534      0x56b src/ASF/sam/drivers/pio/pio.o
 .debug_macro   0x00018a9f       0x8e src/ASF/sam/drivers/pio/pio.o
 .debug_macro   0x00018b2d      0x56f src/ASF/sam/drivers/pio/pio_handler.o
 .debug_macro   0x0001909c      0x565 src/ASF/sam/drivers/pmc/pmc.o
 .debug_macro   0x00019601       0x58 src/ASF/sam/drivers/pmc/pmc.o
 .debug_macro   0x00019659      0x564 src/ASF/sam/utils/cmsis/sam3x/source/templates/exceptions.o
 .debug_macro   0x00019bbd      0x572 src/ASF/sam/utils/cmsis/sam3x/source/templates/gcc/startup_sam3x.o
 .debug_macro   0x0001a12f      0x572 src/ASF/sam/utils/cmsis/sam3x/source/templates/system_sam3x.o
 .debug_macro   0x0001a6a1      0x1d6 src/ASF/sam/utils/syscalls/gcc/syscalls.o
 .debug_macro   0x0001a877       0xf6 src/ASF/sam/utils/syscalls/gcc/syscalls.o
 .debug_macro   0x0001a96d       0x4c src/ASF/sam/utils/syscalls/gcc/syscalls.o
 .debug_macro   0x0001a9b9       0x16 src/ASF/sam/utils/syscalls/gcc/syscalls.o
 .debug_macro   0x0001a9cf       0x10 src/ASF/sam/utils/syscalls/gcc/syscalls.o
 .debug_macro   0x0001a9df       0x10 src/ASF/sam/utils/syscalls/gcc/syscalls.o
 .debug_macro   0x0001a9ef       0x35 src/ASF/sam/utils/syscalls/gcc/syscalls.o
 .debug_macro   0x0001aa24      0x122 src/ASF/sam/utils/syscalls/gcc/syscalls.o

.debug_line     0x00000000    0x1054b
 .debug_line    0x00000000      0xb48 src/ASF/common/utils/stdio/read.o
 .debug_line    0x00000b48     0x1223 src/ASF/sam/drivers/usart/usart.o
 .debug_line    0x00001d6b     0x104d src/ASF/thirdparty/wireless/addons/sio2host/uart/sio2host.o
 .debug_line    0x00002db8      0xebb src/digitalIO.o
 .debug_line    0x00003c73      0xaf2 unity/unity.o
 .debug_line    0x00004765      0xb40 src/ASF/common/utils/stdio/write.o
 .debug_line    0x000052a5      0xd98 src/ASF/common/services/serial/usart_serial.o
 .debug_line    0x0000603d      0xcfb src/ASF/sam/drivers/uart/uart.o
 .debug_line    0x00006d38     0x1080 test/test_digitalIO.o
 .debug_line    0x00007db8     0x1079 test/main.o
 .debug_line    0x00008e31      0xcba src/ASF/common/services/clock/sam3x/sysclk.o
 .debug_line    0x00009aeb      0xb62 src/ASF/common/utils/interrupt/interrupt_sam_nvic.o
 .debug_line    0x0000a64d      0xd4d src/ASF/sam/boards/arduino_due_x/init.o
 .debug_line    0x0000b39a      0xeca src/ASF/sam/drivers/pio/pio.o
 .debug_line    0x0000c264      0xbfd src/ASF/sam/drivers/pio/pio_handler.o
 .debug_line    0x0000ce61     0x10b2 src/ASF/sam/drivers/pmc/pmc.o
 .debug_line    0x0000df13      0xb23 src/ASF/sam/utils/cmsis/sam3x/source/templates/exceptions.o
 .debug_line    0x0000ea36      0xb6c src/ASF/sam/utils/cmsis/sam3x/source/templates/gcc/startup_sam3x.o
 .debug_line    0x0000f5a2      0xb9e src/ASF/sam/utils/cmsis/sam3x/source/templates/system_sam3x.o
 .debug_line    0x00010140      0x40b src/ASF/sam/utils/syscalls/gcc/syscalls.o

.debug_str      0x00000000    0x6dfac
 .debug_str     0x00000000    0x5b5b2 src/ASF/common/utils/stdio/read.o
                              0x5b93d (size before relaxing)
 .debug_str     0x0005b5b2      0xc86 src/ASF/sam/drivers/usart/usart.o
                              0x5c5ba (size before relaxing)
 .debug_str     0x0005c238     0x4e26 src/ASF/thirdparty/wireless/addons/sio2host/uart/sio2host.o
                              0x60a40 (size before relaxing)
 .debug_str     0x0006105e     0x10db src/digitalIO.o
                              0x60f77 (size before relaxing)
 .debug_str     0x00062139     0x9df8 unity/unity.o
                              0x114c6 (size before relaxing)
 .debug_str     0x0006bf31       0x26 src/ASF/common/utils/stdio/write.o
                              0x5b93e (size before relaxing)
 .debug_str     0x0006bf57       0x31 src/ASF/common/services/serial/usart_serial.o
                              0x5f997 (size before relaxing)
 .debug_str     0x0006bf88      0x1ee src/ASF/sam/drivers/uart/uart.o
                              0x5bd09 (size before relaxing)
 .debug_str     0x0006c176      0x1ab test/test_digitalIO.o
                              0x6a6e7 (size before relaxing)
 .debug_str     0x0006c321       0xf5 test/main.o
                              0x6aa20 (size before relaxing)
 .debug_str     0x0006c416      0x376 src/ASF/common/services/clock/sam3x/sysclk.o
                              0x5f87e (size before relaxing)
 .debug_str     0x0006c78c       0x73 src/ASF/common/utils/interrupt/interrupt_sam_nvic.o
                              0x5b994 (size before relaxing)
 .debug_str     0x0006c7ff      0x244 src/ASF/sam/boards/arduino_due_x/init.o
                              0x5ff60 (size before relaxing)
 .debug_str     0x0006ca43      0x408 src/ASF/sam/drivers/pio/pio.o
                              0x5c2e8 (size before relaxing)
 .debug_str     0x0006ce4b      0x1bf src/ASF/sam/drivers/pio/pio_handler.o
                              0x5c3e1 (size before relaxing)
 .debug_str     0x0006d00a      0x578 src/ASF/sam/drivers/pmc/pmc.o
                              0x5c35e (size before relaxing)
 .debug_str     0x0006d582       0x4d src/ASF/sam/utils/cmsis/sam3x/source/templates/exceptions.o
                              0x5b95d (size before relaxing)
 .debug_str     0x0006d5cf       0xd4 src/ASF/sam/utils/cmsis/sam3x/source/templates/gcc/startup_sam3x.o
                              0x5ba59 (size before relaxing)
 .debug_str     0x0006d6a3      0x195 src/ASF/sam/utils/cmsis/sam3x/source/templates/system_sam3x.o
                              0x5bc35 (size before relaxing)
 .debug_str     0x0006d838      0x774 src/ASF/sam/utils/syscalls/gcc/syscalls.o
                               0x742f (size before relaxing)

.debug_frame    0x00000000     0x26cc
 .debug_frame   0x00000000       0x30 src/ASF/common/utils/stdio/read.o
 .debug_frame   0x00000030      0x5cc src/ASF/sam/drivers/usart/usart.o
 .debug_frame   0x000005fc      0x134 src/ASF/thirdparty/wireless/addons/sio2host/uart/sio2host.o
 .debug_frame   0x00000730       0x30 src/digitalIO.o
 .debug_frame   0x00000760      0x3d8 unity/unity.o
 .debug_frame   0x00000b38       0x48 src/ASF/common/utils/stdio/write.o
 .debug_frame   0x00000b80       0x80 src/ASF/common/services/serial/usart_serial.o
 .debug_frame   0x00000c00      0x1bc src/ASF/sam/drivers/uart/uart.o
 .debug_frame   0x00000dbc      0x160 test/test_digitalIO.o
 .debug_frame   0x00000f1c       0x6c test/main.o
 .debug_frame   0x00000f88       0x88 src/ASF/common/services/clock/sam3x/sysclk.o
 .debug_frame   0x00001010       0x30 src/ASF/common/utils/interrupt/interrupt_sam_nvic.o
 .debug_frame   0x00001040       0x28 src/ASF/sam/boards/arduino_due_x/init.o
 .debug_frame   0x00001068      0x2b8 src/ASF/sam/drivers/pio/pio.o
 .debug_frame   0x00001320       0xf8 src/ASF/sam/drivers/pio/pio_handler.o
 .debug_frame   0x00001418      0x3ec src/ASF/sam/drivers/pmc/pmc.o
 .debug_frame   0x00001804       0x20 src/ASF/sam/utils/cmsis/sam3x/source/templates/exceptions.o
 .debug_frame   0x00001824       0x28 src/ASF/sam/utils/cmsis/sam3x/source/templates/gcc/startup_sam3x.o
 .debug_frame   0x0000184c       0x40 src/ASF/sam/utils/cmsis/sam3x/source/templates/system_sam3x.o
 .debug_frame   0x0000188c       0xa8 src/ASF/sam/utils/syscalls/gcc/syscalls.o
 .debug_frame   0x00001934       0x2c c:/program files (x86)/atmel/studio/7.0/toolchain/arm/arm-gnu-toolchain/bin/../lib/gcc/arm-none-eabi/6.3.1/../../../../arm-none-eabi/lib/thumb/v7-m\libc.a(lib_a-init.o)
 .debug_frame   0x00001960       0x78 c:/program files (x86)/atmel/studio/7.0/toolchain/arm/arm-gnu-toolchain/bin/../lib/gcc/arm-none-eabi/6.3.1/../../../../arm-none-eabi/lib/thumb/v7-m\libc.a(lib_a-iprintf.o)
 .debug_frame   0x000019d8       0x34 c:/program files (x86)/atmel/studio/7.0/toolchain/arm/arm-gnu-toolchain/bin/../lib/gcc/arm-none-eabi/6.3.1/../../../../arm-none-eabi/lib/thumb/v7-m\libc.a(lib_a-memset.o)
 .debug_frame   0x00001a0c       0x20 c:/program files (x86)/atmel/studio/7.0/toolchain/arm/arm-gnu-toolchain/bin/../lib/gcc/arm-none-eabi/6.3.1/../../../../arm-none-eabi/lib/thumb/v7-m\libc.a(lib_a-setbuf.o)
 .debug_frame   0x00001a2c       0x48 c:/program files (x86)/atmel/studio/7.0/toolchain/arm/arm-gnu-toolchain/bin/../lib/gcc/arm-none-eabi/6.3.1/../../../../arm-none-eabi/lib/thumb/v7-m\libc.a(lib_a-setvbuf.o)
 .debug_frame   0x00001a74       0xd8 c:/program files (x86)/atmel/studio/7.0/toolchain/arm/arm-gnu-toolchain/bin/../lib/gcc/arm-none-eabi/6.3.1/../../../../arm-none-eabi/lib/thumb/v7-m\libc.a(lib_a-vfiprintf.o)
 .debug_frame   0x00001b4c       0x40 c:/program files (x86)/atmel/studio/7.0/toolchain/arm/arm-gnu-toolchain/bin/../lib/gcc/arm-none-eabi/6.3.1/../../../../arm-none-eabi/lib/thumb/v7-m\libc.a(lib_a-wbuf.o)
 .debug_frame   0x00001b8c       0x2c c:/program files (x86)/atmel/studio/7.0/toolchain/arm/arm-gnu-toolchain/bin/../lib/gcc/arm-none-eabi/6.3.1/../../../../arm-none-eabi/lib/thumb/v7-m\libc.a(lib_a-wsetup.o)
 .debug_frame   0x00001bb8       0x5c c:/program files (x86)/atmel/studio/7.0/toolchain/arm/arm-gnu-toolchain/bin/../lib/gcc/arm-none-eabi/6.3.1/../../../../arm-none-eabi/lib/thumb/v7-m\libc.a(lib_a-__call_atexit.o)
 .debug_frame   0x00001c14       0x20 c:/program files (x86)/atmel/studio/7.0/toolchain/arm/arm-gnu-toolchain/bin/../lib/gcc/arm-none-eabi/6.3.1/../../../../arm-none-eabi/lib/thumb/v7-m\libc.a(lib_a-atexit.o)
 .debug_frame   0x00001c34       0x5c c:/program files (x86)/atmel/studio/7.0/toolchain/arm/arm-gnu-toolchain/bin/../lib/gcc/arm-none-eabi/6.3.1/../../../../arm-none-eabi/lib/thumb/v7-m\libc.a(lib_a-fflush.o)
 .debug_frame   0x00001c90      0x150 c:/program files (x86)/atmel/studio/7.0/toolchain/arm/arm-gnu-toolchain/bin/../lib/gcc/arm-none-eabi/6.3.1/../../../../arm-none-eabi/lib/thumb/v7-m\libc.a(lib_a-findfp.o)
 .debug_frame   0x00001de0       0x34 c:/program files (x86)/atmel/studio/7.0/toolchain/arm/arm-gnu-toolchain/bin/../lib/gcc/arm-none-eabi/6.3.1/../../../../arm-none-eabi/lib/thumb/v7-m\libc.a(lib_a-fini.o)
 .debug_frame   0x00001e14       0x90 c:/program files (x86)/atmel/studio/7.0/toolchain/arm/arm-gnu-toolchain/bin/../lib/gcc/arm-none-eabi/6.3.1/../../../../arm-none-eabi/lib/thumb/v7-m\libc.a(lib_a-fputwc.o)